Crackers snack con sesamo (tipo MixBowl) → OFF 8001120786111 ... OK (Crackers con riso farro e sesamo)
Pretzels/grissini salati industriali → OFF 8008620009207 ... OK (Cracker salati)
Merendina tipo Crostatina/Merenda (Mulino B.) → OFF 8009890011495 ... OK (Crostatina alla ciliegia)
Torta confezionata al cioccolato (tipo Sacher) → OFF 8003000186400 ... OK (Torta al cacao)
Brioche industriale (brioches confezionate) → OFF 3560070343348 ... OK (Brioche)
Croissant/cornetto industriale → OFF 5201360581252 ... OK (7days)
Gelato Magnum (cioccolato, stima per 100g) → OFF 8711327610262 ... OK (Magnum Pistacchio)
Succo di frutta industriale (brick) → OFF 8003170037588 ... OK (succo di frutta gusto esotico)
Lasagne industriali surgelate → OFF 4000915029246 ... OK (Bio Verde)
Hot dog industriale con panino → OFF 1802955070003 ... OK (Hot Dog)
Cotoletta impanata surgelata → OFF 8006473906117 ... OK (Cotoletta classica)
Cono gelato industriale (tipo Cornetto) → OFF 8411462007513 ... ERRORE: OFF non-JSON: <html>
<head><title>429 Too Many Requests</title></head>
<body>
<center><h1>429 Too Many Requests</h1></center>
<hr><center>nginx</center>
</body>
</html>

Merendina Kinder Fetta al Latte → OFF 6111031005293 ... ERRORE: OFF non-JSON: <html>
<head><title>429 Too Many Requests</title></head>
<body>
<center><h1>429 Too Many Requests</h1></center>
<hr><center>nginx</center>
</body>
</html>

Cheesecake industriale porzione 100g → OFF 5057373085498 ... ERRORE: OFF non-JSON: <html>
<head><title>429 Too Many Requests</title></head>
<body>
<center><h1>429 Too Many Requests</h1></center>
<hr><center>nginx</center>
</body>
</html>

Muffin industriale ai mirtilli → OFF 5000169496183 ... ERRORE: OFF non-JSON: <html>
<head><title>429 Too Many Requests</title></head>
<body>
<center><h1>429 Too Many Requests</h1></center>
<hr><center>nginx</center>
</body>
</html>

Gianduiotto cioccolatino → OFF 8006380233252 ... ERRORE: OFF non-JSON: <html>
<head><title>429 Too Many Requests</title></head>
<body>
<center><h1>429 Too Many Requests</h1></center>
<hr><center>nginx</center>
</body>
</html>

Popcorn caramellato confezionato → OFF 4014400925319 ... ERRORE: OFF non-JSON: <html>
<head><title>429 Too Many Requests</title></head>
<body>
<center><h1>429 Too Many Requests</h1></center>
<hr><center>nginx</center>
</body>
</html>

Ciambelline salate al rosmarino → OFF 8055965082570 ... ERRORE: OFF non-JSON: <html>
<head><title>429 Too Many Requests</title></head>
<body>
<center><h1>429 Too Many Requests</h1></center>
<hr><center>nginx</center>
</body>
</html>

Pasta al pomodoro in vasetto pronta → OFF 7350027521358 ... ERRORE: OFF non-JSON: <html>
<head><title>429 Too Many Requests</title></head>
<body>
<center><h1>429 Too Many Requests</h1></center>
<hr><center>nginx</center>
</body>
</html>

Ragù industriale in vasetto → OFF 8076809584647 ... ERRORE: OFF non-JSON: <html>
<head><title>429 Too Many Requests</title></head>
<body>
<center><h1>429 Too Many Requests</h1></center>
<hr><center>nginx</center>
</body>
</html>

Bevanda alla soia zuccherata → OFF 8017596126467 ... ERRORE: OFF non-JSON: <html>
<head><title>429 Too Many Requests</title></head>
<body>
<center><h1>429 Too Many Requests</h1></center>
<hr><center>nginx</center>
</body>
</html>

Sottilette fette di formaggio → OFF 8058269589073 ... ERRORE: OFF non-JSON: <html>
<head><title>429 Too Many Requests</title></head>
<body>
<center><h1>429 Too Many Requests</h1></center>
<hr><center>nginx</center>
</body>
</html>

Porridge industriale confezionato → OFF 5099801003018 ... ERRORE: OFF non-JSON: <html>
<head><title>429 Too Many Requests</title></head>
<body>
<center><h1>429 Too Many Requests</h1></center>
<hr><center>nginx</center>
</body>
</html>

Focaccia industriale confezionata → OFF 4056489856177 ... ERRORE: OFF non-JSON: <html>
<head><title>429 Too Many Requests</title></head>
<body>
<center><h1>429 Too Many Requests</h1></center>
<hr><center>nginx</center>
</body>
</html>


Applicate 11, fallite 13.
