Cotechino (precotto in busta) → OFF 8004225057001 ... OK (Cotechino Modena)
Burger vegetale Beyond Meat (per 100g) → OFF 1230000068055 ... OK (Beyond burger)
Burger vegetale Impossible Burger (per 100g) → OFF 0816697021002 ... OK (Impossible Ground Beef)
Nuggets di soia (plant-based) → OFF 44353367 ... OK (Nuggets di soia)
Latte di soia industriale (Alpro originale) → OFF 8012666045341 ... OK (Drink Soia)
Formaggio vegano a base cocco (tipo Violife) → OFF 4056489244301 ... OK (Formaggio vegano)
Panna vegetale (soia/cocco, tipo Soy Whip) → OFF 8000005037713 ... OK (Panna vegetale)
Yogurt al caffè Müller Corner (per 100g) → OFF 4025500242213 ... OK (Müller corner)
Paella surgelata pronta (per 100g) → OFF 80445111 ... OK (Linea primo sale)
Lasagne surgelate al ragù (per 100g) → OFF 4099200874494 ... OK (Lasagne al Ragù)
Hot dog (würstel in pane, per 100g) → OFF 4007683161215 ... OK (Poppenburger Hot Dog Pure Beef)
Crema spalmabile nocciole e cioccolato Nutella (per 100g) → OFF 8001860210020 ... ERRORE: OFF non-JSON: <html>
<head><title>429 Too Many Requests</title></head>
<body>
<center><h1>429 Too Many Requests</h1></center>
<hr><center>nginx</center>
</body>
</html>

Crostata industriale alla marmellata (per 100g) → OFF 2120140010764 ... ERRORE: OFF non-JSON: <html>
<head><title>429 Too Many Requests</title></head>
<body>
<center><h1>429 Too Many Requests</h1></center>
<hr><center>nginx</center>
</body>
</html>

Plasmon biscotti per bambini (per 100g) → OFF 0725570000112 ... ERRORE: OFF non-JSON: <html>
<head><title>429 Too Many Requests</title></head>
<body>
<center><h1>429 Too Many Requests</h1></center>
<hr><center>nginx</center>
</body>
</html>

San Benedetto Ice Tea pesca (per 100mL) → OFF 8001620002988 ... ERRORE: OFF non-JSON: <html>
<head><title>429 Too Many Requests</title></head>
<body>
<center><h1>429 Too Many Requests</h1></center>
<hr><center>nginx</center>
</body>
</html>

Succo Yoga pesca (brick 200mL, per 100mL) → OFF 8001440136191 ... ERRORE: OFF non-JSON: <html>
<head><title>429 Too Many Requests</title></head>
<body>
<center><h1>429 Too Many Requests</h1></center>
<hr><center>nginx</center>
</body>
</html>

Buitoni pasta ripiena ricotta (per 100g) → OFF 0688267562266 ... ERRORE: OFF non-JSON: <html>
<head><title>429 Too Many Requests</title></head>
<body>
<center><h1>429 Too Many Requests</h1></center>
<hr><center>nginx</center>
</body>
</html>

Plasmon Omogeneizzato frutta mela-pera (per 100g) → OFF 8003170068292 ... ERRORE: OFF non-JSON: <html>
<head><title>429 Too Many Requests</title></head>
<body>
<center><h1>429 Too Many Requests</h1></center>
<hr><center>nginx</center>
</body>
</html>


Applicate 11, fallite 7.
