Risotto ai funghi pronto in busta → OFF 8058697450020 ... OK (Gran Risotto ai Funghi Porcini)
Pollo al curry pronto in vaschetta → OFF 8014741937190 ... OK (Pollo al curry)
Kebab in pita industriale → OFF 7623186242632 ... OK (Pita Kebab)
Spring roll / Rotoli primavera surgelati → OFF 6901017681012 ... OK (Mini Loempia’s vegetarich)
Succo di melograno zuccherato → OFF 8032523375435 ... OK (Spremuta di melograno)
Hot dog / Würstel in panino → OFF 1802955070003 ... OK (Hot Dog)
Wurstel di pollo e maiale → OFF 8009450008842 ... OK (Wurstel pollo e tacchino)
Salamino piccante tipo pepperoni → OFF 7350027798491 ... OK (Salamino peperoni)
Pancetta affumicata (bacon) → OFF 8007660482100 ... OK (pancetta affumicata a cubetti)
Prosciutto cotto affumicato industriale → OFF 8004225042984 ... OK (Prosciutto cotto)
Cioccolato al latte confezionato (tipo Milka, 100g) → OFF 8000017101112 ... OK (Cioccolato al latte)
Cereali zuccherati tipo Corn Flakes → OFF 7891000357897 ... ERRORE: OFF non-JSON: <html>
<head><title>429 Too Many Requests</title></head>
<body>
<center><h1>429 Too Many Requests</h1></center>
<hr><center>nginx</center>
</body>
</html>

Bevanda isotonica sportiva tipo Gatorade (per 100mL) → OFF 4056148137913 ... ERRORE: OFF non-JSON: <html>
<head><title>429 Too Many Requests</title></head>
<body>
<center><h1>429 Too Many Requests</h1></center>
<hr><center>nginx</center>
</body>
</html>

Succo di frutta 100% in brick (per 100mL) → OFF 8002330026370 ... ERRORE: OFF non-JSON: <html>
<head><title>429 Too Many Requests</title></head>
<body>
<center><h1>429 Too Many Requests</h1></center>
<hr><center>nginx</center>
</body>
</html>

Farina di cocco disidratata → OFF 8001735006505 ... ERRORE: OFF non-JSON: <html>
<head><title>429 Too Many Requests</title></head>
<body>
<center><h1>429 Too Many Requests</h1></center>
<hr><center>nginx</center>
</body>
</html>

Quark proteico 0% grassi → OFF 20577339 ... ERRORE: OFF non-JSON: <html>
<head><title>429 Too Many Requests</title></head>
<body>
<center><h1>429 Too Many Requests</h1></center>
<hr><center>nginx</center>
</body>
</html>

Subway Veggie Delite (sandwich 6", per 100g) → OFF 5999887547119 ... ERRORE: OFF non-JSON: <html>
<head><title>429 Too Many Requests</title></head>
<body>
<center><h1>429 Too Many Requests</h1></center>
<hr><center>nginx</center>
</body>
</html>

Hot dog americano con pane e senape (per 100g) → OFF 1802955070003 ... ERRORE: OFF non-JSON: <html>
<head><title>429 Too Many Requests</title></head>
<body>
<center><h1>429 Too Many Requests</h1></center>
<hr><center>nginx</center>
</body>
</html>

Tramezzino industriale prosciutto/mozzarella → OFF 0820581789558 ... ERRORE: OFF non-JSON: <html>
<head><title>429 Too Many Requests</title></head>
<body>
<center><h1>429 Too Many Requests</h1></center>
<hr><center>nginx</center>
</body>
</html>


Applicate 11, fallite 8.
