Lasagne al forno pronte surgelate → OFF 5010525234113 ... OK (Lasagne Al Forno)
Tortellini freschi prosciutto-formaggio (cotti) → OFF 8001200030844 ... OK (Festaiola Tortellini Al Prosciutto Crudo)
Curry di pollo indiano (pronto) → OFF 4460692698125 ... OK (Pollo curry)
Naan (pane indiano cotto al tandoor) → OFF 5020325130164 ... OK (5 super naan)
Gyoza/Ravioli cinesi al vapore (per pezzo 15g → per 100g) → OFF 3350033675988 ... OK (8 gyoza aux légumes recette japonaise)
Pad Thai con pollo e germogli (pronto) → OFF 3366760045215 ... OK (Pad thai au poulet)
Kimchi coreano (cavolo fermentato piccante) → OFF 8801392062155 ... OK (Sliced Kimchi)
Paella di pollo e gamberi (pronta) → OFF 2034060030873 ... OK (Paella pollo)
Couscous marocchino con verdure (pronto) → OFF 4061463756374 ... OK (Couscous con verdure)
Poke bowl salmone con riso e avocado (per 100g) → OFF 0245536000416 ... OK (Salmon avocado poke bowl)
Baklava al miele e pistacchi → OFF 5205117774409 ... OK (Baklava)
Jamón Serrano spagnolo (magro) → OFF 569005600122002844 ... ERRORE: OFF non-JSON: <html>
<head><title>429 Too Many Requests</title></head>
<body>
<center><h1>429 Too Many Requests</h1></center>
<hr><center>nginx</center>
</body>
</html>

Chorizo piccante spagnolo (a fette) → OFF 8424863006252 ... ERRORE: OFF non-JSON: <html>
<head><title>429 Too Many Requests</title></head>
<body>
<center><h1>429 Too Many Requests</h1></center>
<hr><center>nginx</center>
</body>
</html>


Applicate 11, fallite 2.
