Barretta Snickers Protein (per 100g) → OFF 5000159516211 ... OK (Snickers Protein)
Crackers di riso biologici (per 100g) → OFF 8001860247750 ... OK (Crackers di Riso senza glutine, integrali con Quinoa)
Tahini (crema di sesamo, per 100g) → OFF 5060786580009 ... ERRORE: OFF non-JSON: <html>
<head><title>429 Too Many Requests</title></head>
<body>
<center><h1>429 Too Many Requests</h1></center>
<hr><center>nginx</center>
</body>
</html>

Crema di marmite (per 100g) → OFF 8722700166221 ... ERRORE: OFF non-JSON: <html>
<head><title>429 Too Many Requests</title></head>
<body>
<center><h1>429 Too Many Requests</h1></center>
<hr><center>nginx</center>
</body>
</html>

Crodino analcolico (per 100ml) → OFF 8000845005149 ... ERRORE: OFF non-JSON: <html>
<head><title>429 Too Many Requests</title></head>
<body>
<center><h1>429 Too Many Requests</h1></center>
<hr><center>nginx</center>
</body>
</html>

Straccetti di seitan alla piastra → OFF 8025046006344 ... ERRORE: OFF non-JSON: <html>
<head><title>429 Too Many Requests</title></head>
<body>
<center><h1>429 Too Many Requests</h1></center>
<hr><center>nginx</center>
</body>
</html>

Yogurt di cocco naturale → OFF 8000212031832 ... ERRORE: OFF non-JSON: <html>
<head><title>429 Too Many Requests</title></head>
<body>
<center><h1>429 Too Many Requests</h1></center>
<hr><center>nginx</center>
</body>
</html>

Granola al miele e avena → OFF 8004263695913 ... ERRORE: OFF non-JSON: <html>
<head><title>429 Too Many Requests</title></head>
<body>
<center><h1>429 Too Many Requests</h1></center>
<hr><center>nginx</center>
</body>
</html>

Granola al cioccolato e nocciole → OFF 8052575091992 ... ERRORE: OFF non-JSON: <html>
<head><title>429 Too Many Requests</title></head>
<body>
<center><h1>429 Too Many Requests</h1></center>
<hr><center>nginx</center>
</body>
</html>

Special K cereali dietetici (Kellogg's tipo) → OFF 5000127163195 ... ERRORE: OFF non-JSON: <html>
<head><title>429 Too Many Requests</title></head>
<body>
<center><h1>429 Too Many Requests</h1></center>
<hr><center>nginx</center>
</body>
</html>

All-Bran crusca (Kellogg's tipo) → OFF 9310055122994 ... ERRORE: OFF non-JSON: <html>
<head><title>429 Too Many Requests</title></head>
<body>
<center><h1>429 Too Many Requests</h1></center>
<hr><center>nginx</center>
</body>
</html>

Cereali al cacao soffiati tipo Choco Pops → OFF 5059319024851 ... ERRORE: OFF non-JSON: <html>
<head><title>429 Too Many Requests</title></head>
<body>
<center><h1>429 Too Many Requests</h1></center>
<hr><center>nginx</center>
</body>
</html>

Muesli proteico con semi e frutta → OFF 8001863007375 ... ERRORE: OFF non-JSON: <html>
<head><title>429 Too Many Requests</title></head>
<body>
<center><h1>429 Too Many Requests</h1></center>
<hr><center>nginx</center>
</body>
</html>

Coca-Cola Zero → OFF 8901764112270 ... ERRORE: OFF non-JSON: <html>
<head><title>429 Too Many Requests</title></head>
<body>
<center><h1>429 Too Many Requests</h1></center>
<hr><center>nginx</center>
</body>
</html>

Pepsi Cola → OFF 87156836 ... ERRORE: OFF non-JSON: <html>
<head><title>429 Too Many Requests</title></head>
<body>
<center><h1>429 Too Many Requests</h1></center>
<hr><center>nginx</center>
</body>
</html>

Fanta arancia → OFF 5000112557022 ... ERRORE: OFF non-JSON: <html>
<head><title>429 Too Many Requests</title></head>
<body>
<center><h1>429 Too Many Requests</h1></center>
<hr><center>nginx</center>
</body>
</html>

Acqua tonica → OFF 20081928 ... ERRORE: OFF non-JSON: <html>
<head><title>429 Too Many Requests</title></head>
<body>
<center><h1>429 Too Many Requests</h1></center>
<hr><center>nginx</center>
</body>
</html>

Chinotto San Pellegrino → OFF 8588009011972 ... ERRORE: OFF non-JSON: <html>
<head><title>429 Too Many Requests</title></head>
<body>
<center><h1>429 Too Many Requests</h1></center>
<hr><center>nginx</center>
</body>
</html>

Aranciata San Pellegrino → OFF 8002270816642 ... ERRORE: OFF non-JSON: <html>
<head><title>429 Too Many Requests</title></head>
<body>
<center><h1>429 Too Many Requests</h1></center>
<hr><center>nginx</center>
</body>
</html>

Red Bull energy drink (250ml→per 100ml) → OFF 9002490205973 ... ERRORE: OFF non-JSON: <html>
<head><title>429 Too Many Requests</title></head>
<body>
<center><h1>429 Too Many Requests</h1></center>
<hr><center>nginx</center>
</body>
</html>

Monster Energy Original (per 100ml) → OFF 5060166693732 ... ERRORE: OFF non-JSON: <html>
<head><title>429 Too Many Requests</title></head>
<body>
<center><h1>429 Too Many Requests</h1></center>
<hr><center>nginx</center>
</body>
</html>

Succo ACE multivitaminico (carota-arancia-limone) → OFF 8001440132117 ... ERRORE: OFF non-JSON: <html>
<head><title>429 Too Many Requests</title></head>
<body>
<center><h1>429 Too Many Requests</h1></center>
<hr><center>nginx</center>
</body>
</html>

Nettare di mango (bottiglia) → OFF 4337185620720 ... ERRORE: OFF non-JSON: <html>
<head><title>429 Too Many Requests</title></head>
<body>
<center><h1>429 Too Many Requests</h1></center>
<hr><center>nginx</center>
</body>
</html>

Tè freddo alla pesca industriale (bottiglia) → OFF 8017596005694 ... ERRORE: OFF non-JSON: <html>
<head><title>429 Too Many Requests</title></head>
<body>
<center><h1>429 Too Many Requests</h1></center>
<hr><center>nginx</center>
</body>
</html>

Gatorade arancio (bevanda isotonica, per 100ml) → OFF 0052000044003 ... ERRORE: OFF non-JSON: <html>
<head><title>429 Too Many Requests</title></head>
<body>
<center><h1>429 Too Many Requests</h1></center>
<hr><center>nginx</center>
</body>
</html>

Nutella (crema nocciole e cacao) → OFF 8000500327388 ... ERRORE: OFF non-JSON: <html>
<head><title>429 Too Many Requests</title></head>
<body>
<center><h1>429 Too Many Requests</h1></center>
<hr><center>nginx</center>
</body>
</html>


Applicate 2, fallite 24.
