Burn Energy Drink (250ml) → OFF 5060895747782 ... OK (Burn energy)
Pizza surgelata 4 Stagioni (per 100g) → OFF 3176170279786010005754 ... OK (Pizza 4 stagioni)
Mulino Bianco Cereali Croccanti (per 100g) → OFF 8003170052321 ... OK (Cereali croccanti)
Dolmio sugo pronto al pomodoro (per 100g) → OFF 8032891763087 ... OK (Sugo di pomodoro)
Philadelphia formaggio spalmabile (per 100g) → OFF 8017596070852 ... OK (FORMAGGIO FRESCO SPALMABILE)
Nutella crema nocciola e cacao (per 100g) → OFF 8033055570244 ... OK (Crema nocciola e cacao)
Danone Activia yogurt alla frutta (per 100g) → OFF 4009700037169 ... OK (Danone ACTIVIA® Dinkel & Walnuss 3,5% 4 x 115g = 460g)
Mulino Bianco Macine (per 100g) → OFF 8076809572958 ... OK (Macine)
San Benedetto Ice Tea pesca (per 100ml) → OFF 8001620002988 ... OK (студен чай сан бенедето лимон 2988)
Yomo yogurt alla frutta (per 100g) → OFF 8024370078683 ... OK (Yogurt alla frutta)
Latte di soia arricchito (per 100ml) → OFF 8012666045341 ... OK (Drink Soia)
Saiwa Petit beurre (per 100g) → OFF 4017100372315 ... ERRORE: OFF non-JSON: <html>
<head><title>429 Too Many Requests</title></head>
<body>
<center><h1>429 Too Many Requests</h1></center>
<hr><center>nginx</center>
</body>
</html>

Pavesini Barilla (per 100g) → OFF 8013355000290 ... ERRORE: OFF non-JSON: <html>
<head><title>429 Too Many Requests</title></head>
<body>
<center><h1>429 Too Many Requests</h1></center>
<hr><center>nginx</center>
</body>
</html>

Sughi pronti Barilla al pomodoro (per 100g) → OFF 8034139271545 ... ERRORE: OFF non-JSON: <html>
<head><title>429 Too Many Requests</title></head>
<body>
<center><h1>429 Too Many Requests</h1></center>
<hr><center>nginx</center>
</body>
</html>

Polenta pronta (tubo) (per 100g) → OFF 20632939 ... ERRORE: OFF non-JSON: <html>
<head><title>429 Too Many Requests</title></head>
<body>
<center><h1>429 Too Many Requests</h1></center>
<hr><center>nginx</center>
</body>
</html>

Hamburger di pollo (burger surgelato, per 100g) → OFF 8001120662729 ... ERRORE: OFF non-JSON: <html>
<head><title>429 Too Many Requests</title></head>
<body>
<center><h1>429 Too Many Requests</h1></center>
<hr><center>nginx</center>
</body>
</html>

Cannelloni surgelati ripieni (per 100g) → OFF 26214610 ... ERRORE: OFF non-JSON: <html>
<head><title>429 Too Many Requests</title></head>
<body>
<center><h1>429 Too Many Requests</h1></center>
<hr><center>nginx</center>
</body>
</html>

Doritos Nacho Cheese (per 100g) → OFF 0028400090896 ... ERRORE: OFF non-JSON: <html>
<head><title>429 Too Many Requests</title></head>
<body>
<center><h1>429 Too Many Requests</h1></center>
<hr><center>nginx</center>
</body>
</html>

Pringles Original (per 100g) → OFF 5053990107339 ... ERRORE: OFF non-JSON: <html>
<head><title>429 Too Many Requests</title></head>
<body>
<center><h1>429 Too Many Requests</h1></center>
<hr><center>nginx</center>
</body>
</html>


Applicate 11, fallite 8.
