Pizza margherita (pizzeria, al piatto) → OFF 8008698026090 ... OK (Pizza Margherita)
Pizza margherita surgelata (Buitoni/simile, cruda) → OFF 7613331275004 ... OK (Margherita)
Pizza 4 stagioni (pizzeria) → OFF 3176170279786010005754 ... OK (Pizza 4 stagioni)
Pizza diavola/salame piccante (pizzeria) → OFF 0121969151647 ... OK (Pizza Diavola)
Pizza al taglio bianca (forno, con olio) → OFF 8718907369206 ... OK (Pizza Bianca)
Piadina con prosciutto crudo e squacquerone → OFF 8024370115685 ... OK (Piadina prosciutto crudo e mozzarella)
Hamburger tipo McDonald's Big Mac (per 100g) → OFF 2000000002603 ... OK (Big Mac)
Panino Kebab doner con salsa yogurt → OFF 7052930000776 ... OK (Döner Kyllingkebab)
Hot dog con ketchup e senape → OFF 1802955070003 ... OK (Hot Dog)
Sushi California roll (per pezzo, 25g → per 100g) → OFF 0655778358237 ... OK (Classic California Roll)
Sushi nigiri salmone (per pezzo, 30g → per 100g) → OFF 7033352617100 ... OK (Sushi med laks)
Lasagne al forno pronte surgelate → OFF 5010525234113 ... ERRORE: OFF non-JSON: <html>
<head><title>429 Too Many Requests</title></head>
<body>
<center><h1>429 Too Many Requests</h1></center>
<hr><center>nginx</center>
</body>
</html>

Tortellini freschi prosciutto-formaggio (cotti) → OFF 8001200030844 ... ERRORE: OFF non-JSON: <html>
<head><title>429 Too Many Requests</title></head>
<body>
<center><h1>429 Too Many Requests</h1></center>
<hr><center>nginx</center>
</body>
</html>

Curry di pollo indiano (pronto) → OFF 4460692698125 ... ERRORE: OFF non-JSON: <html>
<head><title>429 Too Many Requests</title></head>
<body>
<center><h1>429 Too Many Requests</h1></center>
<hr><center>nginx</center>
</body>
</html>

Naan (pane indiano cotto al tandoor) → OFF 5020325130164 ... ERRORE: OFF non-JSON: <html>
<head><title>429 Too Many Requests</title></head>
<body>
<center><h1>429 Too Many Requests</h1></center>
<hr><center>nginx</center>
</body>
</html>

Gyoza/Ravioli cinesi al vapore (per pezzo 15g → per 100g) → OFF 3350033675988 ... ERRORE: OFF non-JSON: <html>
<head><title>429 Too Many Requests</title></head>
<body>
<center><h1>429 Too Many Requests</h1></center>
<hr><center>nginx</center>
</body>
</html>

Pad Thai con pollo e germogli (pronto) → OFF 3366760045215 ... ERRORE: OFF non-JSON: <html>
<head><title>429 Too Many Requests</title></head>
<body>
<center><h1>429 Too Many Requests</h1></center>
<hr><center>nginx</center>
</body>
</html>

Kimchi coreano (cavolo fermentato piccante) → OFF 8801392062155 ... ERRORE: OFF non-JSON: <html>
<head><title>429 Too Many Requests</title></head>
<body>
<center><h1>429 Too Many Requests</h1></center>
<hr><center>nginx</center>
</body>
</html>

Paella di pollo e gamberi (pronta) → OFF 2034060030873 ... ERRORE: OFF non-JSON: <html>
<head><title>429 Too Many Requests</title></head>
<body>
<center><h1>429 Too Many Requests</h1></center>
<hr><center>nginx</center>
</body>
</html>

Couscous marocchino con verdure (pronto) → OFF 4061463756374 ... ERRORE: OFF non-JSON: <html>
<head><title>429 Too Many Requests</title></head>
<body>
<center><h1>429 Too Many Requests</h1></center>
<hr><center>nginx</center>
</body>
</html>

Poke bowl salmone con riso e avocado (per 100g) → OFF 0245536000416 ... ERRORE: OFF non-JSON: <html>
<head><title>429 Too Many Requests</title></head>
<body>
<center><h1>429 Too Many Requests</h1></center>
<hr><center>nginx</center>
</body>
</html>

Baklava al miele e pistacchi → OFF 5205117774409 ... ERRORE: OFF non-JSON: <html>
<head><title>429 Too Many Requests</title></head>
<body>
<center><h1>429 Too Many Requests</h1></center>
<hr><center>nginx</center>
</body>
</html>

Jamón Serrano spagnolo (magro) → OFF 569005600122002844 ... ERRORE: OFF non-JSON: <html>
<head><title>429 Too Many Requests</title></head>
<body>
<center><h1>429 Too Many Requests</h1></center>
<hr><center>nginx</center>
</body>
</html>

Chorizo piccante spagnolo (a fette) → OFF 8424863006252 ... ERRORE: OFF non-JSON: <html>
<head><title>429 Too Many Requests</title></head>
<body>
<center><h1>429 Too Many Requests</h1></center>
<hr><center>nginx</center>
</body>
</html>


Applicate 11, fallite 13.
