Kit Kat (per 100g) → OFF 0034000087525 ... OK (KitKat)
Pringles originali (per 100g) → OFF 120739013 ... OK (Pringles)
McVitie's Digestive (per 100g) → OFF 5000396015935 ... OK (McVitie's Digestive)
Cioccolato bianco (tavoletta) → OFF 8017596068132 ... OK (Cioccolato Bianco)
Torrone morbido alle mandorle (per 100g) → OFF 8007720202006 ... OK (Torrone con mandorle)
Gelato Magnum Classic (per 100g) → OFF 8711327532274 ... OK (Magnum classic)
Gelato Cornetto Classico (per 100g) → OFF 9005300009563 ... OK (Cornetto  Classico)
Krapfen/Bombolone con crema → OFF 8001618992611 ... OK (Krapfen alla crema)
Croissant vuoto industriale (tipo Bauli) → OFF 0048121101015 ... OK (Mini croissants)
Plumcake all'olio (merendina) → OFF 8002590308025 ... OK (Dolcesenza plumcake)
Pop corn burro microonde (per 100g) → OFF 0850003469027 ... OK (Butter Flavoured Popcorn)
Pizza margherita (pizzeria, al piatto) → OFF 8008698026090 ... ERRORE: OFF non-JSON: <html>
<head><title>429 Too Many Requests</title></head>
<body>
<center><h1>429 Too Many Requests</h1></center>
<hr><center>nginx</center>
</body>
</html>

Pizza margherita surgelata (Buitoni/simile, cruda) → OFF 7613331275004 ... ERRORE: OFF non-JSON: <html>
<head><title>429 Too Many Requests</title></head>
<body>
<center><h1>429 Too Many Requests</h1></center>
<hr><center>nginx</center>
</body>
</html>

Pizza 4 stagioni (pizzeria) → OFF 3176170279786010005754 ... ERRORE: OFF non-JSON: <html>
<head><title>429 Too Many Requests</title></head>
<body>
<center><h1>429 Too Many Requests</h1></center>
<hr><center>nginx</center>
</body>
</html>

Pizza diavola/salame piccante (pizzeria) → OFF 0121969151647 ... ERRORE: OFF non-JSON: <html>
<head><title>429 Too Many Requests</title></head>
<body>
<center><h1>429 Too Many Requests</h1></center>
<hr><center>nginx</center>
</body>
</html>

Pizza al taglio bianca (forno, con olio) → OFF 8718907369206 ... ERRORE: OFF non-JSON: <html>
<head><title>429 Too Many Requests</title></head>
<body>
<center><h1>429 Too Many Requests</h1></center>
<hr><center>nginx</center>
</body>
</html>

Piadina con prosciutto crudo e squacquerone → OFF 8024370115685 ... ERRORE: OFF non-JSON: <html>
<head><title>429 Too Many Requests</title></head>
<body>
<center><h1>429 Too Many Requests</h1></center>
<hr><center>nginx</center>
</body>
</html>

Hamburger tipo McDonald's Big Mac (per 100g) → OFF 2000000002603 ... ERRORE: OFF non-JSON: <html>
<head><title>429 Too Many Requests</title></head>
<body>
<center><h1>429 Too Many Requests</h1></center>
<hr><center>nginx</center>
</body>
</html>

Panino Kebab doner con salsa yogurt → OFF 7052930000776 ... ERRORE: OFF non-JSON: <html>
<head><title>429 Too Many Requests</title></head>
<body>
<center><h1>429 Too Many Requests</h1></center>
<hr><center>nginx</center>
</body>
</html>

Hot dog con ketchup e senape → OFF 1802955070003 ... ERRORE: OFF non-JSON: <html>
<head><title>429 Too Many Requests</title></head>
<body>
<center><h1>429 Too Many Requests</h1></center>
<hr><center>nginx</center>
</body>
</html>

Sushi California roll (per pezzo, 25g → per 100g) → OFF 0655778358237 ... ERRORE: OFF non-JSON: <html>
<head><title>429 Too Many Requests</title></head>
<body>
<center><h1>429 Too Many Requests</h1></center>
<hr><center>nginx</center>
</body>
</html>

Sushi nigiri salmone (per pezzo, 30g → per 100g) → OFF 7033352617100 ... ERRORE: OFF non-JSON: <html>
<head><title>429 Too Many Requests</title></head>
<body>
<center><h1>429 Too Many Requests</h1></center>
<hr><center>nginx</center>
</body>
</html>

Lasagne al forno pronte surgelate → OFF 5010525234113 ... ERRORE: OFF non-JSON: <html>
<head><title>429 Too Many Requests</title></head>
<body>
<center><h1>429 Too Many Requests</h1></center>
<hr><center>nginx</center>
</body>
</html>

Tortellini freschi prosciutto-formaggio (cotti) → OFF 8001200030844 ... ERRORE: OFF non-JSON: <html>
<head><title>429 Too Many Requests</title></head>
<body>
<center><h1>429 Too Many Requests</h1></center>
<hr><center>nginx</center>
</body>
</html>

Curry di pollo indiano (pronto) → OFF 4460692698125 ... ERRORE: OFF non-JSON: <html>
<head><title>429 Too Many Requests</title></head>
<body>
<center><h1>429 Too Many Requests</h1></center>
<hr><center>nginx</center>
</body>
</html>

Naan (pane indiano cotto al tandoor) → OFF 5020325130164 ... ERRORE: OFF non-JSON: <html>
<head><title>429 Too Many Requests</title></head>
<body>
<center><h1>429 Too Many Requests</h1></center>
<hr><center>nginx</center>
</body>
</html>

Gyoza/Ravioli cinesi al vapore (per pezzo 15g → per 100g) → OFF 3350033675988 ... ERRORE: OFF non-JSON: <html>
<head><title>429 Too Many Requests</title></head>
<body>
<center><h1>429 Too Many Requests</h1></center>
<hr><center>nginx</center>
</body>
</html>

Pad Thai con pollo e germogli (pronto) → OFF 3366760045215 ... ERRORE: OFF non-JSON: <html>
<head><title>429 Too Many Requests</title></head>
<body>
<center><h1>429 Too Many Requests</h1></center>
<hr><center>nginx</center>
</body>
</html>

Kimchi coreano (cavolo fermentato piccante) → OFF 8801392062155 ... ERRORE: OFF non-JSON: <html>
<head><title>429 Too Many Requests</title></head>
<body>
<center><h1>429 Too Many Requests</h1></center>
<hr><center>nginx</center>
</body>
</html>

Paella di pollo e gamberi (pronta) → OFF 2034060030873 ... ERRORE: OFF non-JSON: <html>
<head><title>429 Too Many Requests</title></head>
<body>
<center><h1>429 Too Many Requests</h1></center>
<hr><center>nginx</center>
</body>
</html>

Couscous marocchino con verdure (pronto) → OFF 4061463756374 ... ERRORE: OFF non-JSON: <html>
<head><title>429 Too Many Requests</title></head>
<body>
<center><h1>429 Too Many Requests</h1></center>
<hr><center>nginx</center>
</body>
</html>

Poke bowl salmone con riso e avocado (per 100g) → OFF 0245536000416 ... ERRORE: OFF non-JSON: <html>
<head><title>429 Too Many Requests</title></head>
<body>
<center><h1>429 Too Many Requests</h1></center>
<hr><center>nginx</center>
</body>
</html>

Baklava al miele e pistacchi → OFF 5205117774409 ... ERRORE: OFF non-JSON: <html>
<head><title>429 Too Many Requests</title></head>
<body>
<center><h1>429 Too Many Requests</h1></center>
<hr><center>nginx</center>
</body>
</html>

Jamón Serrano spagnolo (magro) → OFF 569005600122002844 ... ERRORE: OFF non-JSON: <html>
<head><title>429 Too Many Requests</title></head>
<body>
<center><h1>429 Too Many Requests</h1></center>
<hr><center>nginx</center>
</body>
</html>

Chorizo piccante spagnolo (a fette) → OFF 8424863006252 ... ERRORE: OFF non-JSON: <html>
<head><title>429 Too Many Requests</title></head>
<body>
<center><h1>429 Too Many Requests</h1></center>
<hr><center>nginx</center>
</body>
</html>


Applicate 11, fallite 24.
