Recupero candidati USDA per 45 alimenti (85-130)...
[1/45] Beyond Meat Salsicce ... USDA:15 (query: Beyond Meat Salsicce)
[2/45] Polpette vegane (soia e legumi) ... USDA:9 (query: Polpette vegane soia e legumi)
[3/45] Mozzarella vegana (anacardi) ... USDA:15 (query: Mozzarella vegana)
[4/45] Maionese vegana ... USDA:0 (query: nessuna)
[5/45] Crema al cioccolato vegana ... USDA:1 (query: Crema al cioccolato vegana)
[6/45] Yogurt di soia alla fragola ... USDA:15 (query: Yogurt di soia alla fragola)
[7/45] Yogurt di cocco naturale ... USDA:15 (query: Yogurt di cocco naturale)
[8/45] Latte di cocco da bere (Alpro) ... USDA:0 (query: nessuna)
[9/45] Wurstel vegano (soia) ... USDA:0 (query: nessuna)
[10/45] Prosciutto vegano (affettato) ... USDA:0 (query: nessuna)
[11/45] Panna di avena (da cucina) ... USDA:1 (query: Panna di avena)
[12/45] Burro di cocco vergine ... USDA:0 (query: nessuna)
[13/45] Formaggio vegano affettato ... USDA:0 (query: nessuna)
[14/45] Pasta senza glutine di riso (cotta) ... USDA:15 (query: Pasta senza glutine di riso)
[15/45] Pane senza glutine (pronto) ... USDA:3 (query: Pane senza glutine)
[16/45] Pizza senza glutine (base surgelata) ... USDA:15 (query: Pizza senza glutine)
[17/45] Biscotti senza glutine al cioccolato ... USDA:4 (query: Biscotti senza glutine al cioccolato)
[18/45] Crackers senza glutine (riso) ... USDA:15 (query: Crackers senza glutine)
[19/45] Muesli senza glutine ... USDA:5 (query: Muesli senza glutine)
[20/45] Farina di mandorle ... USDA:5 (query: Farina di mandorle)
[21/45] Piadina senza glutine ... USDA:3 (query: Piadina senza glutine)
[22/45] Gnocchi di patate senza glutine ... USDA:3 (query: Gnocchi di patate senza glutine)
[23/45] Tiramisù senza glutine ... USDA:3 (query: Tiramisù senza glutine)
[24/45] Pasta senza glutine di mais (cotta) ... USDA:15 (query: Pasta senza glutine di mais)
[25/45] Proteine whey concentrate ... USDA:15 (query: Proteine whey concentrate)
[26/45] Proteine whey isolate ... USDA:15 (query: Proteine whey isolate)
[27/45] Proteine caseine ... USDA:15 (query: Proteine caseine)
[28/45] Mass gainer (weight gainer) ... USDA:4 (query: Mass gainer weight gainer)
[29/45] BCAA in polvere ... USDA:0 (query: nessuna)
[30/45] Creatina monoidrato ... USDA:0 (query: nessuna)
[31/45] Barretta proteica (media) ... USDA:0 (query: nessuna)
[32/45] Barretta energetica (media) ... USDA:0 (query: nessuna)
[33/45] Gel energetico per sportivi ... USDA:3 (query: Gel energetico per sportivi)
[34/45] Bevanda isotonica preparata ... USDA:0 (query: nessuna)
[35/45] Beta-alanina (polvere) ... USDA:3 (query: Beta-alanina)
[36/45] L-Glutammina (polvere) ... USDA:15 (query: L-Glutammina)
[37/45] Pre-workout (polvere media) ... USDA:9 (query: Pre-workout)
[38/45] Red Bull (per 100ml) ... USDA:15 (query: Red Bull)
[39/45] Red Bull Sugar Free (per 100ml) ... USDA:15 (query: Red Bull Sugar Free)
[40/45] Monster Energy (per 100ml) ... USDA:15 (query: Monster Energy)
[41/45] Monster Ultra zero (per 100ml) ... USDA:9 (query: Monster Ultra zero)
[42/45] Burn Energy (per 100ml) ... USDA:15 (query: Burn Energy)
[43/45] Rockstar Energy (per 100ml) ... USDA:15 (query: Rockstar Energy)
[44/45] Tiger Energy (per 100ml) ... USDA:15 (query: Tiger Energy)
[45/45] Energade (per 100ml) ... USDA:3 (query: Energade per 100ml)
Scritto manual-review-candidates-extra.json
