Recupero candidati per 400 alimenti (756-1156)...
[1/400] Pizza margherita artigianale (cotta al forno) ... CREA:3 BDA:1
[2/400] Lasagna al forno artigianale (bovino/maiale) ... CREA:0 BDA:0
[3/400] Risotto ai funghi porcini (cotto) ... CREA:8 BDA:8
[4/400] Pasta e fagioli (minestra) ... CREA:0 BDA:0
[5/400] Ribollita toscana (zuppa pane/fagioli/cavolo) ... CREA:0 BDA:0
[6/400] Pappa al pomodoro (piatto tipico toscano) ... CREA:0 BDA:0
[7/400] Canederli tirolesi al formaggio (bolliti) ... CREA:8 BDA:0
[8/400] Gnocchi alla sorrentina (con pomodoro e mozzarella) ... CREA:1 BDA:1
[9/400] Piadina romagnola farcita (prosciutto e squacquerone) ... CREA:8 BDA:8
[10/400] Focaccia farcita (olive e pomodoro secco) ... CREA:4 BDA:5
[11/400] Cannolo siciliano (ricotta e canditi) ... CREA:4 BDA:7
[12/400] Crostata artigianale alla marmellata (fetta 100g) ... CREA:0 BDA:0
[13/400] Panettone artigianale (con uvetta e canditi) ... CREA:0 BDA:8
[14/400] Colomba pasquale artigianale ... CREA:0 BDA:1
[15/400] Tiramisù artigianale (mascarpone/uova/savoiardi) ... CREA:0 BDA:0
[16/400] Seadas / Sebadas sarde (con formaggio e miele) ... CREA:5 BDA:8
[17/400] Struffoli napoletani (con miele e canditi) ... CREA:1 BDA:8
[18/400] Caponata siciliana (agrodolce con melanzane) ... CREA:0 BDA:0
[19/400] Baccalà fritto in pastella ... CREA:2 BDA:0
[20/400] Tramezzino al tonno e maionese (industriale) ... CREA:8 BDA:3
[21/400] Cotoletta alla milanese fritta (vitello impanato) ... CREA:8 BDA:8
[22/400] Polpette di carne al sugo (bovino/maiale) ... CREA:0 BDA:0
[23/400] Cotechino (cotto) ... CREA:8 BDA:8
[24/400] Zampone (cotto) ... CREA:8 BDA:8
[25/400] Soppressata (salame schiacciato del Sud) ... CREA:1 BDA:8
[26/400] Capicola / Coppa Piacentina DOP ... CREA:0 BDA:0
[27/400] Finocchiona (salame al finocchio toscano) ... CREA:7 BDA:8
[28/400] Polpo alla luciana (cotto con olive e capperi) ... CREA:8 BDA:8
[29/400] Pesce azzurro misto fritto in olio EVO ... CREA:5 BDA:6
[30/400] Alici fresche marinate al limone ... CREA:0 BDA:3
[31/400] Tonno fresco grigliato (senza olio) ... CREA:8 BDA:8
[32/400] Baccalà dissalato al vapore ... CREA:2 BDA:0
[33/400] Cozze in guazzetto (al pomodoro) ... CREA:2 BDA:8
[34/400] Sarde al forno in porchetta (con finocchietto) ... CREA:0 BDA:8
[35/400] Broccolo romano ... CREA:4 BDA:2
[36/400] Friggitello (peperone friggitello) ... CREA:0 BDA:0
[37/400] Cipolla rossa ... CREA:0 BDA:0
[38/400] Scampi crudi ... CREA:0 BDA:0
[39/400] Costata di manzo ... CREA:1 BDA:1
[40/400] Hamburger di manzo crudo ... CREA:3 BDA:0
[41/400] Primosale (pecorino giovane) ... CREA:3 BDA:5
[42/400] Gruviera (Gruyère) ... CREA:0 BDA:0
[43/400] Segale integrale cruda ... CREA:2 BDA:7
[44/400] Avena grains (chicchi interi) ... CREA:0 BDA:0
[45/400] Cappuccino (latte intero + caffè) ... CREA:6 BDA:3
[46/400] Orzo solubile / tisana orzo ... CREA:3 BDA:2
[47/400] Latte di cocco light (in lattina) ... CREA:0 BDA:1
[48/400] Aceto di vino bianco ... CREA:0 BDA:7
[49/400] Burro chiarificato (ghee) ... CREA:0 BDA:0
[50/400] Senape classica (tipo Dijon) ... CREA:8 BDA:8
[51/400] Stevia (estratto in polvere) ... CREA:0 BDA:1
[52/400] Zucchero di cocco ... CREA:1 BDA:1
[53/400] Ceci rossi secchi ... CREA:3 BDA:3
[54/400] Noci di macadamia ... CREA:4 BDA:4
[55/400] Semi di papavero ... CREA:1 BDA:3
[56/400] Risotto bianco cotto (riso+brodo+olio) ... CREA:0 BDA:0
[57/400] Minestrone di verdure miste cotto ... CREA:2 BDA:0
[58/400] Sugo al pomodoro semplice (olio+pomodoro+basilico) ... CREA:0 BDA:0
[59/400] Frittata di verdure cotta ... CREA:1 BDA:0
[60/400] Uova strapazzate con olio ... CREA:8 BDA:2
[61/400] Agnello (coscia) crudo ... CREA:7 BDA:8
[62/400] Cinghiale (selvaggina) crudo ... CREA:0 BDA:0
[63/400] Cervo (selvaggina) crudo ... CREA:1 BDA:0
[64/400] Nasello (merluzzo fresco) al vapore ... CREA:8 BDA:7
[65/400] Rombo (pesce) crudo ... CREA:5 BDA:6
[66/400] Palamita cruda ... CREA:0 BDA:0
[67/400] Lampuga cruda ... CREA:0 BDA:0
[68/400] Ricci di mare (gonadi) ... CREA:0 BDA:0
[69/400] Finocchio selvatico (foglie) ... CREA:2 BDA:4
[70/400] Bieta da coste cotta ... CREA:3 BDA:2
[71/400] Indivia riccia cruda ... CREA:2 BDA:1
[72/400] Ortica (foglie) cotta ... CREA:2 BDA:4
[73/400] Luppolo (germogli) crudi ... CREA:1 BDA:2
[74/400] Acetosella (sorrel/romice) cruda ... CREA:0 BDA:0
[75/400] Cicoria di campo cruda ... CREA:1 BDA:4
[76/400] Farro cotto (spelta) ... CREA:1 BDA:1
[77/400] Kamut® (grano Khorasan) cotto ... CREA:2 BDA:8
[78/400] Sorgho cotto ... CREA:0 BDA:0
[79/400] Seitan al naturale (glutine di frumento) ... CREA:0 BDA:0
[80/400] Tofu affumicato (tofu duro) ... CREA:0 BDA:1
[81/400] Tofu fritto (aburage) ... CREA:0 BDA:0
[82/400] Edamame (soia verde) cotti ... CREA:8 BDA:8
[83/400] Lenticchie rosse decorticate cotte ... CREA:3 BDA:2
[84/400] Lenticchie beluga (nere) cotte ... CREA:3 BDA:3
[85/400] Arachidi tostate senza sale ... CREA:1 BDA:7
[86/400] Burro di arachidi (naturale, senza zucchero) ... CREA:1 BDA:1
[87/400] Burro di mandorle (crema di mandorle) ... CREA:8 BDA:3
[88/400] Burro di sesamo (tahini) ... CREA:0 BDA:0
[89/400] Spinaci lessati ... CREA:4 BDA:3
[90/400] Fagioli cannellini lessi ... CREA:3 BDA:7
[91/400] Lenticchie lesse ... CREA:3 BDA:2
[92/400] Ceci lessati ... CREA:3 BDA:3
[93/400] Fagioli borlotti lessati ... CREA:5 BDA:7
[94/400] Piselli lessati ... CREA:5 BDA:5
[95/400] Uova sode ... CREA:8 BDA:2
[96/400] Broccoli lessati ... CREA:0 BDA:0
[97/400] Zucchine grigliate ... CREA:2 BDA:1
[98/400] Patate lesse ... CREA:8 BDA:5
[99/400] Carote lesse ... CREA:3 BDA:2
[100/400] Minestrone di verdure ... CREA:2 BDA:0
[101/400] Ribollita (zuppa toscana) ... CREA:0 BDA:0
[102/400] Pasta e fagioli ... CREA:7 BDA:8
[103/400] Risotto ai funghi ... CREA:0 BDA:0
[104/400] Pappa al pomodoro ... CREA:1 BDA:0
[105/400] Ragù alla bolognese ... CREA:0 BDA:0
[106/400] Besciamella ... CREA:0 BDA:0
[107/400] Sugo al pomodoro artigianale ... CREA:0 BDA:0
[108/400] Tiramisù ... CREA:0 BDA:0
[109/400] Panna cotta ... CREA:6 BDA:7
[110/400] Crostata di frutta fresca ... CREA:3 BDA:4
[111/400] Cotechino cotto ... CREA:2 BDA:2
[112/400] Trippa alla romana ... CREA:1 BDA:1
[113/400] Polenta cotta (gialla) ... CREA:1 BDA:1
[114/400] Risotto bianco (base) ... CREA:1 BDA:1
[115/400] Farina di grano tenero tipo 1 ... CREA:8 BDA:2
[116/400] Farina di grano tenero tipo 2 ... CREA:8 BDA:2
[117/400] Ricotta salata ... CREA:4 BDA:7
[118/400] Nettarina fresca (pesca noce) ... CREA:0 BDA:5
[119/400] Pomodori secchi al sole ... CREA:8 BDA:5
[120/400] Pomodori secchi sott'olio ... CREA:8 BDA:5
[121/400] Frumento tenero (grano) chicchi interi ... CREA:2 BDA:8
[122/400] Grano duro (chicchi interi) ... CREA:0 BDA:2
[123/400] Friselle (pane biscottato pugliese) ... CREA:8 BDA:1
[124/400] Succo di pompelmo fresco ... CREA:7 BDA:2
[125/400] Acciughe sotto sale ... CREA:0 BDA:3
[126/400] Latte scremato in polvere ... CREA:2 BDA:3
[127/400] Tortellini freschi all'uovo ... CREA:2 BDA:3
[128/400] Ravioli freschi di carne ... CREA:1 BDA:0
[129/400] Lasagna all'uovo secca ... CREA:0 BDA:0
[130/400] Fruttosio ... CREA:0 BDA:1
[131/400] Acqua minerale gasata ... CREA:0 BDA:2
[132/400] Succo di limone (solo succo) ... CREA:8 BDA:2
[133/400] Acciughe sotto sale dissalate ... CREA:0 BDA:3
[134/400] Ricciola ... CREA:0 BDA:0
[135/400] Rana pescatrice (coda di rospo) ... CREA:0 BDA:1
[136/400] Wurstel di suino ... CREA:2 BDA:2
[137/400] Yogurt di capra ... CREA:8 BDA:7
[138/400] Pan di Spagna ... CREA:1 BDA:1
[139/400] Portulaca ... CREA:0 BDA:0
[140/400] Scarola (indivia scarola) ... CREA:2 BDA:1
[141/400] Germogli di alfa alfa (alfalfa) ... CREA:0 BDA:0
[142/400] Lampone fresco ... CREA:0 BDA:0
[143/400] Fragoline di bosco ... CREA:0 BDA:0
[144/400] Gelso nero fresco ... CREA:0 BDA:1
[145/400] Gelso bianco fresco ... CREA:0 BDA:1
[146/400] Mirtillo rosso (lingonberry) fresco ... CREA:0 BDA:0
[147/400] Mela cotogna fresca ... CREA:4 BDA:6
[148/400] Giuggiola fresca ... CREA:0 BDA:0
[149/400] Nespola comune (medlar) fresca ... CREA:0 BDA:0
[150/400] Azzeruolo fresco ... CREA:0 BDA:0
[151/400] Lavarello (coregone) fresco ... CREA:1 BDA:1
[152/400] Alborella fresca ... CREA:0 BDA:0
[153/400] Agone fresco ... CREA:0 BDA:0
[154/400] Stoccafisso secco (non ammollato) ... CREA:1 BDA:8
[155/400] Tellina (vongola comune) fresca ... CREA:1 BDA:1
[156/400] Chiocciole (lumache di terra) crude ... CREA:0 BDA:1
[157/400] Fagiano intero eviscerato crudo ... CREA:1 BDA:1
[158/400] Pernice (starna) cruda ... CREA:0 BDA:1
[159/400] Lepre cruda ... CREA:0 BDA:1
[160/400] Daino coscia cruda ... CREA:1 BDA:1
[161/400] Dragoncello fresco (estragone) ... CREA:0 BDA:0
[162/400] Cerfoglio fresco ... CREA:0 BDA:0
[163/400] Aneto fresco ... CREA:0 BDA:0
[164/400] Maggiorana fresca ... CREA:0 BDA:1
[165/400] Origano fresco ... CREA:0 BDA:2
[166/400] Provola affumicata ... CREA:0 BDA:1
[167/400] Ricotta affumicata ... CREA:4 BDA:7
[168/400] Ricotta romana (di pecora) ... CREA:4 BDA:3
[169/400] Fiordilatte (mozzarella vaccina fresca) ... CREA:4 BDA:2
[170/400] Grongo fresco ... CREA:0 BDA:0
[171/400] Ombrina fresca ... CREA:0 BDA:1
[172/400] Pesce San Pietro fresco ... CREA:5 BDA:6
[173/400] Leccia amia fresca ... CREA:0 BDA:0
[174/400] Passera di mare fresca ... CREA:0 BDA:0
[175/400] Saragò (sargo) fresco ... CREA:0 BDA:0
[176/400] Zerro fresco ... CREA:0 BDA:0
[177/400] Aguglia fresca ... CREA:0 BDA:0
[178/400] Pagello fragolino fresco ... CREA:2 BDA:2
[179/400] Boga (boghe) fresca ... CREA:0 BDA:0
[180/400] Murena fresca ... CREA:0 BDA:0
[181/400] Gallinacci / Finferli freschi ... CREA:0 BDA:2
[182/400] Funghi Pleurotus / Orecchione freschi ... CREA:7 BDA:8
[183/400] Cardi freschi ... CREA:3 BDA:2
[184/400] Pomodoro verde acerbo ... CREA:2 BDA:6
[185/400] Radicchio di Chioggia ... CREA:5 BDA:2
[186/400] Castagna d'acqua ... CREA:0 BDA:1
[187/400] Lime / Limetta fresca ... CREA:0 BDA:2
[188/400] Guanciale ... CREA:0 BDA:0
[189/400] Fave lessate ... CREA:5 BDA:2
[190/400] Avena soffiata ... CREA:2 BDA:4
[191/400] Mais da pop corn (chicchi secchi) ... CREA:0 BDA:0
[192/400] Popcorn soffiato non condito ... CREA:0 BDA:0
[193/400] Quaglie intere eviscerate crude ... CREA:0 BDA:0
[194/400] Gallina (carne, senza pelle) ... CREA:8 BDA:8
[195/400] Lingua di manzo ... CREA:2 BDA:2
[196/400] Animelle di vitello ... CREA:2 BDA:0
[197/400] Rognone di vitello (rene) ... CREA:3 BDA:3
[198/400] Olio di vinaccioli (semi di uva) ... CREA:1 BDA:3
[199/400] Farina di grano tenero tipo 2 ... CREA:8 BDA:2
[200/400] Farina di canapa decorticata ... CREA:8 BDA:8
[201/400] Pastinaca cruda ... CREA:0 BDA:0
[202/400] Rapa (navone) cruda ... CREA:0 BDA:0
[203/400] Rapa rossa (barbabietola) cruda ... CREA:0 BDA:1
[204/400] Topinambur crudo ... CREA:1 BDA:0
[205/400] Crescione d'acqua fresco ... CREA:0 BDA:1
[206/400] Acetosella fresca (Rumex acetosa) ... CREA:0 BDA:0
[207/400] Ortiche fresche (foglie) ... CREA:2 BDA:4
[208/400] Nespola del Giappone (loquat) fresca ... CREA:0 BDA:0
[209/400] Corbezzolo (arbutus) fresco ... CREA:0 BDA:0
[210/400] Sorbo domestico fresco ... CREA:0 BDA:0
[211/400] Carambola (star fruit) fresca ... CREA:0 BDA:1
[212/400] Pecorino sardo stagionato ... CREA:3 BDA:5
[213/400] Ragusano DOP ... CREA:0 BDA:0
[214/400] Canestrato pugliese ... CREA:0 BDA:0
[215/400] Murazzano DOP (pecorino piemontese) ... CREA:3 BDA:5
[216/400] Mazzancolla (gambero imperiale) cruda ... CREA:0 BDA:1
[217/400] Granchio comune crudo ... CREA:1 BDA:2
[218/400] Canestrello (mollusco) fresco ... CREA:0 BDA:0
[219/400] Fasolaro (Callista chione) fresco ... CREA:0 BDA:0
[220/400] Cicala di mare (Scyllarus) ... CREA:0 BDA:0
[221/400] Tartufo di mare (Venerupis decussata) ... CREA:0 BDA:0
[222/400] Cannolicchio (Ensis siliqua) fresco ... CREA:0 BDA:0
[223/400] Dattero di mare (Lithophaga) fresco ... CREA:0 BDA:0
[224/400] Acqua di cocco pura (non da concentrato) ... CREA:2 BDA:8
[225/400] Vino cotto (sapa/mosto cotto) ... CREA:0 BDA:0
[226/400] Succo di bergamotto puro ... CREA:7 BDA:8
[227/400] Fave fresche (con baccello) ... CREA:2 BDA:8
[228/400] Fave secche decorticate ... CREA:3 BDA:2
[229/400] Cicerchie secche ... CREA:0 BDA:0
[230/400] Riso rosso fermentato ... CREA:8 BDA:8
[231/400] Teff crudo (cereale etiope) ... CREA:0 BDA:0
[232/400] Sorgo in chicchi crudo ... CREA:0 BDA:0
[233/400] Farro dicocco crudo ... CREA:2 BDA:3
[234/400] Semi di canapa decorticati ... CREA:1 BDA:3
[235/400] Arachidi crude non tostate ... CREA:2 BDA:7
[236/400] Mandorle crude con pelle ... CREA:3 BDA:6
[237/400] Noci brasiliane crude ... CREA:4 BDA:4
[238/400] Alga nori essiccata ... CREA:0 BDA:0
[239/400] Alga wakame essiccata ... CREA:0 BDA:0
[240/400] Alga kombu essiccata ... CREA:0 BDA:0
[241/400] Aceto di mele biologico non filtrato ... CREA:0 BDA:7
[242/400] Miso (pasta di soia fermentata) ... CREA:7 BDA:1
[243/400] Harissa (salsa piccante nordafricana) ... CREA:2 BDA:2
[244/400] Piave DOP (stagionato) ... CREA:0 BDA:2
[245/400] Pecorino toscano DOP semi-stagionato ... CREA:3 BDA:5
[246/400] Cacioricotta fresco ... CREA:1 BDA:1
[247/400] Scamorza bianca fresca ... CREA:1 BDA:2
[248/400] Valtellina Casera DOP ... CREA:1 BDA:2
[249/400] Asiago pressato DOP ... CREA:0 BDA:1
[250/400] Braciola di maiale (bistecca lombo) ... CREA:2 BDA:3
[251/400] Costine di maiale crude ... CREA:0 BDA:0
[252/400] Pollo coscia con pelle cruda ... CREA:4 BDA:8
[253/400] Maiale pancetta magra ... CREA:8 BDA:1
[254/400] Taccola (pisello mangiatutto) fresca ... CREA:0 BDA:0
[255/400] Zucca delica / Butternut cruda ... CREA:2 BDA:2
[256/400] Senape in foglie cruda (Brassica juncea) ... CREA:0 BDA:0
[257/400] Broccolo romanesco crudo ... CREA:4 BDA:2
[258/400] Porro crudo ... CREA:0 BDA:0
[259/400] Cavolo cappuccio bianco crudo ... CREA:3 BDA:2
[260/400] Mela annurca IGP fresca ... CREA:4 BDA:6
[261/400] Ribes bianco fresco ... CREA:1 BDA:2
[262/400] Cedro frutto fresco (Citrus medica) ... CREA:0 BDA:0
[263/400] Chinotto fresco (Citrus myrtifolia) ... CREA:0 BDA:0
[264/400] Mandarancio fresco ... CREA:0 BDA:0
[265/400] Pesca tabacchiera fresca ... CREA:0 BDA:5
[266/400] Chiodi di garofano in polvere ... CREA:0 BDA:1
[267/400] Basilico essiccato ... CREA:1 BDA:2
[268/400] Prezzemolo essiccato ... CREA:1 BDA:2
[269/400] Peperoncino rosso fresco ... CREA:0 BDA:0
[270/400] Aceto balsamico tradizionale DOP (invecchiato) ... CREA:0 BDA:0
[271/400] Polenta taragna cotta ... CREA:2 BDA:1
[272/400] Farro spelta (grande) cotto ... CREA:0 BDA:0
[273/400] Kamut (frumento khorasan) cotto ... CREA:8 BDA:6
[274/400] Vino rosato da tavola ... CREA:8 BDA:2
[275/400] Succo di pesca 100% (senza zuccheri aggiunti) ... CREA:8 BDA:8
[276/400] Infuso di melissa (non zuccherato) ... CREA:1 BDA:8
[277/400] Infuso di menta piperita (non zuccherato) ... CREA:1 BDA:8
[278/400] Latte di riso non zuccherato ... CREA:8 BDA:8
[279/400] Glucosio (destrosio) ... CREA:0 BDA:1
[280/400] Fiocchi di farro ... CREA:2 BDA:6
[281/400] Semola di grano duro cruda ... CREA:5 BDA:5
[282/400] Malto d'orzo in polvere ... CREA:1 BDA:3
[283/400] Latte condensato non zuccherato (evaporato) ... CREA:1 BDA:0
[284/400] Crema di latte fresca (panna 35%) ... CREA:1 BDA:7
[285/400] Farinata di ceci (piatto tipico genovese cotto) ... CREA:0 BDA:0
[286/400] Gelatina in fogli (colla di pesce) ... CREA:0 BDA:0
[287/400] Crusca di riso ... CREA:2 BDA:2
[288/400] Farina di lenticchie rosse ... CREA:8 BDA:8
[289/400] Farina di piselli secchi ... CREA:8 BDA:8
[290/400] Anice stellato (badiana) ... CREA:0 BDA:0
[291/400] Pepe di Cayenna (capsicum) ... CREA:0 BDA:0
[292/400] Pepe lungo (piper longum) ... CREA:0 BDA:0
[293/400] Curry in polvere (miscela spezie) ... CREA:0 BDA:0
[294/400] Garam masala (miscela spezie indiana) ... CREA:0 BDA:0
[295/400] Pasta di acciughe (tube) ... CREA:0 BDA:0
[296/400] Salsa Worcestershire (inglese) ... CREA:0 BDA:0
[297/400] Estratto di lievito (tipo Marmite) ... CREA:8 BDA:8
[298/400] Olio di ricino ... CREA:8 BDA:8
[299/400] Panna acida (sour cream 20%) ... CREA:0 BDA:0
[300/400] Zucchero grezzo di canna (mascobado) ... CREA:0 BDA:0
[301/400] Zucchina lessata ... CREA:0 BDA:0
[302/400] Melanzana grigliata ... CREA:0 BDA:0
[303/400] Melanzana al forno ... CREA:0 BDA:0
[304/400] Carota lessata ... CREA:0 BDA:0
[305/400] Finocchio cotto al vapore ... CREA:0 BDA:2
[306/400] Cavolfiore al vapore ... CREA:3 BDA:1
[307/400] Peperone rosso cotto ... CREA:0 BDA:0
[308/400] Pomodoro cotto (passato) ... CREA:0 BDA:0
[309/400] Funghi champignon cotti ... CREA:7 BDA:8
[310/400] Fagiolini lessati ... CREA:3 BDA:2
[311/400] Asparagi lessati ... CREA:5 BDA:4
[312/400] Piselli lessati ... CREA:5 BDA:5
[313/400] Lenticchie rosse cotte ... CREA:3 BDA:2
[314/400] Fagioli mung cotti ... CREA:8 BDA:1
[315/400] Fave secche cotte ... CREA:1 BDA:2
[316/400] Vitello al forno ... CREA:8 BDA:8
[317/400] Manzo bollito ... CREA:0 BDA:0
[318/400] Pollo alla griglia (senza pelle) ... CREA:8 BDA:8
[319/400] Pollo lesso (senza pelle) ... CREA:8 BDA:8
[320/400] Tacchino arrosto ... CREA:8 BDA:8
[321/400] Maiale arrosto (lonza) ... CREA:0 BDA:0
[322/400] Coscia di pollo al forno (senza pelle) ... CREA:8 BDA:8
[323/400] Merluzzo al vapore ... CREA:8 BDA:7
[324/400] Orata al forno ... CREA:3 BDA:3
[325/400] Tonno fresco alla griglia ... CREA:3 BDA:3
[326/400] Spigola (branzino) lessata ... CREA:0 BDA:0
[327/400] Quark (formaggio fresco magro) ... CREA:5 BDA:6
[328/400] Formaggio fresco tipo Quark intero ... CREA:5 BDA:6
[329/400] Kefir di latte intero ... CREA:0 BDA:0
[330/400] Stracciatella di bufala ... CREA:1 BDA:1
[331/400] Latticello (buttermilk) ... CREA:0 BDA:0
[332/400] Panna fresca da cucina (35% grassi) ... CREA:1 BDA:1
[333/400] Formaggio Fontina DOP ... CREA:5 BDA:6
[334/400] Pecorino Sardo DOP stagionato ... CREA:3 BDA:5
[335/400] Caciocavallo silano DOP ... CREA:1 BDA:2
[336/400] Panna cotta (senza caramello) ... CREA:8 BDA:8
[337/400] Crostata di marmellata (artigianale) ... CREA:2 BDA:0
[338/400] Torta margherita (pan di spagna base) ... CREA:1 BDA:1
[339/400] Biscotti da tè (tipo shortbread) ... CREA:6 BDA:8
[340/400] Budino di riso (con latte e zucchero) ... CREA:8 BDA:1
[341/400] Farina di grano tenero tipo 1 ... CREA:8 BDA:2
[342/400] Amaranto cotto ... CREA:0 BDA:1
[343/400] Camomilla in infuso (non zuccherata) ... CREA:2 BDA:8
[344/400] Tiglio in infuso (non zuccherato) ... CREA:1 BDA:8
[345/400] Verbena (tisana, non zuccherata) ... CREA:0 BDA:1
[346/400] Rosa canina infuso (non zuccherato) ... CREA:1 BDA:8
[347/400] Margarina vegetale (68% grassi) ... CREA:1 BDA:0
[348/400] Strutto di maiale ... CREA:1 BDA:1
[349/400] Uovo sodo (bollito 10 min) ... CREA:8 BDA:2
[350/400] Uovo in camicia (poached) ... CREA:0 BDA:0
[351/400] Frittata semplice (olio + uova) ... CREA:8 BDA:8
[352/400] Cicerchia secca (Lathyrus sativus) ... CREA:0 BDA:0
[353/400] Cicerchia cotta ... CREA:0 BDA:0
[354/400] Salvia fresca ... CREA:1 BDA:2
[355/400] Timo fresco ... CREA:0 BDA:2
[356/400] Pizzoccheri della Valtellina (cotti) ... CREA:8 BDA:8
[357/400] Vincisgrassi marchigiani (pasta al forno) ... CREA:7 BDA:4
[358/400] Abbacchio al forno (agnello da latte romano) ... CREA:7 BDA:8
[359/400] Strangolapreti trentini (spinaci e ricotta) ... CREA:4 BDA:3
[360/400] Gnocchi di patate freschi (cotti) ... CREA:8 BDA:8
[361/400] Ravioli di ricotta e spinaci (freschi, cotti) ... CREA:3 BDA:1
[362/400] Tortellini in brodo (freschi, cotti) ... CREA:3 BDA:1
[363/400] Risotto ai funghi porcini (cotto) ... CREA:8 BDA:8
[364/400] Polenta cotta (senza sale) ... CREA:1 BDA:1
[365/400] Ribollita toscana (zuppa di pane e verdure) ... CREA:0 BDA:0
[366/400] Pasta e fagioli (zuppa, cotta) ... CREA:0 BDA:0
[367/400] Pasta e ceci (zuppa, cotta) ... CREA:0 BDA:0
[368/400] Zuppa di lenticchie (cotta) ... CREA:8 BDA:8
[369/400] Minestrone misto di verdure (cotto) ... CREA:8 BDA:8
[370/400] Arancino al ragù siciliano ... CREA:0 BDA:0
[371/400] Supplì al telefono romano ... CREA:0 BDA:0
[372/400] Brodetto di pesce marchigiano (base, per 100g) ... CREA:0 BDA:0
[373/400] Cacciucco livornese (base, per 100g) ... CREA:0 BDA:0
[374/400] Trippa alla romana (cotta con pomodoro) ... CREA:8 BDA:8
[375/400] Ossobuco alla milanese (senza risotto) ... CREA:8 BDA:8
[376/400] Riso per sushi (cotto con aceto di riso) ... CREA:8 BDA:8
[377/400] Alga nori essiccata (per foglio, foglio ~2g) ... CREA:0 BDA:8
[378/400] Wasabi (pasta, da radice fresca) ... CREA:0 BDA:0
[379/400] Zenzero marinato/gari (per sushi) ... CREA:0 BDA:8
[380/400] Injera (pane etiope di tef fermentato) ... CREA:8 BDA:8
[381/400] Falafel (fritto, ceci e fave) ... CREA:0 BDA:0
[382/400] Gyoza al vapore (ravioli giapponesi) ... CREA:2 BDA:0
[383/400] Pad Thai di gamberi (noodles di riso) ... CREA:0 BDA:0
[384/400] Dhal di lenticchie rosse (indiano) ... CREA:0 BDA:0
[385/400] Zuppa miso con tofu e alga wakame ... CREA:0 BDA:0
[386/400] Bulgogi di manzo (coreano, marinato) ... CREA:0 BDA:0
[387/400] Tikka masala di pollo (piatto, con salsa) ... CREA:0 BDA:0
[388/400] Satay di pollo (spiedino, senza salsa) ... CREA:0 BDA:0
[389/400] Tacos di pollo (tortilla mais + pollo + verdure) ... CREA:0 BDA:0
[390/400] Salsa di pesce (fish sauce, Nam Pla) ... CREA:0 BDA:0
[391/400] Salsa di ostriche (oyster sauce) ... CREA:0 BDA:0
[392/400] Hoisin sauce (salsa cinese fermentata) ... CREA:2 BDA:2
[393/400] Salsa tamari (soia senza glutine) ... CREA:8 BDA:8
[394/400] Mirin (vino di riso dolce da cucina) ... CREA:8 BDA:8
[395/400] Sake da cucina ... CREA:0 BDA:0
[396/400] Pasta di curry gialla (Thai) ... CREA:0 BDA:0
[397/400] Pasta di curry rossa (Thai) ... CREA:0 BDA:0
[398/400] Harissa (pasta di peperoncino nordafricana) ... CREA:7 BDA:6
[399/400] Gochujang (pasta di peperoncino coreana) ... CREA:7 BDA:6
[400/400] Sriracha (salsa di peperoncino piccante) ... CREA:2 BDA:2
Scritto manual-review-candidates.json
