Recupero candidati OFF per 60 alimenti (180-240)...
[1/60] Affettato vegano (soia/glutine, tipo deli) ... OFF:15 (query: Affettato vegano)
[2/60] Latte di avena industriale (Oatly, con zucchero) ... OFF:15 (query: Latte di avena industriale)
[3/60] Latte di mandorla industriale (Alpro/Vaalia) ... OFF:15 (query: Latte di mandorla industriale)
[4/60] Latte di soia industriale (Alpro originale) ... OFF:15 (query: Latte di soia industriale)
[5/60] Latte di riso (Rice Dream, per 100mL) ... OFF:15 (query: Latte di riso)
[6/60] Yogurt di soia (Alpro, gusto neutro) ... OFF:15 (query: Yogurt di soia)
[7/60] Formaggio vegano a base cocco (tipo Violife) ... OFF:15 (query: Formaggio vegano a base cocco)
[8/60] Panna vegetale (soia/cocco, tipo Soy Whip) ... OFF:15 (query: Panna vegetale)
[9/60] Barretta proteica Quest Bar (per 100g) ... OFF:15 (query: Barretta proteica Quest Bar)
[10/60] Barretta proteica Snickers Protein (per 100g) ... OFF:15 (query: Barretta proteica Snickers Protein)
[11/60] Barretta proteica Clif Bar (per 100g) ... OFF:15 (query: Barretta proteica Clif Bar)
[12/60] Barretta energetica Cereal (per 100g) ... OFF:15 (query: Barretta energetica Cereal)
[13/60] Merendina Mulino Bianco tipo Plumcake ... OFF:15 (query: Merendina Mulino Bianco tipo Plumcake)
[14/60] Yogurt alla frutta Müller (per 100g) ... OFF:15 (query: Yogurt alla frutta Müller)
[15/60] Yogurt al caffè Müller Corner (per 100g) ... OFF:15 (query: Yogurt al caffè Müller Corner)
[16/60] Paella surgelata pronta (per 100g) ... OFF:15 (query: Paella surgelata pronta)
[17/60] Lasagne surgelate al ragù (per 100g) ... OFF:15 (query: Lasagne surgelate al ragù)
[18/60] Hot dog (würstel in pane, per 100g) ... OFF:15 (query: Hot dog)
[19/60] Caramelle gommose (per 100g) ... OFF:15 (query: Caramelle gommose)
[20/60] Barretta Snickers (per 100g) ... OFF:15 (query: Barretta Snickers)
[21/60] Barretta Mars (per 100g) ... OFF:15 (query: Barretta Mars)
[22/60] Popcorn microonde burro (per 100g) ... OFF:15 (query: Popcorn microonde burro)
[23/60] Burger vegano industriale (per 100g) ... OFF:15 (query: Burger vegano industriale)
[24/60] Salame Milano affettato (per 100g) ... OFF:15 (query: Salame Milano affettato)
[25/60] Mortadella IGP (per 100g) ... OFF:15 (query: Mortadella IGP)
[26/60] Nuggets di pollo surgelati (per 100g) ... OFF:15 (query: Nuggets di pollo surgelati)
[27/60] Stick di mozzarella impanata surgelata (per 100g) ... OFF:15 (query: Stick di mozzarella impanata surgelata)
[28/60] Merendina Kinder Pinguì (per 100g) ... OFF:15 (query: Merendina Kinder Pinguì)
[29/60] Bevanda energy drink tipo Monster (per 100ml) ... OFF:15 (query: Bevanda energy drink tipo Monster)
[30/60] Bevanda energy drink tipo Red Bull (per 100ml) ... OFF:15 (query: Bevanda energy drink tipo Red Bull)
[31/60] Bibita gassata tipo Cola (per 100ml) ... OFF:15 (query: Bibita gassata tipo Cola)
[32/60] Succo di frutta industriale ACE (per 100ml) ... OFF:15 (query: Succo di frutta industriale ACE)
[33/60] Latte condensato zuccherato (per 100g) ... OFF:15 (query: Latte condensato zuccherato)
[34/60] Crema spalmabile nocciole e cioccolato Nutella (per 100g) ... OFF:15 (query: Crema spalmabile nocciole e cioccolato Nutella)
[35/60] Biscotto Oreo (per 100g) ... OFF:15 (query: Biscotto Oreo)
[36/60] Crostata industriale alla marmellata (per 100g) ... OFF:15 (query: Crostata industriale alla marmellata)
[37/60] Brioches confezionata (per 100g) ... OFF:15 (query: Brioches confezionata)
[38/60] Cereali da colazione tipo Frosties Kellogg's (per 100g) ... OFF:15 (query: Cereali da colazione tipo Frosties Kellogg's)
[39/60] Cereali Chocapic Nestlé (per 100g) ... OFF:15 (query: Cereali Chocapic Nestlé)
[40/60] Abbracci Mulino Bianco (per 100g) ... OFF:15 (query: Abbracci Mulino Bianco)
[41/60] Baiocchi Mulino Bianco (per 100g) ... OFF:15 (query: Baiocchi Mulino Bianco)
[42/60] TUC crackers salati (Lu, per 100g) ... OFF:15 (query: TUC crackers salati)
[43/60] Plasmon biscotti per bambini (per 100g) ... OFF:15 (query: Plasmon biscotti per bambini)
[44/60] Ciocorì (Kinder/Ferrero, per 100g) ... OFF:15 (query: Ciocorì Kinder Ferrero, per 100g)
[45/60] Fruttolo (Danone, yogurt da bere frutta, per 100g) ... OFF:15 (query: Fruttolo Danone, yogurt da bere frutta, per 100g)
[46/60] Twister Algida fragola (per 100g) ... OFF:15 (query: Twister Algida fragola)
[47/60] Häagen-Dazs Vanilla (per 100g) ... OFF:15 (query: Häagen-Dazs Vanilla)
[48/60] Sammontana Cremino (per 100g) ... OFF:15 (query: Sammontana Cremino)
[49/60] Lemonsoda (San Pellegrino, per 100mL) ... OFF:15 (query: Lemonsoda)
[50/60] San Benedetto Ice Tea pesca (per 100mL) ... OFF:15 (query: San Benedetto Ice Tea pesca)
[51/60] Succo Yoga pesca (brick 200mL, per 100mL) ... OFF:15 (query: Succo Yoga pesca)
[52/60] Ravioli di carne Giovanni Rana (per 100g) ... OFF:15 (query: Ravioli di carne Giovanni Rana)
[53/60] Buitoni pasta ripiena ricotta (per 100g) ... OFF:15 (query: Buitoni pasta ripiena ricotta)
[54/60] Findus 4 Salti in Padella pollo e verdure (per 100g) ... OFF:15 (query: Findus 4 Salti in Padella pollo e verdure)
[55/60] Findus 4 Salti in Padella carbonara (per 100g) ... OFF:15 (query: Findus 4 Salti in Padella carbonara)
[56/60] Tempeh di soia pastorizzato (per 100g) ... OFF:15 (query: Tempeh di soia pastorizzato)
[57/60] Salsa teriyaki industriale (per 100g) ... OFF:15 (query: Salsa teriyaki industriale)
[58/60] Salsa Worcestershire (per 100mL) ... OFF:15 (query: Salsa Worcestershire)
[59/60] Plasmon Omogeneizzato frutta mela-pera (per 100g) ... OFF:15 (query: Plasmon Omogeneizzato frutta mela-pera)
[60/60] Plasmon Omogeneizzato carne manzo (per 100g) ... OFF:15 (query: Plasmon Omogeneizzato carne manzo)
Scritto manual-review-candidates-upf.json
