Recupero candidati per 584 alimenti (0-584)...
[1/584] Birra normale (4-5%) ... CREA:0 BDA:0
[2/584] Caffè espresso ... CREA:2 BDA:0
[3/584] Manzo magro ... CREA:0 BDA:0
[4/584] Semi di chia ... CREA:1 BDA:3
[5/584] Peperone rosso ... CREA:0 BDA:0
[6/584] Cetriolo ... CREA:0 BDA:0
[7/584] Cozze ... CREA:0 BDA:0
[8/584] Vongole ... CREA:0 BDA:1
[9/584] Kefir intero ... CREA:0 BDA:0
[10/584] Latte di avena ... CREA:8 BDA:8
[11/584] Ciliegie ... CREA:0 BDA:2
[12/584] Nduja ... CREA:0 BDA:0
[13/584] Aceto balsamico ... CREA:0 BDA:7
[14/584] Aceto di vino rosso ... CREA:0 BDA:7
[15/584] Olio di semi di lino ... CREA:8 BDA:5
[16/584] Tè verde infuso ... CREA:7 BDA:0
[17/584] Tè nero infuso ... CREA:3 BDA:0
[18/584] Caffè americano filtro ... CREA:2 BDA:0
[19/584] Caffè d'orzo ... CREA:2 BDA:0
[20/584] Latte di cocco non conservato ... CREA:8 BDA:8
[21/584] Pasta di ceci cruda ... CREA:7 BDA:6
[22/584] Pasta di lenticchie cruda ... CREA:7 BDA:6
[23/584] Polenta taragna cruda ... CREA:2 BDA:1
[24/584] Pasta di kamut cruda ... CREA:7 BDA:6
[25/584] Oca petto senza pelle ... CREA:5 BDA:7
[26/584] Cinghiale coscia ... CREA:0 BDA:0
[27/584] Totano ... CREA:0 BDA:0
[28/584] Capasanta ... CREA:0 BDA:0
[29/584] Anguilla ... CREA:5 BDA:4
[30/584] Cavolo nero ... CREA:7 BDA:3
[31/584] Pak choi ... CREA:0 BDA:0
[32/584] Taccole ... CREA:0 BDA:0
[33/584] More ... CREA:0 BDA:0
[34/584] Dattero fresco ... CREA:0 BDA:0
[35/584] Gruyère ... CREA:0 BDA:0
[36/584] Caprino fresco ... CREA:1 BDA:1
[37/584] Primo Sale ... CREA:0 BDA:0
[38/584] Cicerchie secche ... CREA:0 BDA:0
[39/584] Noci di Macadamia ... CREA:4 BDA:4
[40/584] Salsa di pomodoro fresca ... CREA:2 BDA:2
[41/584] Aceto di mele ... CREA:0 BDA:7
[42/584] Besciamella fatta in casa ... CREA:0 BDA:0
[43/584] Hummus fatto in casa ... CREA:0 BDA:0
[44/584] Guacamole fatto in casa ... CREA:0 BDA:0
[45/584] Peperoncino secco ... CREA:0 BDA:0
[46/584] Curcuma in polvere ... CREA:0 BDA:0
[47/584] Uova di quaglia ... CREA:8 BDA:2
[48/584] Seitan ... CREA:0 BDA:0
[49/584] Semi di sesamo crudi ... CREA:1 BDA:3
[50/584] Arachidi crude (non tostate) ... CREA:2 BDA:8
[51/584] Spirulina in polvere ... CREA:0 BDA:0
[52/584] Bacche di goji secche ... CREA:0 BDA:0
[53/584] Pitaya / Dragon fruit (polpa) ... CREA:0 BDA:3
[54/584] Pomelo fresco ... CREA:0 BDA:0
[55/584] Noce di cocco fresca (polpa) ... CREA:0 BDA:3
[56/584] Durian fresco ... CREA:0 BDA:0
[57/584] Giuggiole fresche ... CREA:0 BDA:0
[58/584] Friarielli (cime di rapa napoletane) ... CREA:0 BDA:0
[59/584] Cavolo nero toscano ... CREA:7 BDA:3
[60/584] Acetosella (Rumex acetosa) ... CREA:0 BDA:0
[61/584] Kamut (frumento khorasan) crudo ... CREA:8 BDA:6
[62/584] Orzo integrale crudo ... CREA:3 BDA:7
[63/584] Segale in chicchi cruda ... CREA:2 BDA:1
[64/584] Fagiolini di soia (edamame secchi) ... CREA:0 BDA:0
[65/584] Fagioli rossi kidney cotti ... CREA:8 BDA:7
[66/584] Vigna dall'occhio (Black-eyed peas) secchi ... CREA:0 BDA:0
[67/584] Kefir (latte fermentato) ... CREA:8 BDA:8
[68/584] Lassi naturale (bevanda yogurt) ... CREA:8 BDA:4
[69/584] Labneh (yogurt scolato medio-oriente) ... CREA:8 BDA:8
[70/584] Vitello (macinato magro) ... CREA:8 BDA:8
[71/584] Maiale magro (filetto) ... CREA:3 BDA:1
[72/584] Agnello (coscia magra) ... CREA:7 BDA:8
[73/584] Struzzo (filetto) ... CREA:3 BDA:1
[74/584] Orata fresca ... CREA:3 BDA:3
[75/584] Riccio di mare (polpa) ... CREA:0 BDA:3
[76/584] Succo di melograno 100% ... CREA:7 BDA:8
[77/584] Tè verde infuso (non zuccherato) ... CREA:1 BDA:8
[78/584] Tè nero infuso (non zuccherato) ... CREA:1 BDA:8
[79/584] Tisana camomilla (infuso) ... CREA:0 BDA:0
[80/584] Acqua di riso (bevanda) ... CREA:8 BDA:4
[81/584] Amido di tapioca ... CREA:1 BDA:4
[82/584] Olio di lino (flaxseed) ... CREA:0 BDA:0
[83/584] Ghee (burro chiarificato) ... CREA:2 BDA:4
[84/584] Pane con noci ... CREA:8 BDA:1
[85/584] Pane di farro integrale ... CREA:8 BDA:5
[86/584] Pane multicereali ... CREA:8 BDA:8
[87/584] Ciabatta ... CREA:0 BDA:0
[88/584] Pasta di farro cruda ... CREA:7 BDA:6
[89/584] Porro ... CREA:0 BDA:0
[90/584] Kohlrabi (cavolo rapa) ... CREA:7 BDA:3
[91/584] Germogli di lenticchie ... CREA:1 BDA:1
[92/584] Okra / Gombo ... CREA:0 BDA:0
[93/584] Melanzana lunga asiatica ... CREA:0 BDA:0
[94/584] Kumquat fresco ... CREA:0 BDA:0
[95/584] Tamarindo (polpa fresca) ... CREA:0 BDA:3
[96/584] Jackfruit (frutto del pane) fresco ... CREA:0 BDA:1
[97/584] Stracciatella di bufala ... CREA:1 BDA:1
[98/584] Porchetta ... CREA:0 BDA:0
[99/584] Ostriche fresche ... CREA:0 BDA:0
[100/584] Spigola al sale (branzino) cotto ... CREA:0 BDA:0
[101/584] Lenticchie beluga secche (nere) ... CREA:3 BDA:3
[102/584] Edamame (soia immatura) ... CREA:8 BDA:8
[103/584] Burro di mandorle ... CREA:2 BDA:2
[104/584] Burro di sesamo (tahini) ... CREA:0 BDA:0
[105/584] Semi di canapa sgusciati ... CREA:1 BDA:3
[106/584] Olio di noce ... CREA:8 BDA:8
[107/584] Margarina vegetale 70% grassi ... CREA:1 BDA:3
[108/584] Stevia (foglie essiccate) ... CREA:2 BDA:1
[109/584] Cardamomo macinato ... CREA:0 BDA:0
[110/584] Zenzero in polvere ... CREA:0 BDA:0
[111/584] Peperoncino piccante in polvere ... CREA:0 BDA:0
[112/584] Kombucha (bevanda fermentata tè) ... CREA:8 BDA:4
[113/584] Kefir d'acqua probiotico ... CREA:0 BDA:0
[114/584] Birra artigianale chiara (330mL) ... CREA:0 BDA:0
[115/584] Sidro di mele secco (100mL) ... CREA:0 BDA:0
[116/584] Kimchi (cavolo fermentato coreano) ... CREA:7 BDA:3
[117/584] Miso bianco (shiro miso) ... CREA:0 BDA:0
[118/584] Tofu compatto (silken) ... CREA:0 BDA:0
[119/584] Tofu solido (firm tofu) ... CREA:0 BDA:0
[120/584] Crema di grano (semolino cotto) ... CREA:0 BDA:0
[121/584] Crema di verdure (passato) ... CREA:0 BDA:0
[122/584] Pane di semola (rimacinata) ... CREA:0 BDA:0
[123/584] Purea di patate (pronta) ... CREA:0 BDA:0
[124/584] Finferli / Galletti freschi ... CREA:0 BDA:0
[125/584] Pleurotus / Funghi ostrica freschi ... CREA:0 BDA:0
[126/584] Cardoncelli / Funghi reale secchi ... CREA:0 BDA:0
[127/584] Carruba (polpa essiccata) ... CREA:0 BDA:3
[128/584] Pitaya / Dragon fruit rosso ... CREA:0 BDA:0
[129/584] Açaí in polvere disidratata ... CREA:0 BDA:0
[130/584] Mirto (bacche fresche) ... CREA:0 BDA:0
[131/584] Corbezzolo fresco ... CREA:0 BDA:0
[132/584] Olivello spinoso (bacche fresche) ... CREA:0 BDA:0
[133/584] Banana plantain / Platano verde crudo ... CREA:0 BDA:1
[134/584] Mangostano fresco ... CREA:0 BDA:0
[135/584] Durian fresco (polpa) ... CREA:0 BDA:3
[136/584] Pastinaca fresca ... CREA:0 BDA:0
[137/584] Navone / Rapa svedese fresca ... CREA:0 BDA:0
[138/584] Lampascioni / Muscari (cipolletti selvatici) ... CREA:0 BDA:0
[139/584] Borragine fresca ... CREA:0 BDA:0
[140/584] Coltivato / Songino / Valerianella fresca ... CREA:0 BDA:0
[141/584] 'Nduja calabrese (insaccato spalmabile) ... CREA:0 BDA:0
[142/584] Guanciale stagionato ... CREA:0 BDA:0
[143/584] Focaccia barese (con pomodorini) ... CREA:1 BDA:8
[144/584] Schiacciata toscana all'olio ... CREA:0 BDA:0
[145/584] Tigella emiliana (crescentina) ... CREA:0 BDA:0
[146/584] Pane carasau sardo (carta da musica) ... CREA:0 BDA:0
[147/584] Moringa in polvere (Moringa oleifera) ... CREA:0 BDA:0
[148/584] Spirulina in polvere (Arthrospira platensis) ... CREA:0 BDA:0
[149/584] Chlorella in polvere ... CREA:0 BDA:0
[150/584] Erba di grano (wheatgrass) in polvere ... CREA:0 BDA:0
[151/584] Alga Klamath (AFA) in polvere ... CREA:0 BDA:0
[152/584] Aceto balsamico di Modena IGP ... CREA:0 BDA:7
[153/584] Worcestershire sauce (salsa inglese) ... CREA:2 BDA:2
[154/584] Tabasco (salsa piccante al peperoncino) ... CREA:2 BDA:2
[155/584] Miso rosso (akamiso, pasta fermentata) ... CREA:0 BDA:0
[156/584] Salsa sriracha industriale ... CREA:2 BDA:2
[157/584] Za'atar (mix spezie mediorientali) ... CREA:0 BDA:0
[158/584] Ras el hanout (miscela spezie nordafricane) ... CREA:0 BDA:0
[159/584] Berbere (miscela spezie etiope) ... CREA:0 BDA:0
[160/584] Gommasio (sesamo tostato e sale) ... CREA:1 BDA:1
[161/584] Farina di grillo (Acheta domesticus) ... CREA:0 BDA:0
[162/584] Succo di aloe vera puro ... CREA:7 BDA:8
[163/584] Acqua di cocco naturale (senza zuccheri aggiunti) ... CREA:8 BDA:8
[164/584] Succo di ginger fresco (zenzero) ... CREA:0 BDA:0
[165/584] Succo di curcuma fresco ... CREA:7 BDA:8
[166/584] Cold brew tè verde (senza zucchero) ... CREA:8 BDA:1
[167/584] Matcha in polvere (cerimonia) ... CREA:0 BDA:0
[168/584] Shirataki / Noodles di konjac (cotti) ... CREA:8 BDA:8
[169/584] Farina di konjac / glucomannano ... CREA:8 BDA:8
[170/584] Jackfruit (frutto del pane) in salamoia sgocciolato ... CREA:0 BDA:1
[171/584] Labneh (yogurt colato mediorientale) ... CREA:8 BDA:8
[172/584] Halloumi (formaggio cipriota grigliabile) ... CREA:5 BDA:6
[173/584] Feta di capra (formaggio greco DOP) al 100% ... CREA:5 BDA:6
[174/584] Pecorino di Pienza stagionato ... CREA:3 BDA:5
[175/584] Castelmagno DOP ... CREA:0 BDA:0
[176/584] Kamut (Khorasan) chicchi crudi ... CREA:0 BDA:0
[177/584] Freekeh (grano verde tostato) ... CREA:2 BDA:8
[178/584] Bulgur di farro crudo ... CREA:0 BDA:2
[179/584] Roveja (pisello selvatico umbro) secca ... CREA:0 BDA:0
[180/584] Ceci neri / Cicerchie nere secche ... CREA:3 BDA:3
[181/584] Verdure miste ... CREA:0 BDA:0
[182/584] Pancarrè / Pane in cassetta ... CREA:0 BDA:0
[183/584] Pane di Altamura (DOP) ... CREA:8 BDA:3
[184/584] Yogurt greco magro (0% grassi) ... CREA:1 BDA:5
[185/584] Pasta cotta con pomodoro (piatto pronto) ... CREA:0 BDA:0
[186/584] Risotto al pomodoro (cotto) ... CREA:8 BDA:8
[187/584] Polpette di carne al sugo ... CREA:0 BDA:0
[188/584] Kefir di latte intero ... CREA:0 BDA:0
[189/584] Kefir di latte magro ... CREA:0 BDA:0
[190/584] Kombucha (bevanda fermentata da tè) ... CREA:8 BDA:4
[191/584] Tempeh di soia al naturale ... CREA:0 BDA:1
[192/584] Asiago pressato (DOP) ... CREA:8 BDA:3
[193/584] Squacquerone di Romagna DOP ... CREA:0 BDA:0
[194/584] Amaranto cotto ... CREA:0 BDA:1
[195/584] Teff crudo (cereale etiope) ... CREA:0 BDA:0
[196/584] Cime di rapa cotte ... CREA:0 BDA:0
[197/584] Friarielli/Broccoli di rapa saltati ... CREA:0 BDA:0
[198/584] Topinambur crudo ... CREA:1 BDA:0
[199/584] Cavolo nero (toscano) crudo ... CREA:0 BDA:0
[200/584] Borragine (foglie crude) ... CREA:1 BDA:4
[201/584] Lampascioni (cipollacci)/muscari crudi ... CREA:0 BDA:0
[202/584] Corbezzole (corbezzolo) fresche ... CREA:0 BDA:0
[203/584] Bergamotto (frutto fresco) ... CREA:0 BDA:1
[204/584] Sambuco (bacche di) fresche ... CREA:0 BDA:0
[205/584] Azzeruole fresche ... CREA:0 BDA:0
[206/584] Sgombro sott'olio (conserva) ... CREA:2 BDA:2
[207/584] Acciughe/alici sott'olio (conserva) ... CREA:2 BDA:2
[208/584] Totano al naturale crudo ... CREA:0 BDA:0
[209/584] Razza (pesce) cruda ... CREA:5 BDA:6
[210/584] Cannolicchi (mollusco) al naturale ... CREA:0 BDA:0
[211/584] Fasolari (mollusco) al naturale ... CREA:0 BDA:0
[212/584] Branzino (spigola) al forno ... CREA:2 BDA:2
[213/584] Orata al cartoccio ... CREA:3 BDA:3
[214/584] Guanciale di maiale stagionato ... CREA:0 BDA:0
[215/584] Lardo di Colonnata (stagionato) ... CREA:0 BDA:2
[216/584] Coppa/capocollo stagionata ... CREA:0 BDA:0
[217/584] Stracotto di manzo (brasato cotto) ... CREA:0 BDA:0
[218/584] Faraona arrosto ... CREA:5 BDA:6
[219/584] Orecchiette fresche (pasta di semola) ... CREA:4 BDA:4
[220/584] Trofie fresche (pasta ligure) ... CREA:7 BDA:8
[221/584] Bigoli (pasta integrale veneta) ... CREA:2 BDA:8
[222/584] Pici (pasta toscana grossa) ... CREA:7 BDA:8
[223/584] Maltagliati all'uovo freschi ... CREA:0 BDA:0
[224/584] Lupini sgusciati conservati (sotto sale) ... CREA:2 BDA:1
[225/584] Anguilla fresca ... CREA:5 BDA:4
[226/584] Cozze (muscoli) ... CREA:0 BDA:0
[227/584] Melograno (arilli) ... CREA:0 BDA:0
[228/584] Cachi (loto) ... CREA:0 BDA:0
[229/584] Edamame (soia verde) ... CREA:8 BDA:8
[230/584] Semi di girasole ... CREA:1 BDA:1
[231/584] Semi di sesamo ... CREA:1 BDA:3
[232/584] Semi di lino macinati ... CREA:1 BDA:3
[233/584] Semi di zucca ... CREA:1 BDA:3
[234/584] Nduja calabrese ... CREA:0 BDA:0
[235/584] Aceto balsamico di Modena ... CREA:0 BDA:7
[236/584] Pesto alla genovese (artigianale) ... CREA:0 BDA:0
[237/584] Aceto di vino ... CREA:0 BDA:7
[238/584] Alga Kelp (Laminaria) essiccata ... CREA:0 BDA:0
[239/584] Alga Dulse essiccata ... CREA:0 BDA:0
[240/584] Agar-agar (essiccato) ... CREA:1 BDA:0
[241/584] Malva fresca ... CREA:0 BDA:0
[242/584] Silene (erba) fresca ... CREA:0 BDA:2
[243/584] Mirtilli essiccati ... CREA:1 BDA:1
[244/584] Latte di riso commerciale ... CREA:8 BDA:8
[245/584] Koji di riso ... CREA:0 BDA:0
[246/584] Uovo fritto (olio EVO) ... CREA:8 BDA:8
[247/584] Lasagne al forno (artigianale, ragù e besciamella) ... CREA:0 BDA:0
[248/584] Crespelle / crepes (pasta, latte, uova) ... CREA:0 BDA:0
[249/584] Manzo macinato (bovino, magro 10% grassi) ... CREA:0 BDA:8
[250/584] Maiale macinato ... CREA:8 BDA:1
[251/584] Polpa di pomodoro a pezzi (in scatola) ... CREA:8 BDA:8
[252/584] Fegato di maiale ... CREA:8 BDA:1
[253/584] Salmone cotto al forno ... CREA:3 BDA:3
[254/584] Brodo di pesce (fumetto) ... CREA:0 BDA:0
[255/584] Pollo lessato (bollito, senza pelle) ... CREA:0 BDA:0
[256/584] Sorbetto alla frutta ... CREA:1 BDA:4
[257/584] Vitello scaloppina ... CREA:8 BDA:8
[258/584] Agnello macinato crudo ... CREA:7 BDA:8
[259/584] Gallinella di mare ... CREA:0 BDA:0
[260/584] Rabarbaro crudo ... CREA:0 BDA:0
[261/584] Farina Manitoba (tipo 0 proteica) ... CREA:8 BDA:5
[262/584] Farina di grano tenero tipo 2 ... CREA:8 BDA:2
[263/584] Sugo all'amatriciana artigianale ... CREA:0 BDA:0
[264/584] Sugo alla carbonara (salsa) ... CREA:2 BDA:2
[265/584] Lievito alimentare (nutrizionale) in scaglie ... CREA:0 BDA:0
[266/584] Sardina fresca ... CREA:0 BDA:0
[267/584] Pesce spada alla griglia ... CREA:5 BDA:1
[268/584] Crema di riso ... CREA:8 BDA:3
[269/584] Crema di mais ... CREA:8 BDA:3
[270/584] Baguette ... CREA:0 BDA:0
[271/584] Tarallo pugliese ... CREA:0 BDA:0
[272/584] Tè deteinato ... CREA:0 BDA:0
[273/584] Capesante crude ... CREA:0 BDA:0
[274/584] Ostriche crude ... CREA:0 BDA:0
[275/584] Palamita fresca ... CREA:0 BDA:0
[276/584] Cozze bollite ... CREA:0 BDA:0
[277/584] Gambero rosa bollito ... CREA:0 BDA:1
[278/584] Merlano (nasello) crudo ... CREA:8 BDA:0
[279/584] Cavolo romano crudo ... CREA:7 BDA:3
[280/584] Cipolla rossa cruda ... CREA:0 BDA:0
[281/584] Valerianella cruda ... CREA:0 BDA:0
[282/584] Peperone arrosto in vasetto ... CREA:0 BDA:0
[283/584] Fico d'India fresco ... CREA:0 BDA:0
[284/584] Pitahaya (Dragon Fruit) fresca ... CREA:0 BDA:0
[285/584] Maracuja (Frutto della Passione) fresco ... CREA:0 BDA:1
[286/584] Semi di girasole tostati ... CREA:1 BDA:1
[287/584] Noci del Brasile (Paranoci) ... CREA:0 BDA:0
[288/584] Wasabi in pasta ... CREA:0 BDA:0
[289/584] Edamame (soia verde) lessato ... CREA:8 BDA:8
[290/584] Tofu sodo (extra firm) ... CREA:1 BDA:2
[291/584] Seitan (glutine di grano) ... CREA:0 BDA:0
[292/584] Cavolo nero crudo ... CREA:7 BDA:3
[293/584] Cavolini di Bruxelles crudi ... CREA:0 BDA:0
[294/584] Cipollotti freschi crudi ... CREA:0 BDA:0
[295/584] Melograno (arilli) fresco ... CREA:0 BDA:0
[296/584] Chia semi crudi ... CREA:6 BDA:3
[297/584] Semi di lino crudi ... CREA:1 BDA:3
[298/584] Semi di canapa sgusciati ... CREA:1 BDA:3
[299/584] Tahina (pasta di sesamo) ... CREA:7 BDA:6
[300/584] Miso di soia (pasta) ... CREA:7 BDA:8
[301/584] Aceto di mele ... CREA:0 BDA:7
[302/584] Latte di avena non zuccherato ... CREA:8 BDA:8
[303/584] Tè verde in infuso ... CREA:7 BDA:0
[304/584] Curcuma in polvere ... CREA:0 BDA:0
[305/584] Zenzero fresco ... CREA:0 BDA:0
[306/584] Cannella in polvere ... CREA:0 BDA:1
[307/584] Fiocchi di frumento integrali ... CREA:2 BDA:6
[308/584] Frumento soffiato ... CREA:8 BDA:6
[309/584] Semi di anice ... CREA:1 BDA:3
[310/584] Coriandolo in semi (polvere) ... CREA:6 BDA:8
[311/584] Fieno greco (semi) ... CREA:1 BDA:8
[312/584] Pepe bianco macinato ... CREA:8 BDA:5
[313/584] Rafano fresco (radice, cren) ... CREA:0 BDA:0
[314/584] Crusca d'avena ... CREA:2 BDA:2
[315/584] Vaniglia (baccello intero) ... CREA:1 BDA:3
[316/584] Macis (mace, spezia) ... CREA:0 BDA:0
[317/584] Pepe verde in salamoia ... CREA:8 BDA:5
[318/584] Capperi sotto sale (dissalati) ... CREA:0 BDA:0
[319/584] Semi di sesamo tostati ... CREA:1 BDA:3
[320/584] Sesamo nero (semi crudi) ... CREA:1 BDA:8
[321/584] Ciliegie fresche ... CREA:0 BDA:2
[322/584] Melograno (chicchi) ... CREA:0 BDA:0
[323/584] Mirtilli rossi (cranberry) ... CREA:0 BDA:0
[324/584] Anguria ... CREA:0 BDA:0
[325/584] More fresche ... CREA:0 BDA:0
[326/584] Arachidi tostare non salate ... CREA:2 BDA:7
[327/584] Semi di zucca crudi ... CREA:1 BDA:3
[328/584] Semi di girasole crudi ... CREA:1 BDA:1
[329/584] Semi di lino crudi ... CREA:1 BDA:3
[330/584] Semi di canapa sgusciati ... CREA:1 BDA:3
[331/584] Cavolo cappuccio crudo ... CREA:2 BDA:2
[332/584] Cavoletti di Bruxelles crudi ... CREA:0 BDA:0
[333/584] Porro crudo ... CREA:0 BDA:0
[334/584] Bietola da coste cruda ... CREA:0 BDA:1
[335/584] Topinambur crudo ... CREA:1 BDA:0
[336/584] Indivia belga ... CREA:1 BDA:1
[337/584] Cipolla rossa cruda ... CREA:0 BDA:0
[338/584] Okra (gombo) crudo ... CREA:0 BDA:0
[339/584] Pak choi crudo ... CREA:0 BDA:0
[340/584] Cavolo nero (foglie) ... CREA:2 BDA:4
[341/584] Catalogna (puntarelle) ... CREA:0 BDA:1
[342/584] Yam (igname) ... CREA:0 BDA:0
[343/584] Orata fresca ... CREA:3 BDA:3
[344/584] Baccalà sotto sale (dissalato) ... CREA:0 BDA:0
[345/584] Anguilla fresca ... CREA:5 BDA:4
[346/584] Capesante fresche ... CREA:0 BDA:0
[347/584] Tonno fresco (pinna gialla) ... CREA:0 BDA:0
[348/584] Ricci di mare (corallo) ... CREA:1 BDA:0
[349/584] Agnello coscia (magra) ... CREA:0 BDA:7
[350/584] Agnello costolette ... CREA:7 BDA:8
[351/584] Cavallo fettina ... CREA:3 BDA:5
[352/584] Cinghiale (coscia) ... CREA:7 BDA:8
[353/584] Cervo (coscia) ... CREA:7 BDA:8
[354/584] Nduja di Spilinga ... CREA:0 BDA:0
[355/584] Emmental svizzero ... CREA:0 BDA:0
[356/584] Squacquerone di Romagna DOP ... CREA:0 BDA:0
[357/584] Fiore Sardo DOP ... CREA:3 BDA:1
[358/584] Skyr naturale (islandese) ... CREA:0 BDA:0
[359/584] Yogurt greco proteico 2% ... CREA:4 BDA:1
[360/584] Panna da cucina (UHT 18%) ... CREA:1 BDA:3
[361/584] Panna montata (light 25%) ... CREA:1 BDA:2
[362/584] Teff (miglio di Etiopia) ... CREA:2 BDA:1
[363/584] Tortillas di mais ... CREA:0 BDA:0
[364/584] Ciabatta ... CREA:0 BDA:0
[365/584] Edamame (soia verde) ... CREA:8 BDA:8
[366/584] Olio di lino ... CREA:8 BDA:8
[367/584] Tahini (crema di sesamo) ... CREA:8 BDA:3
[368/584] Crostata con marmellata (torta casalinga) ... CREA:2 BDA:1
[369/584] Tiramisù ... CREA:0 BDA:0
[370/584] Gelato alla crema (artigianale) ... CREA:0 BDA:0
[371/584] Budino di riso casalingo ... CREA:0 BDA:2
[372/584] Canederli (Knödel) al pane ... CREA:0 BDA:0
[373/584] Aceto di vino rosso ... CREA:0 BDA:7
[374/584] Aceto balsamico di Modena IGP ... CREA:0 BDA:7
[375/584] Salsa di soia tamari (GF) ... CREA:0 BDA:0
[376/584] Ketchup Heinz ... CREA:1 BDA:0
[377/584] Senape gialla ... CREA:0 BDA:0
[378/584] Miso bianco (shiro miso) ... CREA:0 BDA:0
[379/584] Pesto genovese (basilico) ... CREA:1 BDA:2
[380/584] Lievito alimentare in scaglie ... CREA:1 BDA:3
[381/584] Tè verde (infuso) ... CREA:7 BDA:0
[382/584] Tè nero (infuso) ... CREA:3 BDA:0
[383/584] Bevanda sportiva isotonica (500mL) ... CREA:0 BDA:0
[384/584] Frullato di frutta (homemade con latte) ... CREA:0 BDA:0
[385/584] Topinambur (tartufo di canna) ... CREA:1 BDA:1
[386/584] Ortiche (foglie tenere, cotte) ... CREA:2 BDA:4
[387/584] Borragine (foglie fresche) ... CREA:2 BDA:4
[388/584] Lampascioni (muscari bulbi) ... CREA:0 BDA:0
[389/584] Friarielli (cime di rapa napoletane) ... CREA:0 BDA:0
[390/584] Corbezzolo (frutti freschi) ... CREA:0 BDA:0
[391/584] Giuggiole (jujube fresche) ... CREA:0 BDA:0
[392/584] Fico d'India (ficodindia) ... CREA:0 BDA:0
[393/584] Physalis (alchechengi) ... CREA:0 BDA:0
[394/584] Acerola (ciliegia delle Barbados) ... CREA:0 BDA:0
[395/584] Arancia sanguinella ... CREA:1 BDA:6
[396/584] Uva fragola (Concord/Isabella) ... CREA:0 BDA:0
[397/584] Maracuja (frutto della passione) ... CREA:0 BDA:1
[398/584] Mango essiccato ... CREA:1 BDA:1
[399/584] Bergamotto (frutto, polpa) ... CREA:0 BDA:0
[400/584] Capone / Gallinella (Trigla lucerna) ... CREA:0 BDA:0
[401/584] Zerro (Spicara smaris) ... CREA:0 BDA:0
[402/584] Ombrina (Umbrina cirrosa) ... CREA:0 BDA:1
[403/584] Salmerino alpino ... CREA:0 BDA:0
[404/584] Temolo (Thymallus thymallus) ... CREA:0 BDA:0
[405/584] Luccioperca (sandre, pesce persico europeo) ... CREA:0 BDA:0
[406/584] Cannolicchi (Ensis ensis) ... CREA:0 BDA:0
[407/584] Canestrelli (Aequipecten opercularis) ... CREA:0 BDA:0
[408/584] Murici (Bolinus brandaris, cotti) ... CREA:0 BDA:0
[409/584] Moscardini (Eledone cirrhosa) ... CREA:0 BDA:0
[410/584] Totanetti (calamari piccoli) ... CREA:0 BDA:0
[411/584] Cicerchie (Lathyrus sativus, secche) ... CREA:0 BDA:0
[412/584] Lenticchie nere beluga (cotte) ... CREA:8 BDA:0
[413/584] Fagioli azuki (cotti) ... CREA:8 BDA:8
[414/584] Fagioli dall'occhio (cotti) ... CREA:8 BDA:8
[415/584] Fagioli di Lamon (cotti) ... CREA:8 BDA:8
[416/584] Soia gialla (semi, cotti) ... CREA:0 BDA:0
[417/584] Lupini in salamoia (sgusciati) ... CREA:1 BDA:0
[418/584] Germogli di mung (bean sprouts) ... CREA:0 BDA:0
[419/584] Kamut / Grano Khorasan (cotto) ... CREA:8 BDA:8
[420/584] Farro Spelta (chicchi cotti) ... CREA:0 BDA:0
[421/584] Freekeh (grano verde arrostito, cotto) ... CREA:2 BDA:8
[422/584] Crusca di avena ... CREA:2 BDA:2
[423/584] Pane di Altamura DOP (semola rimacinata) ... CREA:5 BDA:5
[424/584] Pasta di lenticchie rosse (secca) ... CREA:6 BDA:8
[425/584] Pasta di ceci (secca) ... CREA:6 BDA:8
[426/584] Fontina DOP (Valle d'Aosta) ... CREA:0 BDA:0
[427/584] Asiago DOP (giovane, pressato) ... CREA:1 BDA:0
[428/584] Caciocavallo DOP (silano) ... CREA:0 BDA:0
[429/584] Pecorino romano DOP (stagionato) ... CREA:0 BDA:2
[430/584] Quartirolo lombardo ... CREA:0 BDA:0
[431/584] Stracciatella di bufala ... CREA:1 BDA:1
[432/584] Yogurt greco 0% (scremato) ... CREA:7 BDA:8
[433/584] Aneto (fresco) ... CREA:8 BDA:8
[434/584] Maggiorana (secca) ... CREA:6 BDA:8
[435/584] Cardamomo (semi) ... CREA:1 BDA:8
[436/584] Anice stellato (bacche intere) ... CREA:0 BDA:0
[437/584] Colatura di alici di Cetara ... CREA:0 BDA:0
[438/584] Carne di bufalo (magra) ... CREA:0 BDA:7
[439/584] Agnello costine (con osso) ... CREA:8 BDA:8
[440/584] Germano reale (anatra selvatica) ... CREA:2 BDA:2
[441/584] Guanciale (maiale, crudo) ... CREA:7 BDA:0
[442/584] Vitello macinato ... CREA:8 BDA:8
[443/584] Kimchi (cavolo fermentato) ... CREA:7 BDA:3
[444/584] Miso bianco (shiro miso) ... CREA:0 BDA:0
[445/584] Tofu seta (silken tofu) ... CREA:0 BDA:0
[446/584] Seitan (glutine di frumento) ... CREA:0 BDA:0
[447/584] Alga dulse (secca) ... CREA:6 BDA:8
[448/584] Alga kombu (secca) ... CREA:6 BDA:8
[449/584] Cantucci toscani (biscotti di Prato) ... CREA:6 BDA:8
[450/584] Amaretti morbidi ... CREA:0 BDA:0
[451/584] Ricciarelli di Siena (mandorle) ... CREA:3 BDA:6
[452/584] Torta caprese (al cioccolato e mandorle) ... CREA:8 BDA:7
[453/584] Strudel di mele artigianale ... CREA:0 BDA:0
[454/584] Zeppole di San Giuseppe (al forno) ... CREA:8 BDA:8
[455/584] Migliaccio napoletano ... CREA:0 BDA:0
[456/584] Gubana (dolce friulano con frutta secca) ... CREA:3 BDA:8
[457/584] Sorgo (granella) ... CREA:0 BDA:0
[458/584] Fonio (cereale africano) ... CREA:0 BDA:0
[459/584] Grano saraceno integro (secco) ... CREA:3 BDA:8
[460/584] Cime di rapa crude ... CREA:0 BDA:0
[461/584] Friggitello (peperone dolce piccolo) ... CREA:0 BDA:0
[462/584] Daikon (rapanello bianco giapponese) ... CREA:0 BDA:1
[463/584] Zucca marina chioggia (cruda) ... CREA:8 BDA:6
[464/584] Cavolo nero (lacinato, crudo) ... CREA:0 BDA:0
[465/584] Broccolo romanesco (crudo) ... CREA:8 BDA:8
[466/584] Cardo (crudo) ... CREA:8 BDA:8
[467/584] Bieta rossa (coste, cruda) ... CREA:0 BDA:0
[468/584] Topinambur (crudo) ... CREA:8 BDA:8
[469/584] Rucola selvatica (cruda) ... CREA:8 BDA:6
[470/584] More di gelso fresche ... CREA:0 BDA:0
[471/584] Fichi freschi (varietà italiana) ... CREA:2 BDA:0
[472/584] Melagrana (chicchi freschi) ... CREA:0 BDA:1
[473/584] Kiwi giallo (Zespri Gold) ... CREA:0 BDA:0
[474/584] Tamarindo (polpa) ... CREA:0 BDA:3
[475/584] Carambola (stella tropicale) ... CREA:0 BDA:0
[476/584] Aguglia (Belone belone, cruda) ... CREA:0 BDA:0
[477/584] Boghe (Boops boops, crude) ... CREA:0 BDA:0
[478/584] Costardella (pesce volante, cruda) ... CREA:5 BDA:6
[479/584] Trota iridea di allevamento (cruda) ... CREA:8 BDA:6
[480/584] Donzella (Coris julis, cruda) ... CREA:0 BDA:0
[481/584] Bianchetti/neonata (freschi) ... CREA:8 BDA:5
[482/584] Ricci di mare (gonadi fresche) ... CREA:0 BDA:0
[483/584] Fasolari (Callista chione, freschi) ... CREA:0 BDA:0
[484/584] Cannocchie (Squilla mantis, fresche) ... CREA:0 BDA:0
[485/584] Ostriche crude (Ostrea edulis) ... CREA:0 BDA:0
[486/584] Castelmagno DOP (stagionato) ... CREA:0 BDA:2
[487/584] Ragusano DOP ... CREA:0 BDA:0
[488/584] Murazzano DOP (caprino piemontese) ... CREA:1 BDA:1
[489/584] Caprino fresco ... CREA:1 BDA:1
[490/584] Kefir di latte intero (fermentato) ... CREA:0 BDA:0
[491/584] Cinghiale (macinato, crudo) ... CREA:0 BDA:0
[492/584] Cavallo (macinato, crudo) ... CREA:3 BDA:5
[493/584] Anatra muta (petto senza pelle, crudo) ... CREA:1 BDA:8
[494/584] Quaglia intera (cruda) ... CREA:8 BDA:6
[495/584] Semi di canapa decorticati ... CREA:1 BDA:3
[496/584] Semi di lino dorati (interi) ... CREA:0 BDA:0
[497/584] Semi di papavero ... CREA:1 BDA:3
[498/584] Noci macadamia ... CREA:4 BDA:4
[499/584] Semi di zucca tostati (senza sale) ... CREA:8 BDA:1
[500/584] Curry in polvere (miscela) ... CREA:0 BDA:0
[501/584] Paprika affumicata (pimenton) ... CREA:0 BDA:0
[502/584] Pasta di acciughe (in tubo) ... CREA:0 BDA:8
[503/584] Aceto balsamico di Modena IGP ... CREA:0 BDA:7
[504/584] Senape di Digione ... CREA:0 BDA:0
[505/584] Tahini (crema di sesamo) ... CREA:8 BDA:3
[506/584] Olio di sesamo (crudo) ... CREA:8 BDA:8
[507/584] Olio di avocado (spremitura a freddo) ... CREA:0 BDA:0
[508/584] Olio di lino (crudo, non riscaldato) ... CREA:5 BDA:8
[509/584] Roveja (pisello selvatico, secca) ... CREA:0 BDA:0
[510/584] Cicerchia tostata ... CREA:0 BDA:0
[511/584] Polenta taragna (con formaggi, cotta) ... CREA:0 BDA:8
[512/584] Trofie fresche (pasta ligure cruda) ... CREA:7 BDA:8
[513/584] Fregola sarda grande (cruda) ... CREA:8 BDA:6
[514/584] Piadina romagnola tradizionale (cotta) ... CREA:8 BDA:8
[515/584] Acqua di cocco naturale ... CREA:0 BDA:2
[516/584] Tè verde infuso (pronto, senza zucchero) ... CREA:0 BDA:0
[517/584] Tè nero infuso (pronto, senza zucchero) ... CREA:0 BDA:0
[518/584] Tisana di camomilla (pronta) ... CREA:0 BDA:0
[519/584] Sfogliatella riccia napoletana ... CREA:0 BDA:0
[520/584] Seadas sarde (con formaggio) ... CREA:5 BDA:8
[521/584] Tozzetti laziali (con noci) ... CREA:4 BDA:8
[522/584] Mostaccioli napoletani (con spezie) ... CREA:0 BDA:8
[523/584] Torta di riso carrarese ... CREA:1 BDA:1
[524/584] Pinza triestina (dolce festivo) ... CREA:3 BDA:8
[525/584] Finferli / Gallinacci freschi (Cantharellus cibarius) ... CREA:0 BDA:0
[526/584] Chiodini freschi (Armillaria mellea) ... CREA:0 BDA:0
[527/584] Trombette dei morti essiccate (Craterellus cornucopioides) ... CREA:0 BDA:0
[528/584] Pioppini / Agrocybe freschi (Agrocybe aegerita) ... CREA:0 BDA:0
[529/584] Morchelle fresche (Morchella esculenta) ... CREA:0 BDA:0
[530/584] Finferli essiccati (Cantharellus, secchi) ... CREA:0 BDA:0
[531/584] Salame Felino IGP (stagionato) ... CREA:0 BDA:2
[532/584] Finocchiona IGP toscana (stagionata) ... CREA:0 BDA:0
[533/584] Culatello di Zibello DOP ... CREA:0 BDA:0
[534/584] Cotechino di Modena IGP (cotto) ... CREA:8 BDA:8
[535/584] Salsiccia fresca di suino (cruda) ... CREA:8 BDA:6
[536/584] Zampone di Modena IGP (cotto) ... CREA:8 BDA:8
[537/584] Coppa di testa (gelatina di testa suino) ... CREA:1 BDA:2
[538/584] Wurstel di suino e bovino ... CREA:2 BDA:2
[539/584] Pecorino Toscano DOP (stagionato) ... CREA:0 BDA:2
[540/584] Pecorino Sardo DOP (dolce) ... CREA:3 BDA:8
[541/584] Provolone piccante (stagionato) ... CREA:0 BDA:2
[542/584] Quartirolo Lombardo DOP ... CREA:0 BDA:0
[543/584] Squaquerone di Romagna DOP ... CREA:0 BDA:0
[544/584] Murazzano DOP (fresco di pecora) ... CREA:8 BDA:8
[545/584] Valtellina Casera DOP ... CREA:1 BDA:2
[546/584] Puzzone di Moena / Spretz Tzaorì DOP ... CREA:0 BDA:0
[547/584] Piadina romagnola (classica) ... CREA:0 BDA:0
[548/584] Tigelle modenesi (crescentine) ... CREA:0 BDA:0
[549/584] Torta al testo umbra (pane su pietra) ... CREA:8 BDA:8
[550/584] Friselle integrali (pane biscottato pugliese) ... CREA:8 BDA:8
[551/584] Sarago comune (Diplodus sargus) fresco ... CREA:0 BDA:0
[552/584] Totano (Todarodes sagittatus) fresco ... CREA:0 BDA:0
[553/584] Ricci di mare - uova (gonadi) freschi ... CREA:0 BDA:0
[554/584] Vongole veraci fresche (Tapes decussatus) ... CREA:0 BDA:0
[555/584] Arselle / Telline fresche (Donax trunculus) ... CREA:0 BDA:0
[556/584] Granseola (grancevola) fresca ... CREA:0 BDA:0
[557/584] Occhiata (Oblada melanura) fresca ... CREA:0 BDA:0
[558/584] Cicala di mare (Scyllarus arctus) fresca ... CREA:0 BDA:0
[559/584] Prosecco DOC / Spumante brut (per 100ml) ... CREA:0 BDA:8
[560/584] Champagne brut (per 100ml) ... CREA:0 BDA:8
[561/584] Sambuca (per 100ml) ... CREA:0 BDA:8
[562/584] Birra artigianale scura (stout, per 100ml) ... CREA:0 BDA:0
[563/584] Vino passito (per 100ml) ... CREA:0 BDA:8
[564/584] Agnolotti piemontesi al ragù (freschi) ... CREA:8 BDA:5
[565/584] Bistecca fiorentina (vitellone, cruda) ... CREA:8 BDA:8
[566/584] Babà napoletano (con rum) ... CREA:8 BDA:8
[567/584] Lombata di manzo (fiorentina, cruda) ... CREA:0 BDA:0
[568/584] Spezzatino di vitello (cotto) ... CREA:8 BDA:8
[569/584] Insalata mista (lattuga, pomodoro, cetriolo) ... CREA:3 BDA:2
[570/584] Verdure grigliate miste (zucchine, peperoni, melanzane) ... CREA:8 BDA:0
[571/584] Petto di tacchino arrosto (cotto) ... CREA:8 BDA:8
[572/584] Cotoletta alla milanese (impanata, fritta) ... CREA:0 BDA:0
[573/584] Piccata di vitello al limone ... CREA:0 BDA:0
[574/584] Rollata di tacchino (cotto, affettato) ... CREA:8 BDA:3
[575/584] Polpettone di carne (manzo+maiale, cotto) ... CREA:0 BDA:0
[576/584] Arrosto di manzo (cotto al forno) ... CREA:8 BDA:8
[577/584] Arrosto di maiale (lombo, cotto) ... CREA:2 BDA:2
[578/584] Brodo di pollo (fatto in casa) ... CREA:0 BDA:0
[579/584] Zuppa di cipolle (alla francese) ... CREA:6 BDA:8
[580/584] Panino al prosciutto crudo ... CREA:2 BDA:0
[581/584] Panino con mozzarella e pomodoro (caprese) ... CREA:0 BDA:0
[582/584] Frittata con verdure (spinaci o zucchine) ... CREA:4 BDA:3
[583/584] Uova strapazzate al burro ... CREA:8 BDA:2
[584/584] Omelette alle erbe (cotta) ... CREA:8 BDA:8
Scritto manual-review-candidates.json
