Recupero candidati OFF per 40 alimenti (200-240)...
[1/40] Kebab (gyros) con pane pita e salse (per 100g) ... OFF:15 (query: Kebab  con pane pita e salse)
[2/40] Hot dog americano con pane e senape (per 100g) ... OFF:15 (query: Hot dog americano con pane e senape)
[3/40] Panino con hamburger da fast food (generico, per 100g) ... OFF:15 (query: Panino con hamburger da fast food)
[4/40] Oreo biscotti (originali) ... OFF:15 (query: Oreo biscotti)
[5/40] Digestive McVitie's originali ... OFF:15 (query: Digestive McVitie's originali)
[6/40] Kinder Ferrero (mini, per 100g) ... OFF:15 (query: Kinder Ferrero)
[7/40] Raffaello Ferrero (per 100g) ... OFF:15 (query: Raffaello Ferrero)
[8/40] Kinder Sorpresa/Surprise uovo (per 100g) ... OFF:15 (query: Kinder Sorpresa/Surprise uovo)
[9/40] M&Ms al cioccolato al latte (per 100g) ... OFF:15 (query: M&Ms al cioccolato al latte)
[10/40] Haribo caramelle gommose (per 100g) ... OFF:15 (query: Haribo caramelle gommose)
[11/40] Mentos originali (rotolo, per 100g) ... OFF:15 (query: Mentos originali)
[12/40] Barretta proteica tipo Mars Hi-Protein (per 100g) ... OFF:15 (query: Barretta proteica tipo Mars Hi-Protein)
[13/40] Piadina confezionata industriale (Buitoni o sim.) ... OFF:15 (query: Piadina confezionata industriale)
[14/40] Tortilla di grano (industriale, tipo El Sabor) ... OFF:15 (query: Tortilla di grano)
[15/40] Wrap di fajita confezionato (pronto) ... OFF:15 (query: Wrap di fajita confezionato)
[16/40] Tramezzino industriale prosciutto/mozzarella ... OFF:15 (query: Tramezzino industriale prosciutto/mozzarella)
[17/40] Insalata pronta in busta (mista, 100g) ... OFF:15 (query: Insalata pronta in busta)
[18/40] Riso in busta pronto micro (basmati, cotto) ... OFF:15 (query: Riso in busta pronto micro)
[19/40] Brodo di pollo industriale (tetrapak pronto, per 100mL) ... OFF:15 (query: Brodo di pollo industriale)
[20/40] Minestrone pronto in tetrapak (per 100g) ... OFF:15 (query: Minestrone pronto in tetrapak)
[21/40] Crema di zucca in vasetto industriale ... OFF:15 (query: Crema di zucca in vasetto industriale)
[22/40] Hummus industriale in vasetto (chickpea spread) ... OFF:15 (query: Hummus industriale in vasetto)
[23/40] Guacamole industriale in vasetto ... OFF:15 (query: Guacamole industriale in vasetto)
[24/40] Tzatziki industriale (salsa greca) ... OFF:15 (query: Tzatziki industriale)
[25/40] Arrosto di pollo pronto in busta (taglio fette) ... OFF:15 (query: Arrosto di pollo pronto in busta)
[26/40] Lasagne pronte surgelate (Findus o sim.) ... OFF:15 (query: Lasagne pronte surgelate)
[27/40] Red Bull Energy Drink (lattina 250mL, per 100mL) ... OFF:15 (query: Red Bull Energy Drink)
[28/40] Monster Energy (lattina 500mL, per 100mL) ... OFF:15 (query: Monster Energy)
[29/40] Gatorade (bevanda sportiva isotonica, per 100mL) ... OFF:15 (query: Gatorade)
[30/40] Powerade (bevanda sportiva, per 100mL) ... OFF:15 (query: Powerade)
[31/40] Tè freddo al limone Nestea (per 100mL) ... OFF:15 (query: Tè freddo al limone Nestea)
[32/40] Capri-Sun (bustina 200mL, per 100mL) ... OFF:15 (query: Capri-Sun)
[33/40] Frappuccino Starbucks in bottiglia (per 100mL) ... OFF:15 (query: Frappuccino Starbucks in bottiglia)
[34/40] Succo ACE (carota, arancia, limone, per 100mL) ... OFF:15 (query: Succo ACE)
[35/40] Frosties Kellogg's (per 100g) ... OFF:15 (query: Frosties Kellogg's)
[36/40] Coco Pops Kellogg's (per 100g) ... OFF:15 (query: Coco Pops Kellogg's)
[37/40] All Bran Kellogg's (per 100g) ... OFF:15 (query: All Bran Kellogg's)
[38/40] Special K Kellogg's (per 100g) ... OFF:15 (query: Special K Kellogg's)
[39/40] Granola industriale miele e noci (per 100g) ... OFF:15 (query: Granola industriale miele e noci)
[40/40] Muesli industriale classico (per 100g) ... OFF:15 (query: Muesli industriale classico)
Scritto manual-review-candidates-upf.json
