Recupero candidati OFF per 60 alimenti (60-120)...
[1/60] Risotto ai funghi pronto in busta ... OFF:15 (query: Risotto ai funghi pronto in busta)
[2/60] Pollo al curry pronto in vaschetta ... OFF:15 (query: Pollo al curry pronto in vaschetta)
[3/60] Patatine soffiato tipo Cheetos ... OFF:15 (query: Patatine soffiato tipo Cheetos)
[4/60] Kebab in pita industriale ... OFF:15 (query: Kebab in pita industriale)
[5/60] Spring roll / Rotoli primavera surgelati ... OFF:15 (query: Spring roll / Rotoli primavera surgelati)
[6/60] Succo di frutta multivitaminico zuccherato ... OFF:15 (query: Succo di frutta multivitaminico zuccherato)
[7/60] Frullato di frutta industriale (smoothie) ... OFF:15 (query: Frullato di frutta industriale)
[8/60] Tè freddo zuccherato aromatizzato (bottiglia) ... OFF:15 (query: Tè freddo zuccherato aromatizzato)
[9/60] Succo di melograno zuccherato ... OFF:15 (query: Succo di melograno zuccherato)
[10/60] Hamburger fast food classico ... OFF:15 (query: Hamburger fast food classico)
[11/60] Patate fritte fast food (porzione media, 100g) ... OFF:15 (query: Patate fritte fast food)
[12/60] Hot dog / Würstel in panino ... OFF:15 (query: Hot dog / Würstel in panino)
[13/60] Pasta istantanea (ramen industriale, 100g cotto) ... OFF:15 (query: Pasta istantanea)
[14/60] Minestra in busta liofilizzata ... OFF:15 (query: Minestra in busta liofilizzata)
[15/60] Wurstel di pollo e maiale ... OFF:15 (query: Wurstel di pollo e maiale)
[16/60] Salamino piccante tipo pepperoni ... OFF:15 (query: Salamino piccante tipo pepperoni)
[17/60] Pancetta affumicata (bacon) ... OFF:15 (query: Pancetta affumicata)
[18/60] Prosciutto cotto affumicato industriale ... OFF:15 (query: Prosciutto cotto affumicato industriale)
[19/60] Barretta cioccolato tipo Snickers (100g) ... OFF:15 (query: Barretta cioccolato tipo Snickers)
[20/60] Cioccolato al latte confezionato (tipo Milka, 100g) ... OFF:15 (query: Cioccolato al latte confezionato)
[21/60] Gelato confezionato tipo Oreo ... OFF:15 (query: Gelato confezionato tipo Oreo)
[22/60] Torta confezionata tipo plumcake (per 100g) ... OFF:15 (query: Torta confezionata tipo plumcake)
[23/60] Cereali zuccherati tipo Corn Flakes ... OFF:15 (query: Cereali zuccherati tipo Corn Flakes)
[24/60] Dado da brodo industriale (per 100g) ... OFF:15 (query: Dado da brodo industriale)
[25/60] Bevanda isotonica sportiva tipo Gatorade (per 100mL) ... OFF:15 (query: Bevanda isotonica sportiva tipo Gatorade)
[26/60] Succo di frutta 100% in brick (per 100mL) ... OFF:15 (query: Succo di frutta 100% in brick)
[27/60] Eritritolo (dolcificante naturale) ... OFF:15 (query: Eritritolo dolcificante naturale)
[28/60] Xilitolo (dolcificante betulla) ... OFF:1 (query: Xilitolo)
[29/60] Maltitolo (sciroppo/polvere) ... OFF:15 (query: Maltitolo sciroppo polvere)
[30/60] Sorbitolo (E420) ... OFF:15 (query: E420)
[31/60] Isomalto (E953) ... OFF:15 (query: Isomalto)
[32/60] Sciroppo di riso integrale ... OFF:15 (query: Sciroppo di riso integrale)
[33/60] Pasta proteica keto (lupin/konjac) ... OFF:15 (query: Pasta proteica keto)
[34/60] Barretta keto con cioccolato fondente ... OFF:15 (query: Barretta keto con cioccolato fondente)
[35/60] Cracker di semi misti keto ... OFF:15 (query: Cracker di semi misti keto)
[36/60] Farina di mandorle degraissata ... OFF:15 (query: Farina di mandorle degraissata)
[37/60] Farina di cocco disidratata ... OFF:15 (query: Farina di cocco disidratata)
[38/60] Quark proteico 0% grassi ... OFF:15 (query: Quark proteico 0% grassi)
[39/60] Yogurt greco 17% proteine ... OFF:15 (query: Yogurt greco 17% proteine)
[40/60] Pasta di soia (alto prot.) ... OFF:15 (query: Pasta di soia)
[41/60] Latte senza lattosio intero ... OFF:15 (query: Latte senza lattosio intero)
[42/60] Pasta integrale senza glutine (quinoa-mais) ... OFF:15 (query: Pasta integrale senza glutine)
[43/60] Pane integrale senza glutine con semi ... OFF:15 (query: Pane integrale senza glutine con semi)
[44/60] Polvere addensante (per disfagia, tipo Nutilis) ... OFF:15 (query: Polvere addensante)
[45/60] Modulare calorico lipidico (Calogen) ... OFF:15 (query: Modulare calorico lipidico)
[46/60] Modulare proteico (Protifar polvere, 100g) ... OFF:15 (query: Modulare proteico)
[47/60] Modulare glucidico (Maxijul/Fantomalt) ... OFF:15 (query: Modulare glucidico)
[48/60] Soluzione reidratante orale (ORS WHO) ... OFF:15 (query: Soluzione reidratante orale)
[49/60] McDonald's Patatine fritte grandi (per 100g) ... OFF:15 (query: McDonald's Patatine fritte grandi)
[50/60] McDonald's McFlurry Oreo (per 100g) ... OFF:15 (query: McDonald's McFlurry Oreo)
[51/60] Burger King Whopper (per 100g) ... OFF:15 (query: Burger King Whopper)
[52/60] KFC Pollo fritto croccante (per 100g) ... OFF:15 (query: KFC Pollo fritto croccante)
[53/60] Subway Veggie Delite (sandwich 6", per 100g) ... OFF:15 (query: Subway Veggie Delite)
[54/60] Subway Tuna sub (sandwich 6", per 100g) ... OFF:15 (query: Subway Tuna sub)
[55/60] Hot dog americano con pane e senape (per 100g) ... OFF:15 (query: Hot dog americano con pane e senape)
[56/60] Panino con hamburger da fast food (generico, per 100g) ... OFF:15 (query: Panino con hamburger da fast food)
[57/60] M&Ms al cioccolato al latte (per 100g) ... OFF:15 (query: M&Ms al cioccolato al latte)
[58/60] Mentos originali (rotolo, per 100g) ... OFF:15 (query: Mentos originali)
[59/60] Tortilla di grano (industriale, tipo El Sabor) ... OFF:15 (query: Tortilla di grano)
[60/60] Tramezzino industriale prosciutto/mozzarella ... OFF:15 (query: Tramezzino industriale prosciutto/mozzarella)
Scritto manual-review-candidates-upf.json
