Recupero candidati USDA per 60 alimenti (80-140)...
[1/60] Omogeneizzato di tacchino baby ... USDA:15 (query: Omogeneizzato di tacchino baby)
[2/60] Beyond Meat Burger ... USDA:15 (query: Beyond Meat Burger)
[3/60] Beyond Meat Salsicce ... USDA:15 (query: Beyond Meat Salsicce)
[4/60] Polpette vegane (soia e legumi) ... USDA:9 (query: Polpette vegane soia e legumi)
[5/60] Maionese vegana ... USDA:0 (query: nessuna)
[6/60] Crema al cioccolato vegana ... USDA:1 (query: Crema al cioccolato vegana)
[7/60] Yogurt di cocco naturale ... USDA:15 (query: Yogurt di cocco naturale)
[8/60] Latte di cocco da bere (Alpro) ... USDA:0 (query: nessuna)
[9/60] Wurstel vegano (soia) ... USDA:0 (query: nessuna)
[10/60] Prosciutto vegano (affettato) ... USDA:0 (query: nessuna)
[11/60] Panna di avena (da cucina) ... USDA:1 (query: Panna di avena)
[12/60] Burro di cocco vergine ... USDA:0 (query: nessuna)
[13/60] Formaggio vegano affettato ... USDA:0 (query: nessuna)
[14/60] Pane senza glutine (pronto) ... USDA:3 (query: Pane senza glutine)
[15/60] Pizza senza glutine (base surgelata) ... USDA:15 (query: Pizza senza glutine)
[16/60] Biscotti senza glutine al cioccolato ... USDA:4 (query: Biscotti senza glutine al cioccolato)
[17/60] Crackers senza glutine (riso) ... USDA:15 (query: Crackers senza glutine)
[18/60] Muesli senza glutine ... USDA:5 (query: Muesli senza glutine)
[19/60] Farina di mandorle ... USDA:5 (query: Farina di mandorle)
[20/60] Piadina senza glutine ... USDA:3 (query: Piadina senza glutine)
[21/60] Gnocchi di patate senza glutine ... USDA:3 (query: Gnocchi di patate senza glutine)
[22/60] Tiramisù senza glutine ... USDA:3 (query: Tiramisù senza glutine)
[23/60] Pasta senza glutine di mais (cotta) ... USDA:15 (query: Pasta senza glutine di mais)
[24/60] Mass gainer (weight gainer) ... USDA:4 (query: Mass gainer weight gainer)
[25/60] BCAA in polvere ... USDA:0 (query: nessuna)
[26/60] Creatina monoidrato ... USDA:0 (query: nessuna)
[27/60] Barretta proteica (media) ... USDA:0 (query: nessuna)
[28/60] Barretta energetica (media) ... USDA:0 (query: nessuna)
[29/60] Gel energetico per sportivi ... USDA:3 (query: Gel energetico per sportivi)
[30/60] Bevanda isotonica preparata ... USDA:0 (query: nessuna)
[31/60] Beta-alanina (polvere) ... USDA:3 (query: Beta-alanina)
[32/60] L-Glutammina (polvere) ... USDA:15 (query: L-Glutammina)
[33/60] Pre-workout (polvere media) ... USDA:9 (query: Pre-workout)
[34/60] Energade (per 100ml) ... USDA:3 (query: Energade per 100ml)
[35/60] Powerade Mountain Blast (per 100ml) ... USDA:6 (query: Powerade Mountain Blast)
[36/60] Aquarius limone (per 100ml) ... USDA:1 (query: Aquarius limone)
[37/60] Gatorade arancia (per 100ml) ... USDA:3 (query: Gatorade arancia)
[38/60] Isostar (per 100ml) ... USDA:3 (query: Isostar per 100ml)
[39/60] Bevanda di avena Oatly (per 100ml) ... USDA:1 (query: Bevanda di avena Oatly)
[40/60] Bevanda di soia Alpro (per 100ml) ... USDA:3 (query: Bevanda di soia Alpro per 100ml)
[41/60] Bevanda di mandorle Alpro (per 100ml) ... USDA:3 (query: Bevanda di mandorle Alpro per 100ml)
[42/60] Bevanda di riso non dolcificata (per 100ml) ... USDA:15 (query: Bevanda di riso non dolcificata)
[43/60] Bevanda di cocco Alpro (per 100ml) ... USDA:3 (query: Bevanda di cocco Alpro per 100ml)
[44/60] Panna di soia da cucina ... USDA:0 (query: nessuna)
[45/60] Crema di anacardi ... USDA:0 (query: nessuna)
[46/60] Seitan ... USDA:0 (query: nessuna)
[47/60] Coca-Cola (per 100ml) ... USDA:15 (query: Coca-Cola)
[48/60] Coca-Cola Zero (per 100ml) ... USDA:15 (query: Coca-Cola Zero)
[49/60] Pepsi (per 100ml) ... USDA:1 (query: Pepsi)
[50/60] Fanta arancia (per 100ml) ... USDA:3 (query: Fanta arancia per 100ml)
[51/60] Succo ACE (per 100ml) ... USDA:3 (query: Succo ACE per 100ml)
[52/60] Succo di mela Yoga (per 100ml) ... USDA:3 (query: Succo di mela Yoga per 100ml)
[53/60] Succo di arancia Yoga (per 100ml) ... USDA:3 (query: Succo di arancia Yoga per 100ml)
[54/60] The freddo limone Nestlé (per 100ml) ... USDA:1 (query: The freddo limone Nestlé)
[55/60] The freddo pesca Nestlé (per 100ml) ... USDA:3 (query: The freddo pesca Nestlé per 100ml)
[56/60] Acqua tonica (per 100ml) ... USDA:3 (query: Acqua tonica per 100ml)
[57/60] Birra lager (4.5% alc, per 100ml) ... USDA:6 (query: Birra lager 4.5% alc, per 100ml)
[58/60] Birra rossa (per 100ml) ... USDA:3 (query: Birra rossa per 100ml)
[59/60] Birra artigianale IPA (per 100ml) ... USDA:3 (query: Birra artigianale IPA per 100ml)
[60/60] Vino bianco secco (per 100ml) ... USDA:3 (query: Vino bianco secco per 100ml)
Scritto manual-review-candidates-extra.json
