Recupero candidati OFF per 60 alimenti (120-180)...
[1/60] Barretta ai cereali e miele industriale ... OFF:15 (query: Barretta ai cereali e miele industriale)
[2/60] Dado da brodo industriale (per 100g) ... OFF:15 (query: Dado da brodo industriale)
[3/60] Energy drink tipo Red Bull (per 100mL) ... OFF:15 (query: Energy drink tipo Red Bull)
[4/60] Bevanda isotonica sportiva tipo Gatorade (per 100mL) ... OFF:15 (query: Bevanda isotonica sportiva tipo Gatorade)
[5/60] Succo di frutta 100% in brick (per 100mL) ... OFF:15 (query: Succo di frutta 100% in brick)
[6/60] Eritritolo (dolcificante naturale) ... OFF:15 (query: Eritritolo dolcificante naturale)
[7/60] Xilitolo (dolcificante betulla) ... OFF:1 (query: Xilitolo)
[8/60] Maltitolo (sciroppo/polvere) ... OFF:15 (query: Maltitolo sciroppo polvere)
[9/60] Sorbitolo (E420) ... OFF:15 (query: E420)
[10/60] Isomalto (E953) ... OFF:15 (query: Isomalto)
[11/60] Sciroppo di riso integrale ... OFF:15 (query: Sciroppo di riso integrale)
[12/60] Pasta proteica keto (lupin/konjac) ... OFF:15 (query: Pasta proteica keto)
[13/60] Barretta keto con cioccolato fondente ... OFF:15 (query: Barretta keto con cioccolato fondente)
[14/60] Cracker di semi misti keto ... OFF:15 (query: Cracker di semi misti keto)
[15/60] Farina di mandorle degraissata ... OFF:15 (query: Farina di mandorle degraissata)
[16/60] Farina di cocco disidratata ... OFF:15 (query: Farina di cocco disidratata)
[17/60] Quark proteico 0% grassi ... OFF:15 (query: Quark proteico 0% grassi)
[18/60] Yogurt greco 17% proteine ... OFF:15 (query: Yogurt greco 17% proteine)
[19/60] Pasta di soia (alto prot.) ... OFF:15 (query: Pasta di soia)
[20/60] Latte senza lattosio intero ... OFF:15 (query: Latte senza lattosio intero)
[21/60] Pasta integrale senza glutine (quinoa-mais) ... OFF:15 (query: Pasta integrale senza glutine)
[22/60] Pane integrale senza glutine con semi ... OFF:15 (query: Pane integrale senza glutine con semi)
[23/60] Polvere addensante (per disfagia, tipo Nutilis) ... OFF:15 (query: Polvere addensante)
[24/60] Modulare calorico lipidico (Calogen) ... OFF:15 (query: Modulare calorico lipidico)
[25/60] Modulare proteico (Protifar polvere, 100g) ... OFF:15 (query: Modulare proteico)
[26/60] Modulare glucidico (Maxijul/Fantomalt) ... OFF:1 (query: Modulare glucidico Maxijul Fantomalt)
[27/60] Soluzione reidratante orale (ORS WHO) ... OFF:15 (query: Soluzione reidratante orale)
[28/60] McDonald's Big Mac (per 100g) ... OFF:15 (query: McDonald's Big Mac)
[29/60] McDonald's Patatine fritte grandi (per 100g) ... OFF:15 (query: McDonald's Patatine fritte grandi)
[30/60] McDonald's McNuggets (per 100g) ... OFF:15 (query: McDonald's McNuggets)
[31/60] McDonald's McFlurry Oreo (per 100g) ... OFF:15 (query: McDonald's McFlurry Oreo)
[32/60] Burger King Whopper (per 100g) ... OFF:15 (query: Burger King Whopper)
[33/60] KFC Pollo fritto croccante (per 100g) ... OFF:15 (query: KFC Pollo fritto croccante)
[34/60] Pizza surgelata Margherita (Dr. Oetker, per 100g) ... OFF:15 (query: Pizza surgelata Margherita)
[35/60] Pizza surgelata Diavola/Pepperoni (per 100g) ... OFF:15 (query: Pizza surgelata Diavola/Pepperoni)
[36/60] Subway Veggie Delite (sandwich 6", per 100g) ... OFF:15 (query: Subway Veggie Delite)
[37/60] Subway Tuna sub (sandwich 6", per 100g) ... OFF:15 (query: Subway Tuna sub)
[38/60] Hot dog americano con pane e senape (per 100g) ... OFF:15 (query: Hot dog americano con pane e senape)
[39/60] Panino con hamburger da fast food (generico, per 100g) ... OFF:15 (query: Panino con hamburger da fast food)
[40/60] M&Ms al cioccolato al latte (per 100g) ... OFF:15 (query: M&Ms al cioccolato al latte)
[41/60] Mentos originali (rotolo, per 100g) ... OFF:15 (query: Mentos originali)
[42/60] Tortilla di grano (industriale, tipo El Sabor) ... OFF:15 (query: Tortilla di grano)
[43/60] Tramezzino industriale prosciutto/mozzarella ... OFF:15 (query: Tramezzino industriale prosciutto/mozzarella)
[44/60] Insalata pronta in busta (mista, 100g) ... OFF:15 (query: Insalata pronta in busta)
[45/60] Riso in busta pronto micro (basmati, cotto) ... OFF:15 (query: Riso in busta pronto micro)
[46/60] Brodo di pollo industriale (tetrapak pronto, per 100mL) ... OFF:15 (query: Brodo di pollo industriale)
[47/60] Lasagne pronte surgelate (Findus o sim.) ... OFF:15 (query: Lasagne pronte surgelate)
[48/60] Tè freddo al limone Nestea (per 100mL) ... OFF:15 (query: Tè freddo al limone Nestea)
[49/60] Capri-Sun (bustina 200mL, per 100mL) ... OFF:15 (query: Capri-Sun)
[50/60] Granola industriale miele e noci (per 100g) ... OFF:15 (query: Granola industriale miele e noci)
[51/60] Muesli industriale classico (per 100g) ... OFF:15 (query: Muesli industriale classico)
[52/60] Salsa di pomodoro pronta (Mutti, per 100g) ... OFF:15 (query: Salsa di pomodoro pronta)
[53/60] Passata di pomodoro industriale (Mutti) ... OFF:15 (query: Passata di pomodoro industriale)
[54/60] Concentrato di pomodoro industriale (triplo) ... OFF:15 (query: Concentrato di pomodoro industriale)
[55/60] Salsa Caesar industriale (bottiglia) ... OFF:15 (query: Salsa Caesar industriale)
[56/60] Maionese Hellmann's (per 100g) ... OFF:15 (query: Maionese Hellmann's)
[57/60] Senape di Digione (Maille, per 100g) ... OFF:15 (query: Senape di Digione)
[58/60] Aceto di mele Ponti in bottiglia (per 100mL) ... OFF:15 (query: Aceto di mele Ponti in bottiglia)
[59/60] Hamburger McDonald's Big Mac (per 100g) ... OFF:15 (query: Hamburger McDonald's Big Mac)
[60/60] Chicken McNuggets McDonald's (per 100g) ... OFF:15 (query: Chicken McNuggets McDonald's)
Scritto manual-review-candidates-upf.json
