Recupero candidati OFF per 60 alimenti (220-280)...
[1/60] Panna di avena da cucina ... OFF:15 (query: Panna di avena da cucina)
[2/60] Maionese vegana ... OFF:15 (query: Maionese vegana)
[3/60] Cotoletta di seitan impanata (cotta) ... OFF:15 (query: Cotoletta di seitan impanata)
[4/60] Prosciutto di seitan affumicato (a fette) ... OFF:15 (query: Prosciutto di seitan affumicato)
[5/60] Mozzarella vegana di cocco (filante) ... OFF:15 (query: Mozzarella vegana di cocco)
[6/60] Proteine di soia texturizzate (TSP, secche) ... OFF:15 (query: Proteine di soia texturizzate)
[7/60] Porridge d'avena istantaneo (in busta) ... OFF:15 (query: Porridge d'avena istantaneo)
[8/60] Cereali integrali multicereali con frutta ... OFF:15 (query: Cereali integrali multicereali con frutta)
[9/60] Succo pesca-albicocca (nettare, bottiglia) ... OFF:15 (query: Succo pesca-albicocca)
[10/60] Tè freddo al limone industriale (bottiglia) ... OFF:15 (query: Tè freddo al limone industriale)
[11/60] Cappuccino RTD (pronto da bere, lattina) ... OFF:15 (query: Cappuccino RTD)
[12/60] Kombucha naturale industriale ... OFF:15 (query: Kombucha naturale industriale)
[13/60] Smoothie spinaci-mela-zenzero RTD (per 100ml) ... OFF:15 (query: Smoothie spinaci-mela-zenzero RTD)
[14/60] Kit Kat (per 100g) ... OFF:15 (query: Kit Kat)
[15/60] Pringles originali (per 100g) ... OFF:15 (query: Pringles originali)
[16/60] Doritos al formaggio (per 100g) ... OFF:15 (query: Doritos al formaggio)
[17/60] Oreo biscotti al cacao (per 100g) ... OFF:15 (query: Oreo biscotti al cacao)
[18/60] McVitie's Digestive (per 100g) ... OFF:15 (query: McVitie's Digestive)
[19/60] Cioccolato bianco (tavoletta) ... OFF:15 (query: Cioccolato bianco)
[20/60] Torrone morbido alle mandorle (per 100g) ... OFF:15 (query: Torrone morbido alle mandorle)
[21/60] Gelato Magnum Classic (per 100g) ... OFF:15 (query: Gelato Magnum Classic)
[22/60] Gelato Cornetto Classico (per 100g) ... OFF:15 (query: Gelato Cornetto Classico)
[23/60] Krapfen/Bombolone con crema ... OFF:15 (query: Krapfen/Bombolone con crema)
[24/60] Donut al cioccolato (americano) ... OFF:15 (query: Donut al cioccolato)
[25/60] Croissant vuoto industriale (tipo Bauli) ... OFF:15 (query: Croissant vuoto industriale)
[26/60] Kinder Fetta al Latte (per 100g) ... OFF:15 (query: Kinder Fetta al Latte)
[27/60] Plumcake all'olio (merendina) ... OFF:15 (query: Plumcake all'olio)
[28/60] Pop corn burro microonde (per 100g) ... OFF:15 (query: Pop corn burro microonde)
[29/60] Pizza margherita (pizzeria, al piatto) ... OFF:15 (query: Pizza margherita)
[30/60] Pizza margherita surgelata (Buitoni/simile, cruda) ... OFF:15 (query: Pizza margherita surgelata)
[31/60] Pizza 4 stagioni (pizzeria) ... OFF:15 (query: Pizza 4 stagioni)
[32/60] Pizza diavola/salame piccante (pizzeria) ... OFF:15 (query: Pizza diavola/salame piccante)
[33/60] Pizza al taglio rossa (forno) ... OFF:15 (query: Pizza al taglio rossa)
[34/60] Pizza al taglio bianca (forno, con olio) ... OFF:15 (query: Pizza al taglio bianca)
[35/60] Calzone fritto napoletano ... OFF:15 (query: Calzone fritto napoletano)
[36/60] Piadina con prosciutto crudo e squacquerone ... OFF:15 (query: Piadina con prosciutto crudo e squacquerone)
[37/60] Toast al prosciutto cotto (bar/industriale) ... OFF:15 (query: Toast al prosciutto cotto)
[38/60] Hamburger tipo McDonald's Big Mac (per 100g) ... OFF:15 (query: Hamburger tipo McDonald's Big Mac)
[39/60] Panino Kebab doner con salsa yogurt ... OFF:15 (query: Panino Kebab doner con salsa yogurt)
[40/60] Hot dog con ketchup e senape ... OFF:15 (query: Hot dog con ketchup e senape)
[41/60] Sushi California roll (per pezzo, 25g → per 100g) ... OFF:15 (query: Sushi California roll)
[42/60] Sushi nigiri salmone (per pezzo, 30g → per 100g) ... OFF:15 (query: Sushi nigiri salmone)
[43/60] Sushi maki tonno (per pezzo, 18g → per 100g) ... OFF:15 (query: Sushi maki tonno)
[44/60] Lasagne al forno pronte surgelate ... OFF:15 (query: Lasagne al forno pronte surgelate)
[45/60] Tortellini freschi prosciutto-formaggio (cotti) ... OFF:15 (query: Tortellini freschi prosciutto-formaggio)
[46/60] Curry di pollo indiano (pronto) ... OFF:15 (query: Curry di pollo indiano)
[47/60] Dal di lenticchie rosse (pronto) ... OFF:15 (query: Dal di lenticchie rosse)
[48/60] Naan (pane indiano cotto al tandoor) ... OFF:15 (query: Naan)
[49/60] Gyoza/Ravioli cinesi al vapore (per pezzo 15g → per 100g) ... OFF:15 (query: Gyoza/Ravioli cinesi al vapore)
[50/60] Pad Thai con pollo e germogli (pronto) ... OFF:15 (query: Pad Thai con pollo e germogli)
[51/60] Kimchi coreano (cavolo fermentato piccante) ... OFF:15 (query: Kimchi coreano)
[52/60] Tacos guscio di mais fritto (per pezzo 20g → 100g) ... OFF:15 (query: Tacos guscio di mais fritto)
[53/60] Burrito di fagioli e riso ... OFF:15 (query: Burrito di fagioli e riso)
[54/60] Paella di pollo e gamberi (pronta) ... OFF:15 (query: Paella di pollo e gamberi)
[55/60] Couscous marocchino con verdure (pronto) ... OFF:15 (query: Couscous marocchino con verdure)
[56/60] Shakshuka - uova in salsa di pomodoro e peperoni ... OFF:15 (query: Shakshuka - uova in salsa di pomodoro e peperoni)
[57/60] Poke bowl salmone con riso e avocado (per 100g) ... OFF:15 (query: Poke bowl salmone con riso e avocado)
[58/60] Baklava al miele e pistacchi ... OFF:15 (query: Baklava al miele e pistacchi)
[59/60] Jamón Serrano spagnolo (magro) ... OFF:15 (query: Jamón Serrano spagnolo)
[60/60] Chorizo piccante spagnolo (a fette) ... OFF:15 (query: Chorizo piccante spagnolo)
Scritto manual-review-candidates-upf.json
