Recupero candidati OFF per 60 alimenti (300-360)...
[1/60] Barretta proteica whey (per 100g) ... OFF:15 (query: Barretta proteica whey)
[2/60] Barretta energetica ai cereali (tipo Kellogg's) ... OFF:15 (query: Barretta energetica ai cereali)
[3/60] Barretta Snickers Protein (per 100g) ... OFF:15 (query: Barretta Snickers Protein)
[4/60] Shake proteico pronto (per 100ml) ... OFF:15 (query: Shake proteico pronto)
[5/60] Granola biologica con miele e frutta (per 100g) ... OFF:15 (query: Granola biologica con miele e frutta)
[6/60] Avena istantanea aromatizzata (bustina, per 100g) ... OFF:15 (query: Avena istantanea aromatizzata)
[7/60] Frullato dimagrante sostituto pasto (per 100g polvere) ... OFF:15 (query: Frullato dimagrante sostituto pasto)
[8/60] Crackers di riso biologici (per 100g) ... OFF:15 (query: Crackers di riso biologici)
[9/60] Pesto alla genovese (barattolo, per 100g) ... OFF:15 (query: Pesto alla genovese)
[10/60] Tahini (crema di sesamo, per 100g) ... OFF:15 (query: Tahini)
[11/60] Crema di marmite (per 100g) ... OFF:15 (query: Crema di marmite)
[12/60] Cornetto vuoto al bar (per 100g) ... OFF:15 (query: Cornetto vuoto al bar)
[13/60] Cornetto alla crema al bar (per 100g) ... OFF:15 (query: Cornetto alla crema al bar)
[14/60] Crodino analcolico (per 100ml) ... OFF:10 (query: Crodino analcolico)
[15/60] Spritz Aperol (per 100ml) ... OFF:15 (query: Spritz Aperol)
[16/60] Limoncello (per 100ml) ... OFF:15 (query: Limoncello)
[17/60] Amaro Averna (per 100ml) ... OFF:15 (query: Amaro Averna)
[18/60] Burger vegetale (soia e piselli) ... OFF:15 (query: Burger vegetale)
[19/60] Salsiccia vegetale (tofu affumicato) ... OFF:15 (query: Salsiccia vegetale)
[20/60] Wurstel vegano di soia ... OFF:15 (query: Wurstel vegano di soia)
[21/60] Polpette di lenticchie (pronte, cotte) ... OFF:15 (query: Polpette di lenticchie)
[22/60] Polpette di ceci (pronte, cotte) ... OFF:15 (query: Polpette di ceci)
[23/60] Nuggets di soia (impanati, cotti) ... OFF:15 (query: Nuggets di soia)
[24/60] Straccetti di seitan alla piastra ... OFF:15 (query: Straccetti di seitan alla piastra)
[25/60] Formaggio vegano di anacardi (tipo spalmabile) ... OFF:15 (query: Formaggio vegano di anacardi)
[26/60] Formaggio vegano di soia affumicato (a fette) ... OFF:15 (query: Formaggio vegano di soia affumicato)
[27/60] Panna di soia da cucina ... OFF:15 (query: Panna di soia da cucina)
[28/60] Panna di avena da cucina ... OFF:15 (query: Panna di avena da cucina)
[29/60] Maionese vegana ... OFF:15 (query: Maionese vegana)
[30/60] Yogurt di cocco naturale ... OFF:15 (query: Yogurt di cocco naturale)
[31/60] Cotoletta di seitan impanata (cotta) ... OFF:15 (query: Cotoletta di seitan impanata)
[32/60] Prosciutto di seitan affumicato (a fette) ... OFF:15 (query: Prosciutto di seitan affumicato)
[33/60] Mozzarella vegana di cocco (filante) ... OFF:15 (query: Mozzarella vegana di cocco)
[34/60] Proteine di soia texturizzate (TSP, secche) ... OFF:15 (query: Proteine di soia texturizzate)
[35/60] Granola al miele e avena ... OFF:15 (query: Granola al miele e avena)
[36/60] Granola al cioccolato e nocciole ... OFF:15 (query: Granola al cioccolato e nocciole)
[37/60] Special K cereali dietetici (Kellogg's tipo) ... OFF:15 (query: Special K cereali dietetici)
[38/60] All-Bran crusca (Kellogg's tipo) ... OFF:15 (query: All-Bran crusca)
[39/60] Cereali al cacao soffiati tipo Choco Pops ... OFF:15 (query: Cereali al cacao soffiati tipo Choco Pops)
[40/60] Porridge d'avena istantaneo (in busta) ... OFF:15 (query: Porridge d'avena istantaneo)
[41/60] Muesli proteico con semi e frutta ... OFF:15 (query: Muesli proteico con semi e frutta)
[42/60] Cereali integrali multicereali con frutta ... OFF:15 (query: Cereali integrali multicereali con frutta)
[43/60] Coca-Cola Zero ... OFF:15 (query: Coca-Cola Zero)
[44/60] Pepsi Cola ... OFF:15 (query: Pepsi Cola)
[45/60] Fanta arancia ... OFF:15 (query: Fanta arancia)
[46/60] Acqua tonica ... OFF:15 (query: Acqua tonica)
[47/60] Chinotto San Pellegrino ... OFF:15 (query: Chinotto San Pellegrino)
[48/60] Aranciata San Pellegrino ... OFF:15 (query: Aranciata San Pellegrino)
[49/60] Red Bull energy drink (250ml→per 100ml) ... OFF:15 (query: Red Bull energy drink)
[50/60] Monster Energy Original (per 100ml) ... OFF:15 (query: Monster Energy Original)
[51/60] Succo ACE multivitaminico (carota-arancia-limone) ... OFF:15 (query: Succo ACE multivitaminico)
[52/60] Succo pesca-albicocca (nettare, bottiglia) ... OFF:15 (query: Succo pesca-albicocca)
[53/60] Nettare di mango (bottiglia) ... OFF:15 (query: Nettare di mango)
[54/60] Tè freddo al limone industriale (bottiglia) ... OFF:15 (query: Tè freddo al limone industriale)
[55/60] Tè freddo alla pesca industriale (bottiglia) ... OFF:15 (query: Tè freddo alla pesca industriale)
[56/60] Cappuccino RTD (pronto da bere, lattina) ... OFF:15 (query: Cappuccino RTD)
[57/60] Kombucha naturale industriale ... OFF:15 (query: Kombucha naturale industriale)
[58/60] Gatorade arancio (bevanda isotonica, per 100ml) ... OFF:15 (query: Gatorade arancio)
[59/60] Smoothie spinaci-mela-zenzero RTD (per 100ml) ... OFF:15 (query: Smoothie spinaci-mela-zenzero RTD)
[60/60] Nutella (crema nocciole e cacao) ... OFF:15 (query: Nutella)
Scritto manual-review-candidates-upf.json
