Recupero candidati per 318 alimenti (947-1265)...
[1/318] Miso (pasta di soia fermentata) ... CREA:7 BDA:1
[2/318] Harissa (salsa piccante nordafricana) ... CREA:2 BDA:2
[3/318] Piave DOP (stagionato) ... CREA:0 BDA:2
[4/318] Pecorino toscano DOP semi-stagionato ... CREA:3 BDA:5
[5/318] Cacioricotta fresco ... CREA:1 BDA:1
[6/318] Scamorza bianca fresca ... CREA:1 BDA:2
[7/318] Valtellina Casera DOP ... CREA:1 BDA:2
[8/318] Asiago pressato DOP ... CREA:0 BDA:1
[9/318] Braciola di maiale (bistecca lombo) ... CREA:2 BDA:3
[10/318] Costine di maiale crude ... CREA:0 BDA:0
[11/318] Pollo coscia con pelle cruda ... CREA:4 BDA:8
[12/318] Maiale pancetta magra ... CREA:8 BDA:1
[13/318] Taccola (pisello mangiatutto) fresca ... CREA:0 BDA:0
[14/318] Zucca delica / Butternut cruda ... CREA:2 BDA:2
[15/318] Senape in foglie cruda (Brassica juncea) ... CREA:0 BDA:0
[16/318] Broccolo romanesco crudo ... CREA:4 BDA:2
[17/318] Porro crudo ... CREA:0 BDA:0
[18/318] Cavolo cappuccio bianco crudo ... CREA:3 BDA:2
[19/318] Mela annurca IGP fresca ... CREA:4 BDA:6
[20/318] Ribes bianco fresco ... CREA:1 BDA:2
[21/318] Cedro frutto fresco (Citrus medica) ... CREA:0 BDA:0
[22/318] Chinotto fresco (Citrus myrtifolia) ... CREA:0 BDA:0
[23/318] Mandarancio fresco ... CREA:0 BDA:0
[24/318] Pesca tabacchiera fresca ... CREA:0 BDA:5
[25/318] Chiodi di garofano in polvere ... CREA:0 BDA:1
[26/318] Basilico essiccato ... CREA:1 BDA:2
[27/318] Prezzemolo essiccato ... CREA:1 BDA:2
[28/318] Peperoncino rosso fresco ... CREA:0 BDA:0
[29/318] Aceto balsamico tradizionale DOP (invecchiato) ... CREA:0 BDA:0
[30/318] Polenta taragna cotta ... CREA:2 BDA:1
[31/318] Farro spelta (grande) cotto ... CREA:0 BDA:0
[32/318] Kamut (frumento khorasan) cotto ... CREA:8 BDA:6
[33/318] Vino rosato da tavola ... CREA:8 BDA:2
[34/318] Succo di pesca 100% (senza zuccheri aggiunti) ... CREA:8 BDA:8
[35/318] Infuso di melissa (non zuccherato) ... CREA:1 BDA:8
[36/318] Infuso di menta piperita (non zuccherato) ... CREA:1 BDA:8
[37/318] Latte di riso non zuccherato ... CREA:8 BDA:8
[38/318] Glucosio (destrosio) ... CREA:0 BDA:1
[39/318] Fiocchi di farro ... CREA:2 BDA:6
[40/318] Semola di grano duro cruda ... CREA:5 BDA:5
[41/318] Malto d'orzo in polvere ... CREA:1 BDA:3
[42/318] Latte condensato non zuccherato (evaporato) ... CREA:1 BDA:0
[43/318] Crema di latte fresca (panna 35%) ... CREA:1 BDA:7
[44/318] Farinata di ceci (piatto tipico genovese cotto) ... CREA:0 BDA:0
[45/318] Gelatina in fogli (colla di pesce) ... CREA:0 BDA:0
[46/318] Crusca di riso ... CREA:2 BDA:2
[47/318] Farina di lenticchie rosse ... CREA:8 BDA:8
[48/318] Farina di piselli secchi ... CREA:8 BDA:8
[49/318] Anice stellato (badiana) ... CREA:0 BDA:0
[50/318] Pepe di Cayenna (capsicum) ... CREA:0 BDA:0
[51/318] Pepe lungo (piper longum) ... CREA:0 BDA:0
[52/318] Curry in polvere (miscela spezie) ... CREA:0 BDA:0
[53/318] Garam masala (miscela spezie indiana) ... CREA:0 BDA:0
[54/318] Pasta di acciughe (tube) ... CREA:0 BDA:0
[55/318] Salsa Worcestershire (inglese) ... CREA:0 BDA:0
[56/318] Estratto di lievito (tipo Marmite) ... CREA:8 BDA:8
[57/318] Olio di ricino ... CREA:8 BDA:8
[58/318] Panna acida (sour cream 20%) ... CREA:0 BDA:0
[59/318] Zucchero grezzo di canna (mascobado) ... CREA:0 BDA:0
[60/318] Zucchina lessata ... CREA:0 BDA:0
[61/318] Melanzana grigliata ... CREA:0 BDA:0
[62/318] Melanzana al forno ... CREA:0 BDA:0
[63/318] Carota lessata ... CREA:0 BDA:0
[64/318] Finocchio cotto al vapore ... CREA:0 BDA:2
[65/318] Cavolfiore al vapore ... CREA:3 BDA:1
[66/318] Peperone rosso cotto ... CREA:0 BDA:0
[67/318] Pomodoro cotto (passato) ... CREA:0 BDA:0
[68/318] Funghi champignon cotti ... CREA:7 BDA:8
[69/318] Fagiolini lessati ... CREA:3 BDA:2
[70/318] Asparagi lessati ... CREA:5 BDA:4
[71/318] Piselli lessati ... CREA:5 BDA:5
[72/318] Lenticchie rosse cotte ... CREA:3 BDA:2
[73/318] Fagioli mung cotti ... CREA:8 BDA:1
[74/318] Fave secche cotte ... CREA:1 BDA:2
[75/318] Vitello al forno ... CREA:8 BDA:8
[76/318] Manzo bollito ... CREA:0 BDA:0
[77/318] Pollo alla griglia (senza pelle) ... CREA:8 BDA:8
[78/318] Pollo lesso (senza pelle) ... CREA:8 BDA:8
[79/318] Tacchino arrosto ... CREA:8 BDA:8
[80/318] Maiale arrosto (lonza) ... CREA:0 BDA:0
[81/318] Coscia di pollo al forno (senza pelle) ... CREA:8 BDA:8
[82/318] Merluzzo al vapore ... CREA:8 BDA:7
[83/318] Orata al forno ... CREA:3 BDA:3
[84/318] Tonno fresco alla griglia ... CREA:3 BDA:3
[85/318] Spigola (branzino) lessata ... CREA:0 BDA:0
[86/318] Quark (formaggio fresco magro) ... CREA:5 BDA:6
[87/318] Formaggio fresco tipo Quark intero ... CREA:5 BDA:6
[88/318] Kefir di latte intero ... CREA:0 BDA:0
[89/318] Stracciatella di bufala ... CREA:1 BDA:1
[90/318] Latticello (buttermilk) ... CREA:0 BDA:0
[91/318] Panna fresca da cucina (35% grassi) ... CREA:1 BDA:1
[92/318] Formaggio Fontina DOP ... CREA:5 BDA:6
[93/318] Pecorino Sardo DOP stagionato ... CREA:3 BDA:5
[94/318] Caciocavallo silano DOP ... CREA:1 BDA:2
[95/318] Panna cotta (senza caramello) ... CREA:8 BDA:8
[96/318] Crostata di marmellata (artigianale) ... CREA:2 BDA:0
[97/318] Torta margherita (pan di spagna base) ... CREA:1 BDA:1
[98/318] Biscotti da tè (tipo shortbread) ... CREA:6 BDA:8
[99/318] Budino di riso (con latte e zucchero) ... CREA:8 BDA:1
[100/318] Farina di grano tenero tipo 1 ... CREA:8 BDA:2
[101/318] Amaranto cotto ... CREA:0 BDA:1
[102/318] Camomilla in infuso (non zuccherata) ... CREA:2 BDA:8
[103/318] Tiglio in infuso (non zuccherato) ... CREA:1 BDA:8
[104/318] Verbena (tisana, non zuccherata) ... CREA:0 BDA:1
[105/318] Rosa canina infuso (non zuccherato) ... CREA:1 BDA:8
[106/318] Margarina vegetale (68% grassi) ... CREA:1 BDA:0
[107/318] Strutto di maiale ... CREA:1 BDA:1
[108/318] Uovo sodo (bollito 10 min) ... CREA:8 BDA:2
[109/318] Uovo in camicia (poached) ... CREA:0 BDA:0
[110/318] Frittata semplice (olio + uova) ... CREA:8 BDA:8
[111/318] Cicerchia secca (Lathyrus sativus) ... CREA:0 BDA:0
[112/318] Cicerchia cotta ... CREA:0 BDA:0
[113/318] Salvia fresca ... CREA:1 BDA:2
[114/318] Timo fresco ... CREA:0 BDA:2
[115/318] Pizzoccheri della Valtellina (cotti) ... CREA:8 BDA:8
[116/318] Vincisgrassi marchigiani (pasta al forno) ... CREA:7 BDA:4
[117/318] Abbacchio al forno (agnello da latte romano) ... CREA:7 BDA:8
[118/318] Strangolapreti trentini (spinaci e ricotta) ... CREA:4 BDA:3
[119/318] Gnocchi di patate freschi (cotti) ... CREA:8 BDA:8
[120/318] Ravioli di ricotta e spinaci (freschi, cotti) ... CREA:3 BDA:1
[121/318] Tortellini in brodo (freschi, cotti) ... CREA:3 BDA:1
[122/318] Risotto ai funghi porcini (cotto) ... CREA:8 BDA:8
[123/318] Polenta cotta (senza sale) ... CREA:1 BDA:1
[124/318] Ribollita toscana (zuppa di pane e verdure) ... CREA:0 BDA:0
[125/318] Pasta e fagioli (zuppa, cotta) ... CREA:0 BDA:0
[126/318] Pasta e ceci (zuppa, cotta) ... CREA:0 BDA:0
[127/318] Zuppa di lenticchie (cotta) ... CREA:8 BDA:8
[128/318] Minestrone misto di verdure (cotto) ... CREA:8 BDA:8
[129/318] Arancino al ragù siciliano ... CREA:0 BDA:0
[130/318] Supplì al telefono romano ... CREA:0 BDA:0
[131/318] Brodetto di pesce marchigiano (base, per 100g) ... CREA:0 BDA:0
[132/318] Cacciucco livornese (base, per 100g) ... CREA:0 BDA:0
[133/318] Trippa alla romana (cotta con pomodoro) ... CREA:8 BDA:8
[134/318] Ossobuco alla milanese (senza risotto) ... CREA:8 BDA:8
[135/318] Riso per sushi (cotto con aceto di riso) ... CREA:8 BDA:8
[136/318] Alga nori essiccata (per foglio, foglio ~2g) ... CREA:0 BDA:8
[137/318] Wasabi (pasta, da radice fresca) ... CREA:0 BDA:0
[138/318] Zenzero marinato/gari (per sushi) ... CREA:0 BDA:8
[139/318] Injera (pane etiope di tef fermentato) ... CREA:8 BDA:8
[140/318] Falafel (fritto, ceci e fave) ... CREA:0 BDA:0
[141/318] Gyoza al vapore (ravioli giapponesi) ... CREA:2 BDA:0
[142/318] Pad Thai di gamberi (noodles di riso) ... CREA:0 BDA:0
[143/318] Dhal di lenticchie rosse (indiano) ... CREA:0 BDA:0
[144/318] Zuppa miso con tofu e alga wakame ... CREA:0 BDA:0
[145/318] Bulgogi di manzo (coreano, marinato) ... CREA:0 BDA:0
[146/318] Tikka masala di pollo (piatto, con salsa) ... CREA:0 BDA:0
[147/318] Satay di pollo (spiedino, senza salsa) ... CREA:0 BDA:0
[148/318] Tacos di pollo (tortilla mais + pollo + verdure) ... CREA:0 BDA:0
[149/318] Salsa di pesce (fish sauce, Nam Pla) ... CREA:0 BDA:0
[150/318] Salsa di ostriche (oyster sauce) ... CREA:0 BDA:0
[151/318] Hoisin sauce (salsa cinese fermentata) ... CREA:2 BDA:2
[152/318] Salsa tamari (soia senza glutine) ... CREA:8 BDA:8
[153/318] Mirin (vino di riso dolce da cucina) ... CREA:8 BDA:8
[154/318] Sake da cucina ... CREA:0 BDA:0
[155/318] Pasta di curry gialla (Thai) ... CREA:0 BDA:0
[156/318] Pasta di curry rossa (Thai) ... CREA:0 BDA:0
[157/318] Harissa (pasta di peperoncino nordafricana) ... CREA:7 BDA:6
[158/318] Gochujang (pasta di peperoncino coreana) ... CREA:7 BDA:6
[159/318] Sriracha (salsa di peperoncino piccante) ... CREA:2 BDA:2
[160/318] Salsa tahini (sesamo integrale) ... CREA:1 BDA:1
[161/318] Za'atar (mix di erbe e spezie medio-orientale) ... CREA:0 BDA:0
[162/318] Dukkah (mix di noci e spezie egiziane) ... CREA:0 BDA:0
[163/318] Ras el hanout (blend spezie marocchine) ... CREA:0 BDA:0
[164/318] Maitake (Grifola frondosa) fresco ... CREA:0 BDA:0
[165/318] Enoki (Flammulina velutipes) fresco ... CREA:0 BDA:0
[166/318] Wood ear (Auricularia) secco ... CREA:0 BDA:0
[167/318] Nameko (funghi giapponesi) freschi ... CREA:7 BDA:8
[168/318] Pioppini (Cyclocybe aegerita) freschi ... CREA:0 BDA:0
[169/318] Chiodini/Famigliole (Armillaria) freschi ... CREA:0 BDA:0
[170/318] Daikon (ravanello bianco giapponese) fresco ... CREA:0 BDA:0
[171/318] Radice di loto (lotus root) fresca ... CREA:0 BDA:0
[172/318] Taro (colocasia) cotto ... CREA:0 BDA:0
[173/318] Jicama (yambean) fresca ... CREA:0 BDA:0
[174/318] Shiso/perilla (foglie fresche) ... CREA:2 BDA:4
[175/318] Cuore di palma (palmito, in salamoia) ... CREA:0 BDA:0
[176/318] Cactus (nopal) fresco ... CREA:0 BDA:0
[177/318] Bamboo shoots (germogli di bambù) in scatola ... CREA:1 BDA:1
[178/318] Curcuma fresca (radice) ... CREA:0 BDA:0
[179/318] Tamarillo (pomodoro d'albero) fresco ... CREA:2 BDA:6
[180/318] Kaki/Cachi (Diospyros kaki) maturo ... CREA:0 BDA:0
[181/318] Cherimoya (annona) polpa fresca ... CREA:0 BDA:0
[182/318] Carambola (star fruit) fresca ... CREA:0 BDA:1
[183/318] Noni (Morinda citrifolia) succo ... CREA:0 BDA:0
[184/318] Baobab polpa in polvere ... CREA:0 BDA:0
[185/318] Moringa foglie in polvere ... CREA:0 BDA:0
[186/318] Avena in chicchi interi (groats, cotti) ... CREA:0 BDA:0
[187/318] Miglio (Panicum miliaceum) cotto ... CREA:0 BDA:0
[188/318] Amaranto in chicchi (cotto) ... CREA:8 BDA:8
[189/318] Teff in chicchi (cotto) ... CREA:8 BDA:8
[190/318] Triticale in chicchi (cotto) ... CREA:8 BDA:8
[191/318] Freekeh (frumento verde, cotto) ... CREA:8 BDA:6
[192/318] Sorghum (sorgo) cotto ... CREA:0 BDA:0
[193/318] Fagiolini di lima (butter beans) cotti ... CREA:0 BDA:0
[194/318] Piselli secchi spezzati (split peas) cotti ... CREA:0 BDA:0
[195/318] Lenticchie verdi (Puy) cotte ... CREA:0 BDA:0
[196/318] Arachidi crude con buccia rossa ... CREA:2 BDA:7
[197/318] Lampuga (mahi-mahi) fresca cruda ... CREA:0 BDA:0
[198/318] Coregone (Coregonus) fresco crudo ... CREA:0 BDA:0
[199/318] Luccio (Esox lucius) fresco crudo ... CREA:0 BDA:0
[200/318] Carpa (Cyprinus carpio) fresca cruda ... CREA:0 BDA:0
[201/318] Tinca (Tinca tinca) fresca cruda ... CREA:1 BDA:1
[202/318] Salmone selvaggio (Pacific) fresco crudo ... CREA:0 BDA:0
[203/318] Sgombro affumicato (filetto) ... CREA:3 BDA:1
[204/318] Ricci di mare (gonadi, uni) ... CREA:0 BDA:0
[205/318] Squacquerone di Romagna DOP ... CREA:0 BDA:0
[206/318] Stracchino/Crescenza fresco ... CREA:0 BDA:0
[207/318] Casatella trevigiana DOP ... CREA:0 BDA:0
[208/318] Parmigiano Reggiano 30 mesi (extra maturo) ... CREA:1 BDA:2
[209/318] Burro di bufala campana ... CREA:2 BDA:2
[210/318] Ragusano DOP (formaggio pecorino siciliano) ... CREA:5 BDA:6
[211/318] Fagiano arrosto (senza pelle) ... CREA:8 BDA:8
[212/318] Piccione arrostito (colombo) ... CREA:0 BDA:0
[213/318] Cinghiale selvatico (carne magra, cruda) ... CREA:3 BDA:3
[214/318] Vitello da latte (scaloppina cruda) ... CREA:0 BDA:0
[215/318] Agnello coscio (coscia, crudo) ... CREA:3 BDA:1
[216/318] Fegato di pollo (crudo) ... CREA:8 BDA:8
[217/318] Cuore di manzo (crudo) ... CREA:8 BDA:8
[218/318] Rognone di vitello (crudo) ... CREA:8 BDA:8
[219/318] Albume d'uovo crudo (per 100g) ... CREA:0 BDA:8
[220/318] Tuorlo d'uovo crudo (per 100g) ... CREA:0 BDA:8
[221/318] Uova di quaglia (crude, per 100g) ... CREA:0 BDA:0
[222/318] Uova di anatra (crude, per 100g) ... CREA:1 BDA:0
[223/318] Omogeneizzato di pollo (tipo Plasmon/Nestlé) ... CREA:8 BDA:8
[224/318] Omogeneizzato di manzo (tipo Plasmon) ... CREA:8 BDA:8
[225/318] Omogeneizzato di frutta (mela-pera-banana) ... CREA:0 BDA:0
[226/318] Pastina stelline per bambini (cruda) ... CREA:8 BDA:6
[227/318] Crema di cereali per bambini (mais-riso, istantanea) ... CREA:0 BDA:0
[228/318] Latte di crescita 3 (follow-on formula, per 100g polvere) ... CREA:0 BDA:0
[229/318] Polvere di proteine di pisello (pea protein isolate) ... CREA:0 BDA:0
[230/318] Polvere di proteine di canapa (hemp protein) ... CREA:0 BDA:0
[231/318] Collagene idrolizzato in polvere (bovino/marino) ... CREA:0 BDA:0
[232/318] Creatina monoidrato in polvere ... CREA:0 BDA:0
[233/318] Spirulina in compresse (alghe) ... CREA:0 BDA:0
[234/318] Clorella in polvere (Chlorella vulgaris) ... CREA:0 BDA:0
[235/318] Alga wakame essiccata ... CREA:0 BDA:0
[236/318] Alga spirulina fresca (non essiccata) ... CREA:2 BDA:8
[237/318] Maca in polvere (Lepidium meyenii) ... CREA:0 BDA:0
[238/318] Ashwagandha in polvere (Withania somnifera) ... CREA:0 BDA:0
[239/318] Inulina in polvere (fibra prebiotica) ... CREA:0 BDA:0
[240/318] Beta-glucano in polvere (da avena) ... CREA:2 BDA:8
[241/318] Capperi sotto sale (dissalati, per 100g) ... CREA:0 BDA:0
[242/318] Acciughe/alici sotto sale (dissalate) ... CREA:0 BDA:0
[243/318] Mostarda di Cremona (frutta candita in senape) ... CREA:4 BDA:8
[244/318] Senape in grani (semintegrale) ... CREA:1 BDA:0
[245/318] Rafano (cren, Armoracia rusticana) fresco ... CREA:0 BDA:0
[246/318] Aceto balsamico di Modena IGP ... CREA:0 BDA:7
[247/318] Aceto di mele (apple cider vinegar) ... CREA:0 BDA:0
[248/318] Lecitina di soia granulare (emulsionante) ... CREA:0 BDA:0
[249/318] Tè verde matcha in polvere (per 100g) ... CREA:0 BDA:8
[250/318] Tè nero (infuso, per 100mL bevanda pronta) ... CREA:3 BDA:0
[251/318] Tisana di camomilla (infuso, per 100mL) ... CREA:0 BDA:0
[252/318] Acqua di cocco naturale (non confezionata) ... CREA:2 BDA:8
[253/318] Kefir di latte intero (fermentato) ... CREA:0 BDA:0
[254/318] Latte di cammella (fresco/non pastorizzato) ... CREA:0 BDA:0
[255/318] Cannolo siciliano (con ricotta) ... CREA:4 BDA:8
[256/318] Babà al rum napoletano ... CREA:2 BDA:0
[257/318] Castagnaccio (torta toscana di farina di castagne) ... CREA:1 BDA:1
[258/318] Pappa al pomodoro toscana ... CREA:1 BDA:0
[259/318] Acquacotta maremmana (con uovo) ... CREA:3 BDA:8
[260/318] Brodetto di pesce alla marchigiana ... CREA:0 BDA:0
[261/318] Busiate al pesto trapanese ... CREA:0 BDA:0
[262/318] Pasta alla Norma (con melanzane e ricotta salata) ... CREA:3 BDA:8
[263/318] Pasta con le sarde (siciliana) ... CREA:0 BDA:0
[264/318] Risotto alla milanese (con zafferano e burro) ... CREA:0 BDA:8
[265/318] Risotto al radicchio e taleggio ... CREA:0 BDA:0
[266/318] Riso al latte (dolce tradizionale) ... CREA:3 BDA:8
[267/318] Polenta e baccalà alla vicentina ... CREA:2 BDA:1
[268/318] Fave e cicoria (piatto pugliese) ... CREA:0 BDA:0
[269/318] Lampredotto (bovino, cotto) ... CREA:0 BDA:8
[270/318] Trippa alla romana (con pomodoro) ... CREA:2 BDA:2
[271/318] Bollito misto con salsa verde ... CREA:8 BDA:2
[272/318] Stoccafisso mantecato alla vicentina ... CREA:2 BDA:2
[273/318] Bagna caôda piemontese (salsa calda) ... CREA:2 BDA:2
[274/318] Coda alla vaccinara (romanesca) ... CREA:0 BDA:0
[275/318] Arrosticini abruzzesi (ovino, cotti) ... CREA:0 BDA:8
[276/318] Pasta e fagioli veneta (con rigatoni) ... CREA:0 BDA:8
[277/318] Minestrone alla genovese (con pesto) ... CREA:0 BDA:8
[278/318] Pesto genovese DOP (con basilico DOP Prà) ... CREA:1 BDA:8
[279/318] Focaccia genovese (ligure, cotta) ... CREA:0 BDA:0
[280/318] Pane di Matera IGP ... CREA:8 BDA:5
[281/318] Canederli trentini (al formaggio) ... CREA:5 BDA:2
[282/318] Spätzle verdi agli spinaci (cotti) ... CREA:8 BDA:8
[283/318] Gnocchi alla sorrentina (cotti al forno) ... CREA:8 BDA:4
[284/318] Trota salmonata in carpione ... CREA:5 BDA:5
[285/318] Sgombro in guazzetto (con pomodoro) ... CREA:2 BDA:2
[286/318] Merluzzo alla livornese ... CREA:8 BDA:7
[287/318] Triglie al pomodoro con capperi ... CREA:0 BDA:0
[288/318] Fritto misto alla piemontese ... CREA:0 BDA:0
[289/318] Pardulas sarde (dolce con ricotta e zafferano) ... CREA:3 BDA:8
[290/318] Ribollita toscana (minestra di pane e verdure) ... CREA:0 BDA:0
[291/318] Panzanella toscana ... CREA:0 BDA:0
[292/318] Tegamino di tartufo nero (con uova) ... CREA:8 BDA:8
[293/318] Burrida di gattuccio (piatto sardo) ... CREA:0 BDA:0
[294/318] Culingiones sardi (pasta ripiena di patate e pecorino) ... CREA:7 BDA:8
[295/318] Soppressata calabrese DOP (artigianale) ... CREA:0 BDA:0
[296/318] Nduja (salume spalmabile piccante) ... CREA:0 BDA:0
[297/318] Pasta cacio e pepe (ricetta romana) ... CREA:0 BDA:8
[298/318] Pasta alla norma (pomodoro, melanzane, ricotta salata) ... CREA:0 BDA:3
[299/318] Pasta al pesto genovese (DOP basilico) ... CREA:8 BDA:3
[300/318] Pasta e fagioli alla veneta ... CREA:7 BDA:8
[301/318] Pasta e ceci (zuppa) ... CREA:0 BDA:0
[302/318] Polpo alla luciana (in umido con olive e capperi) ... CREA:0 BDA:8
[303/318] Baccalà alla vicentina (mantecato) ... CREA:0 BDA:0
[304/318] Fritto misto di pesce (con panatura) ... CREA:0 BDA:8
[305/318] Risotto al nero di seppia ... CREA:0 BDA:0
[306/318] Trippa alla romana (con pomodoro e pecorino) ... CREA:2 BDA:1
[307/318] Bollito misto con salsa verde ... CREA:8 BDA:2
[308/318] Scaloppine al limone (vitello) ... CREA:8 BDA:8
[309/318] Ossobuco alla milanese (con gremolata) ... CREA:0 BDA:8
[310/318] Saltimbocca alla romana (vitello con prosciutto e salvia) ... CREA:8 BDA:8
[311/318] Pollo alla cacciatora (con pomodoro e olive) ... CREA:2 BDA:1
[312/318] Coniglio all'ischitana (con pomodoro e capperi) ... CREA:2 BDA:1
[313/318] Porchetta di Ariccia (arista di maiale speziata) ... CREA:0 BDA:0
[314/318] Focaccia al formaggio di Recco (con stracchino) ... CREA:1 BDA:8
[315/318] Calzone fritto napoletano (ripieno ricotta e salumi) ... CREA:0 BDA:4
[316/318] Supplì al telefono romani (riso e ragù fritti) ... CREA:8 BDA:8
[317/318] Minestrone lombardo (con pasta o riso) ... CREA:7 BDA:8
[318/318] Zuppa di farro toscana (con legumi) ... CREA:0 BDA:8
Scritto manual-review-candidates.json
