Recupero candidati USDA per 37 alimenti (240-277)...
[1/37] Burrito di pollo (tortilla + pollo + fagioli + riso) ... USDA:13 (query: Burrito di pollo)
[2/37] Dahl di lenticchie (curry indiano) ... USDA:2 (query: Dahl di lenticchie curry indiano)
[3/37] Latte di avena Alpro (per 100ml) ... USDA:1 (query: Latte di avena Alpro)
[4/37] Skyr islandese naturale ... USDA:0 (query: nessuna)
[5/37] Knekkebrød di segale (gallette scandinave) ... USDA:0 (query: nessuna)
[6/37] Aringa marinata nordica (herring) ... USDA:11 (query: Aringa marinata nordica herring)
[7/37] Salmone gravlax (salmone marinato nordico) ... USDA:15 (query: Salmone gravlax)
[8/37] Marmellata di lingonberry (mirtilli nordici) ... USDA:0 (query: nessuna)
[9/37] Labneh (yogurt colato mediorientale) ... USDA:15 (query: Labneh yogurt colato mediorientale)
[10/37] Za'atar (miscela spezie mediorientale, per 100g) ... USDA:3 (query: Za'atar miscela spezie mediorientale, per 100g)
[11/37] Sumac (spezia mediorientale acidula, per 100g) ... USDA:3 (query: Sumac spezia mediorientale acidula, per 100g)
[12/37] Tabbouleh (insalata di bulgur e prezzemolo) ... USDA:12 (query: Tabbouleh insalata di bulgur e prezzemolo)
[13/37] Ceviche di pesce fresco ... USDA:2 (query: Ceviche di pesce fresco)
[14/37] Chimichurri (salsa argentina al prezzemolo) ... USDA:6 (query: Chimichurri salsa argentina al prezzemolo)
[15/37] Mate (infuso di yerba mate, per 200ml) ... USDA:3 (query: Mate infuso di yerba mate, per 200ml)
[16/37] Shiitake freschi ... USDA:6 (query: Shiitake freschi)
[17/37] Funghi oyster freschi (ostrica) ... USDA:15 (query: Funghi oyster freschi)
[18/37] Enoki freschi (funghi ago giapponesi) ... USDA:2 (query: Enoki freschi)
[19/37] Funghi maitake freschi (hen of the woods) ... USDA:2 (query: Funghi maitake freschi)
[20/37] Orata (sparus aurata) al forno ... USDA:1 (query: Orata  al forno)
[21/37] Sardine fresche crude ... USDA:7 (query: Sardine fresche crude)
[22/37] Trota salmonata affumicata ... USDA:0 (query: nessuna)
[23/37] Cernia (grouper) al vapore ... USDA:1 (query: Cernia  al vapore)
[24/37] Castelmagno DOP (formaggio piemontese, stagionato 12 mesi) ... USDA:15 (query: Castelmagno DOP formaggio piemontese, stagionato 12 mesi)
[25/37] Fiordilatte (mozzarella vaccina fresca campana) ... USDA:15 (query: Fiordilatte mozzarella vaccina fresca campana)
[26/37] Suppli' al telefono (riso fritto con mozzarella, 80g) ... USDA:1 (query: Suppli' al telefono)
[27/37] Seitan (glutine di frumento, cotto) ... USDA:3 (query: Seitan glutine di frumento, cotto)
[28/37] Proteina di piselli in polvere (isolate) ... USDA:3 (query: Proteina di piselli in polvere isolate)
[29/37] Proteina di canapa in polvere ... USDA:0 (query: nessuna)
[30/37] Collagene idrolizzato in polvere ... USDA:0 (query: nessuna)
[31/37] Olio MCT (trigliceridi a catena media) ... USDA:0 (query: nessuna)
[32/37] Spirulina in polvere (cianobatterio essiccato) ... USDA:2 (query: Spirulina in polvere)
[33/37] Teff in grani (cotto) ... USDA:2 (query: Teff in grani)
[34/37] Freekeh (grano verde arrostito, cotto) ... USDA:1 (query: Freekeh grano verde arrostito, cotto)
[35/37] Kamut (grano Khorasan, cotto) ... USDA:3 (query: Kamut grano Khorasan, cotto)
[36/37] Fagioli adzuki (azuki) cotti ... USDA:5 (query: Fagioli adzuki  cotti)
[37/37] Farina di lupini (deamarizzati) ... USDA:5 (query: Farina di lupini)
Scritto manual-review-candidates-extra.json
