Recupero candidati OFF per 40 alimenti (40-80)...
[1/40] Hot dog industriale con panino ... OFF:15 (query: Hot dog industriale con panino)
[2/40] Cotoletta impanata surgelata ... OFF:15 (query: Cotoletta impanata surgelata)
[3/40] Gin tonic (porzione 200mL) ... OFF:15 (query: Gin tonic)
[4/40] Amaro digestivo (40% vol.) ... OFF:15 (query: Amaro digestivo)
[5/40] Gelato gastronomico (coppa mista 200g) ... OFF:15 (query: Gelato gastronomico)
[6/40] Cono gelato industriale (tipo Cornetto) ... OFF:15 (query: Cono gelato industriale)
[7/40] Biscotti al burro tipo shortbread ... OFF:15 (query: Biscotti al burro tipo shortbread)
[8/40] Merendina Kinder Fetta al Latte ... OFF:15 (query: Merendina Kinder Fetta al Latte)
[9/40] Gatorade / bevanda isotonica ... OFF:15 (query: Gatorade / bevanda isotonica)
[10/40] Salsa Worcester ... OFF:15 (query: Salsa Worcester)
[11/40] Salsa di soia (industriale shoyu) ... OFF:15 (query: Salsa di soia)
[12/40] Salsa tahini / crema di sesamo ... OFF:15 (query: Salsa tahini / crema di sesamo)
[13/40] Pandoro porzione 100g ... OFF:15 (query: Pandoro porzione 100g)
[14/40] Panettone classico porzione 100g ... OFF:15 (query: Panettone classico porzione 100g)
[15/40] Colomba pasquale porzione 100g ... OFF:15 (query: Colomba pasquale porzione 100g)
[16/40] Torrone al cioccolato duro ... OFF:15 (query: Torrone al cioccolato duro)
[17/40] Cantucci di Prato ... OFF:15 (query: Cantucci di Prato)
[18/40] Ciambella krapfen industriale ... OFF:13 (query: Ciambella krapfen industriale)
[19/40] Barretta Mars Snickers tipo per 100g ... OFF:15 (query: Barretta Mars Snickers tipo per 100g)
[20/40] Ferrero Rocher tipo praline per 100g ... OFF:15 (query: Ferrero Rocher tipo praline per 100g)
[21/40] Cheesecake industriale porzione 100g ... OFF:15 (query: Cheesecake industriale porzione 100g)
[22/40] Muffin industriale ai mirtilli ... OFF:15 (query: Muffin industriale ai mirtilli)
[23/40] Caramelle gommose alla frutta ... OFF:15 (query: Caramelle gommose alla frutta)
[24/40] Gianduiotto cioccolatino ... OFF:15 (query: Gianduiotto cioccolatino)
[25/40] Popcorn caramellato confezionato ... OFF:15 (query: Popcorn caramellato confezionato)
[26/40] Ciambelline salate al rosmarino ... OFF:15 (query: Ciambelline salate al rosmarino)
[27/40] Mix frutta secca speziata confezionato ... OFF:15 (query: Mix frutta secca speziata confezionato)
[28/40] Risotto in busta pronto ... OFF:15 (query: Risotto in busta pronto)
[29/40] Pasta al pomodoro in vasetto pronta ... OFF:15 (query: Pasta al pomodoro in vasetto pronta)
[30/40] Ragù industriale in vasetto ... OFF:15 (query: Ragù industriale in vasetto)
[31/40] Sugo ai funghi industriale vasetto ... OFF:15 (query: Sugo ai funghi industriale vasetto)
[32/40] Pesto rosso industriale vasetto ... OFF:15 (query: Pesto rosso industriale vasetto)
[33/40] Polpette in scatola al pomodoro ... OFF:15 (query: Polpette in scatola al pomodoro)
[34/40] Zuppa di verdure in lattina ... OFF:15 (query: Zuppa di verdure in lattina)
[35/40] Pasta e fagioli pronta in barattolo ... OFF:15 (query: Pasta e fagioli pronta in barattolo)
[36/40] Carne in scatola corned beef ... OFF:15 (query: Carne in scatola corned beef)
[37/40] Birra artigianale IPA 6% ... OFF:15 (query: Birra artigianale IPA 6%)
[38/40] Grappa 40% ... OFF:15 (query: Grappa 40%)
[39/40] Limoncello 30% ... OFF:15 (query: Limoncello 30%)
[40/40] Porto vino liquoroso dolce 20% ... OFF:15 (query: Porto vino liquoroso dolce 20%)
Scritto manual-review-candidates-upf.json
