Recupero candidati per 30 alimenti (584-614)...
[1/30] Pane tipo 0 ... CREA:2 BDA:8
[2/30] Pasta all'uovo cruda ... CREA:2 BDA:4
[3/30] Gnocchi di patate ... CREA:2 BDA:0
[4/30] Polenta cotta ... CREA:1 BDA:1
[5/30] Vitello (coscia) ... CREA:7 BDA:8
[6/30] Manzo (coscia) ... CREA:7 BDA:8
[7/30] Fegato di manzo ... CREA:8 BDA:1
[8/30] Latte di mucca intero ... CREA:8 BDA:8
[9/30] Formaggio emmenthal ... CREA:5 BDA:6
[10/30] Yogurt alla frutta ... CREA:2 BDA:8
[11/30] Fagioli borlotti cotti ... CREA:2 BDA:7
[12/30] Ceci cotti ... CREA:1 BDA:3
[13/30] Lenticchie cotte ... CREA:1 BDA:2
[14/30] Zucchero semolato ... CREA:1 BDA:6
[15/30] Croissant (cornetto) ... CREA:1 BDA:4
[16/30] Semi di girasole ... CREA:1 BDA:1
[17/30] Pesto genovese ... CREA:0 BDA:0
[18/30] Edamame (soia verde) ... CREA:8 BDA:8
[19/30] Semi di zucca ... CREA:1 BDA:3
[20/30] Semi di lino ... CREA:1 BDA:3
[21/30] Semi di chia ... CREA:1 BDA:3
[22/30] Sgombro in scatola ... CREA:2 BDA:3
[23/30] Salmone in scatola ... CREA:3 BDA:3
[24/30] Vongole ... CREA:0 BDA:1
[25/30] Cozze ... CREA:0 BDA:0
[26/30] Gamberetti ... CREA:0 BDA:2
[27/30] Skyr naturale ... CREA:0 BDA:0
[28/30] Formaggio Cottage ... CREA:5 BDA:6
[29/30] Cavolo riccio (Kale) ... CREA:0 BDA:0
[30/30] Cavolini di Bruxelles ... CREA:0 BDA:0
Scritto manual-review-candidates.json
