Recupero candidati OFF per 40 alimenti (80-120)...
[1/40] Tofu affumicato tipo naturli ... OFF:15 (query: Tofu affumicato tipo naturli)
[2/40] Bevanda al caffè latte zuccherato (lattina) ... OFF:15 (query: Bevanda al caffè latte zuccherato)
[3/40] Kombucha commerciale zuccherato ... OFF:15 (query: Kombucha commerciale zuccherato)
[4/40] Acqua aromatizzata zuccherata ... OFF:15 (query: Acqua aromatizzata zuccherata)
[5/40] Acqua di cocco naturale (lattina) ... OFF:15 (query: Acqua di cocco naturale)
[6/40] Latte di riso naturale ... OFF:15 (query: Latte di riso naturale)
[7/40] Latte di piselli (Ripple tipo) ... OFF:15 (query: Latte di piselli)
[8/40] Crostatina Mulino Bianco tipo ... OFF:15 (query: Crostatina Mulino Bianco tipo)
[9/40] Pan di Stelle tipo (biscotti cacao) ... OFF:15 (query: Pan di Stelle tipo)
[10/40] Merendina spugnosa tipo Twinkie ... OFF:15 (query: Merendina spugnosa tipo Twinkie)
[11/40] Brioche con crema industriale ... OFF:15 (query: Brioche con crema industriale)
[12/40] Wafer cioccolato tipo KitKat ... OFF:15 (query: Wafer cioccolato tipo KitKat)
[13/40] Hot dog industriale (salsiccia in panino) ... OFF:15 (query: Hot dog industriale)
[14/40] Patatine fritte fast food (porz. 100g) ... OFF:15 (query: Patatine fritte fast food)
[15/40] Würstel di maiale e vitello ... OFF:15 (query: Würstel di maiale e vitello)
[16/40] Crostata industriale marmellata ... OFF:15 (query: Crostata industriale marmellata)
[17/40] Cereali al miele tipo Cheerios ... OFF:15 (query: Cereali al miele tipo Cheerios)
[18/40] Cereali tipo Frosties (mais zuccherato) ... OFF:15 (query: Cereali tipo Frosties)
[19/40] Musli svizzero industriale misto ... OFF:15 (query: Musli svizzero industriale misto)
[20/40] Lasagne al ragù surgelate (porz. 300g) ... OFF:15 (query: Lasagne al ragù surgelate)
[21/40] Risotto ai funghi pronto in busta ... OFF:15 (query: Risotto ai funghi pronto in busta)
[22/40] Pollo al curry pronto in vaschetta ... OFF:15 (query: Pollo al curry pronto in vaschetta)
[23/40] Patatine soffiato tipo Cheetos ... OFF:15 (query: Patatine soffiato tipo Cheetos)
[24/40] Kebab in pita industriale ... OFF:15 (query: Kebab in pita industriale)
[25/40] Spring roll / Rotoli primavera surgelati ... OFF:15 (query: Spring roll / Rotoli primavera surgelati)
[26/40] Succo di frutta multivitaminico zuccherato ... OFF:15 (query: Succo di frutta multivitaminico zuccherato)
[27/40] Frullato di frutta industriale (smoothie) ... OFF:15 (query: Frullato di frutta industriale)
[28/40] Tè freddo zuccherato aromatizzato (bottiglia) ... OFF:15 (query: Tè freddo zuccherato aromatizzato)
[29/40] Succo di melograno zuccherato ... OFF:15 (query: Succo di melograno zuccherato)
[30/40] Hamburger fast food classico ... OFF:15 (query: Hamburger fast food classico)
[31/40] Cheeseburger doppio fast food ... OFF:15 (query: Cheeseburger doppio fast food)
[32/40] Nuggets di pollo (tipo fast food, 100g) ... OFF:15 (query: Nuggets di pollo)
[33/40] Patate fritte fast food (porzione media, 100g) ... OFF:15 (query: Patate fritte fast food)
[34/40] Hot dog / Würstel in panino ... OFF:15 (query: Hot dog / Würstel in panino)
[35/40] Pizza surgelata margherita ... OFF:15 (query: Pizza surgelata margherita)
[36/40] Lasagne surgelate bolognese ... OFF:15 (query: Lasagne surgelate bolognese)
[37/40] Sofficini di formaggio surgelati ... OFF:15 (query: Sofficini di formaggio surgelati)
[38/40] Bastoncini di pesce impanati surgelati ... OFF:15 (query: Bastoncini di pesce impanati surgelati)
[39/40] Pasta istantanea (ramen industriale, 100g cotto) ... OFF:15 (query: Pasta istantanea)
[40/40] Minestra in busta liofilizzata ... OFF:15 (query: Minestra in busta liofilizzata)
Scritto manual-review-candidates-upf.json
