Recupero candidati OFF per 40 alimenti (400-440)...
[1/40] Arancino siciliano (per 100g) ... OFF:15 (query: Arancino siciliano)
[2/40] Risotto alla milanese (per 100g cotto) ... OFF:15 (query: Risotto alla milanese)
[3/40] Polenta taragna (per 100g cotta) ... OFF:15 (query: Polenta taragna)
[4/40] Ribollita toscana (per 100g) ... OFF:15 (query: Ribollita toscana)
[5/40] Panzanella toscana (per 100g) ... OFF:15 (query: Panzanella toscana)
[6/40] Panzerotto pugliese fritto (per 100g) ... OFF:15 (query: Panzerotto pugliese fritto)
[7/40] Tiramisù artigianale (per 100g) ... OFF:15 (query: Tiramisù artigianale)
[8/40] Cannolo siciliano (per 100g) ... OFF:15 (query: Cannolo siciliano)
[9/40] Gelato alla crema artigianale (per 100g) ... OFF:15 (query: Gelato alla crema artigianale)
[10/40] Gelato al cioccolato artigianale (per 100g) ... OFF:15 (query: Gelato al cioccolato artigianale)
[11/40] Granita al caffè (per 100g) ... OFF:15 (query: Granita al caffè)
[12/40] Pagello rosso (per 100g crudo) ... OFF:15 (query: Pagello rosso)
[13/40] Cernia (per 100g cruda) ... OFF:15 (query: Cernia)
[14/40] Ostrica cruda (per 100g edibile) ... OFF:15 (query: Ostrica cruda)
[15/40] Seppie in umido (per 100g) ... OFF:15 (query: Seppie in umido)
[16/40] Cozze al vapore (per 100g edibile) ... OFF:15 (query: Cozze al vapore)
[17/40] Cinghiale (carne magra, per 100g cruda) ... OFF:8 (query: Cinghiale)
[18/40] Faraona (petto, per 100g cruda) ... OFF:1 (query: Faraona)
[19/40] Capriolo (carne, per 100g cruda) ... OFF:2 (query: Capriolo)
[20/40] Burrata pugliese (per 100g) ... OFF:15 (query: Burrata pugliese)
[21/40] Stracciatella pugliese (per 100g) ... OFF:15 (query: Stracciatella pugliese)
[22/40] Gorgonzola DOP (per 100g) ... OFF:15 (query: Gorgonzola DOP)
[23/40] Taleggio DOP (per 100g) ... OFF:15 (query: Taleggio DOP)
[24/40] Caciocavallo (per 100g) ... OFF:15 (query: Caciocavallo)
[25/40] Topinambur (per 100g crudo) ... OFF:1 (query: Topinambur)
[26/40] Radicchio rosso di Treviso (per 100g) ... OFF:15 (query: Radicchio rosso di Treviso)
[27/40] Pak choi / Bok choy (per 100g crudo) ... OFF:15 (query: Pak choi / Bok choy)
[28/40] Bietola da coste (per 100g cruda) ... OFF:15 (query: Bietola da coste)
[29/40] Carciofi sott'olio sgocciolati (per 100g) ... OFF:15 (query: Carciofi sott'olio sgocciolati)
[30/40] Cavolo nero toscano (per 100g crudo) ... OFF:15 (query: Cavolo nero toscano)
[31/40] Lychee / Litchi (per 100g) ... OFF:15 (query: Lychee / Litchi)
[32/40] Dragon fruit rosso (pitaya, per 100g) ... OFF:15 (query: Dragon fruit rosso)
[33/40] Guava (per 100g) ... OFF:15 (query: Guava)
[34/40] Physalis / Alchechengi (per 100g) ... OFF:15 (query: Physalis / Alchechengi)
[35/40] Jackfruit / Jaca (per 100g) ... OFF:15 (query: Jackfruit / Jaca)
[36/40] Lenticchie rosse decorticate secche (per 100g) ... OFF:15 (query: Lenticchie rosse decorticate secche)
[37/40] Fagioli azuki secchi (per 100g) ... OFF:15 (query: Fagioli azuki secchi)
[38/40] Lupini decorticati in salamoia drenati (per 100g) ... OFF:15 (query: Lupini decorticati in salamoia drenati)
[39/40] Edamame cotti (per 100g) ... OFF:15 (query: Edamame cotti)
[40/40] Pasta al farro integrale (per 100g cruda) ... OFF:15 (query: Pasta al farro integrale)
Scritto manual-review-candidates-upf.json
