Recupero candidati OFF per 60 alimenti (160-220)...
[1/60] Aperol Spritz (tipica mistura, per 100mL) ... OFF:15 (query: Aperol Spritz)
[2/60] Limoncello (28-30% vol, per 100mL) ... OFF:15 (query: Limoncello)
[3/60] Grappa (40% vol, per 100mL) ... OFF:9 (query: Grappa)
[4/60] Pane senza glutine con semini (per 100g) ... OFF:15 (query: Pane senza glutine con semini)
[5/60] Pizza base senza glutine surgelata (per 100g) ... OFF:15 (query: Pizza base senza glutine surgelata)
[6/60] Chips di lenticchie (snack, per 100g) ... OFF:15 (query: Chips di lenticchie)
[7/60] Chips di barbabietola (snack, per 100g) ... OFF:15 (query: Chips di barbabietola)
[8/60] Rice cakes con cioccolato fondente (per 100g) ... OFF:15 (query: Rice cakes con cioccolato fondente)
[9/60] Burn Energy Drink (250ml) ... OFF:15 (query: Burn Energy Drink)
[10/60] McDonald's Filet-O-Fish (per 100g) ... OFF:15 (query: McDonald's Filet-O-Fish)
[11/60] KFC Pollo Fritto (per 100g) ... OFF:15 (query: KFC Pollo Fritto)
[12/60] Pizza surgelata 4 Stagioni (per 100g) ... OFF:15 (query: Pizza surgelata 4 Stagioni)
[13/60] Nestlé Cheerios miele e noci (per 100g) ... OFF:15 (query: Nestlé Cheerios miele e noci)
[14/60] Nestlé Nesquik Cereali al cacao (per 100g) ... OFF:15 (query: Nestlé Nesquik Cereali al cacao)
[15/60] Mulino Bianco Cereali Croccanti (per 100g) ... OFF:15 (query: Mulino Bianco Cereali Croccanti)
[16/60] Salsa Worcester (Worcestershire sauce) ... OFF:15 (query: Salsa Worcester)
[17/60] Dolmio sugo pronto al pomodoro (per 100g) ... OFF:15 (query: Dolmio sugo pronto al pomodoro)
[18/60] Philadelphia formaggio spalmabile (per 100g) ... OFF:15 (query: Philadelphia formaggio spalmabile)
[19/60] Nutella crema nocciola e cacao (per 100g) ... OFF:15 (query: Nutella crema nocciola e cacao)
[20/60] Danone Activia yogurt alla frutta (per 100g) ... OFF:15 (query: Danone Activia yogurt alla frutta)
[21/60] Spritz Aperol pronto in lattina (per 100ml) ... OFF:15 (query: Spritz Aperol pronto in lattina)
[22/60] Cocktail Mojito pronto (per 100ml) ... OFF:15 (query: Cocktail Mojito pronto)
[23/60] Wurstel di manzo (per 100g) ... OFF:15 (query: Wurstel di manzo)
[24/60] Kinder Pinguì (per 100g) ... OFF:15 (query: Kinder Pinguì)
[25/60] M&M's Cioccolato al latte (per 100g) ... OFF:15 (query: M&M's Cioccolato al latte)
[26/60] Mulino Bianco Macine (per 100g) ... OFF:15 (query: Mulino Bianco Macine)
[27/60] Stecco gelato ai frutti di bosco (per 100g) ... OFF:15 (query: Stecco gelato ai frutti di bosco)
[28/60] Brioche industriale al burro (per 100g) ... OFF:15 (query: Brioche industriale al burro)
[29/60] Kinder Fetta al latte (per 100g) ... OFF:15 (query: Kinder Fetta al latte)
[30/60] Plumcake Mulino Bianco (per 100g) ... OFF:15 (query: Plumcake Mulino Bianco)
[31/60] Frollini al burro industriali (per 100g) ... OFF:15 (query: Frollini al burro industriali)
[32/60] San Benedetto Ice Tea pesca (per 100ml) ... OFF:15 (query: San Benedetto Ice Tea pesca)
[33/60] Birra senza alcol (per 100ml) ... OFF:15 (query: Birra senza alcol)
[34/60] Domino's Pizza Margherita (per 100g) ... OFF:15 (query: Domino's Pizza Margherita)
[35/60] Popcorn microonde al burro (per 100g) ... OFF:15 (query: Popcorn microonde al burro)
[36/60] Crocchette di pollo surgelate (per 100g) ... OFF:15 (query: Crocchette di pollo surgelate)
[37/60] Cotolette di vitello surgelate impanate (per 100g) ... OFF:15 (query: Cotolette di vitello surgelate impanate)
[38/60] Müller Corner frutti di bosco (per 100g) ... OFF:15 (query: Müller Corner frutti di bosco)
[39/60] Danone Activia mirtilli (per 100g) ... OFF:15 (query: Danone Activia mirtilli)
[40/60] Yomo yogurt alla frutta (per 100g) ... OFF:15 (query: Yomo yogurt alla frutta)
[41/60] Latte di soia arricchito (per 100ml) ... OFF:15 (query: Latte di soia arricchito)
[42/60] Latte di riso arricchito (per 100ml) ... OFF:15 (query: Latte di riso arricchito)
[43/60] Yogurt di soia alla frutta (per 100g) ... OFF:15 (query: Yogurt di soia alla frutta)
[44/60] Panna di soia (per 100ml) ... OFF:15 (query: Panna di soia)
[45/60] Tofu affumicato (per 100g) ... OFF:15 (query: Tofu affumicato)
[46/60] McDonald's Patatine fritte medie (per 100g) ... OFF:15 (query: McDonald's Patatine fritte medie)
[47/60] KFC Pollo fritto (per 100g) ... OFF:15 (query: KFC Pollo fritto)
[48/60] Pizza Hut Margherita (per 100g) ... OFF:15 (query: Pizza Hut Margherita)
[49/60] Merendina Fiesta Ferrero (per 100g) ... OFF:15 (query: Merendina Fiesta Ferrero)
[50/60] Saiwa Petit beurre (per 100g) ... OFF:15 (query: Saiwa Petit beurre)
[51/60] Pavesini Barilla (per 100g) ... OFF:15 (query: Pavesini Barilla)
[52/60] Sughi pronti Barilla al pomodoro (per 100g) ... OFF:15 (query: Sughi pronti Barilla al pomodoro)
[53/60] Polenta pronta (tubo) (per 100g) ... OFF:15 (query: Polenta pronta)
[54/60] Hamburger di pollo (burger surgelato, per 100g) ... OFF:15 (query: Hamburger di pollo)
[55/60] Cannelloni surgelati ripieni (per 100g) ... OFF:15 (query: Cannelloni surgelati ripieni)
[56/60] Doritos Nacho Cheese (per 100g) ... OFF:15 (query: Doritos Nacho Cheese)
[57/60] Pringles Original (per 100g) ... OFF:15 (query: Pringles Original)
[58/60] Lay's classiche (per 100g) ... OFF:15 (query: Lay's classiche)
[59/60] Barretta proteica whey (per 100g) ... OFF:15 (query: Barretta proteica whey)
[60/60] Barretta energetica ai cereali (tipo Kellogg's) ... OFF:15 (query: Barretta energetica ai cereali)
Scritto manual-review-candidates-upf.json
