Recupero candidati OFF per 40 alimenti (320-360)...
[1/40] Grappa (40% vol, per 100mL) ... OFF:9 (query: Grappa)
[2/40] Pasta senza glutine mais-riso (per 100g cruda) ... OFF:15 (query: Pasta senza glutine mais-riso)
[3/40] Pane senza glutine con semini (per 100g) ... OFF:15 (query: Pane senza glutine con semini)
[4/40] Pizza base senza glutine surgelata (per 100g) ... OFF:15 (query: Pizza base senza glutine surgelata)
[5/40] Schiacciatine / grissini al sesamo (per 100g) ... OFF:15 (query: Schiacciatine / grissini al sesamo)
[6/40] Chips di lenticchie (snack, per 100g) ... OFF:15 (query: Chips di lenticchie)
[7/40] Chips di barbabietola (snack, per 100g) ... OFF:15 (query: Chips di barbabietola)
[8/40] Popcorn caramellati (per 100g) ... OFF:15 (query: Popcorn caramellati)
[9/40] Rice cakes con cioccolato fondente (per 100g) ... OFF:15 (query: Rice cakes con cioccolato fondente)
[10/40] Monster Energy Original (500ml) ... OFF:15 (query: Monster Energy Original)
[11/40] Rockstar Energy (500ml) ... OFF:15 (query: Rockstar Energy)
[12/40] Burn Energy Drink (250ml) ... OFF:15 (query: Burn Energy Drink)
[13/40] McDonald's Filet-O-Fish (per 100g) ... OFF:15 (query: McDonald's Filet-O-Fish)
[14/40] KFC Pollo Fritto (per 100g) ... OFF:15 (query: KFC Pollo Fritto)
[15/40] Pizza fast food Margherita (per 100g) ... OFF:15 (query: Pizza fast food Margherita)
[16/40] Pizza surgelata 4 Stagioni (per 100g) ... OFF:15 (query: Pizza surgelata 4 Stagioni)
[17/40] Pizza surgelata prosciutto e funghi (per 100g) ... OFF:15 (query: Pizza surgelata prosciutto e funghi)
[18/40] Pizza gluten-free surgelata (per 100g) ... OFF:15 (query: Pizza gluten-free surgelata)
[19/40] Minestrone in busta pronto (per 100g) ... OFF:15 (query: Minestrone in busta pronto)
[20/40] Zuppa di lenticchie in brick (per 100g) ... OFF:15 (query: Zuppa di lenticchie in brick)
[21/40] Crema di zucca in lattina (per 100g) ... OFF:15 (query: Crema di zucca in lattina)
[22/40] Kellogg's Corn Flakes (per 100g) ... OFF:15 (query: Kellogg's Corn Flakes)
[23/40] Kellogg's Special K originale (per 100g) ... OFF:15 (query: Kellogg's Special K originale)
[24/40] Nestlé Cheerios miele e noci (per 100g) ... OFF:15 (query: Nestlé Cheerios miele e noci)
[25/40] Nestlé Nesquik Cereali al cacao (per 100g) ... OFF:15 (query: Nestlé Nesquik Cereali al cacao)
[26/40] Mulino Bianco Cereali Croccanti (per 100g) ... OFF:15 (query: Mulino Bianco Cereali Croccanti)
[27/40] Ketchup Heinz (per 100g) ... OFF:15 (query: Ketchup Heinz)
[28/40] Salsa Worcester (Worcestershire sauce) ... OFF:15 (query: Salsa Worcester)
[29/40] Dolmio sugo pronto al pomodoro (per 100g) ... OFF:15 (query: Dolmio sugo pronto al pomodoro)
[30/40] Philadelphia formaggio spalmabile (per 100g) ... OFF:15 (query: Philadelphia formaggio spalmabile)
[31/40] Nutella crema nocciola e cacao (per 100g) ... OFF:15 (query: Nutella crema nocciola e cacao)
[32/40] Burro di mandorle commerciale (per 100g) ... OFF:15 (query: Burro di mandorle commerciale)
[33/40] Sottilette (fette di formaggio fuso, per 100g) ... OFF:12 (query: Sottilette)
[34/40] Panna UHT da cucina 18% grassi (per 100g) ... OFF:15 (query: Panna UHT da cucina 18% grassi)
[35/40] Danone Activia yogurt alla frutta (per 100g) ... OFF:15 (query: Danone Activia yogurt alla frutta)
[36/40] Actimel (yakult-type drink, per 100ml) ... OFF:15 (query: Actimel)
[37/40] Whey protein isolate in polvere (per 100g) ... OFF:15 (query: Whey protein isolate in polvere)
[38/40] Protein shake RTD (pronto, per 330ml) ... OFF:15 (query: Protein shake RTD)
[39/40] Barretta proteica Mars Hi-Protein (per 100g) ... OFF:15 (query: Barretta proteica Mars Hi-Protein)
[40/40] Mass gainer in polvere (per 100g) ... OFF:15 (query: Mass gainer in polvere)
Scritto manual-review-candidates-upf.json
