Recupero candidati OFF per 60 alimenti (60-120)...
[1/60] Patatine soffiato tipo Cheetos ... OFF:15 (query: Patatine soffiato tipo Cheetos)
[2/60] Succo di frutta multivitaminico zuccherato ... OFF:15 (query: Succo di frutta multivitaminico zuccherato)
[3/60] Frullato di frutta industriale (smoothie) ... OFF:15 (query: Frullato di frutta industriale)
[4/60] Tè freddo zuccherato aromatizzato (bottiglia) ... OFF:15 (query: Tè freddo zuccherato aromatizzato)
[5/60] Hamburger fast food classico ... OFF:15 (query: Hamburger fast food classico)
[6/60] Patate fritte fast food (porzione media, 100g) ... OFF:15 (query: Patate fritte fast food)
[7/60] Pasta istantanea (ramen industriale, 100g cotto) ... OFF:15 (query: Pasta istantanea)
[8/60] Minestra in busta liofilizzata ... OFF:15 (query: Minestra in busta liofilizzata)
[9/60] Barretta cioccolato tipo Snickers (100g) ... OFF:15 (query: Barretta cioccolato tipo Snickers)
[10/60] Gelato confezionato tipo Oreo ... OFF:15 (query: Gelato confezionato tipo Oreo)
[11/60] Torta confezionata tipo plumcake (per 100g) ... OFF:15 (query: Torta confezionata tipo plumcake)
[12/60] Dado da brodo industriale (per 100g) ... OFF:15 (query: Dado da brodo industriale)
[13/60] Eritritolo (dolcificante naturale) ... OFF:15 (query: Eritritolo dolcificante naturale)
[14/60] Xilitolo (dolcificante betulla) ... OFF:1 (query: Xilitolo)
[15/60] Maltitolo (sciroppo/polvere) ... OFF:15 (query: Maltitolo sciroppo polvere)
[16/60] Sorbitolo (E420) ... OFF:15 (query: E420)
[17/60] Isomalto (E953) ... OFF:15 (query: Isomalto)
[18/60] Sciroppo di riso integrale ... OFF:15 (query: Sciroppo di riso integrale)
[19/60] Pasta proteica keto (lupin/konjac) ... OFF:15 (query: Pasta proteica keto)
[20/60] Barretta keto con cioccolato fondente ... OFF:15 (query: Barretta keto con cioccolato fondente)
[21/60] Cracker di semi misti keto ... OFF:15 (query: Cracker di semi misti keto)
[22/60] Farina di mandorle degraissata ... OFF:15 (query: Farina di mandorle degraissata)
[23/60] Yogurt greco 17% proteine ... OFF:15 (query: Yogurt greco 17% proteine)
[24/60] Pasta di soia (alto prot.) ... OFF:15 (query: Pasta di soia)
[25/60] Latte senza lattosio intero ... OFF:15 (query: Latte senza lattosio intero)
[26/60] Pasta integrale senza glutine (quinoa-mais) ... OFF:15 (query: Pasta integrale senza glutine)
[27/60] Pane integrale senza glutine con semi ... OFF:15 (query: Pane integrale senza glutine con semi)
[28/60] Polvere addensante (per disfagia, tipo Nutilis) ... OFF:15 (query: Polvere addensante)
[29/60] Modulare calorico lipidico (Calogen) ... OFF:2 (query: Modulare calorico lipidico Calogen)
[30/60] Modulare proteico (Protifar polvere, 100g) ... OFF:15 (query: Modulare proteico)
[31/60] Modulare glucidico (Maxijul/Fantomalt) ... OFF:1 (query: Modulare glucidico Maxijul Fantomalt)
[32/60] Soluzione reidratante orale (ORS WHO) ... OFF:15 (query: Soluzione reidratante orale)
[33/60] McDonald's Patatine fritte grandi (per 100g) ... OFF:15 (query: McDonald's Patatine fritte grandi)
[34/60] McDonald's McFlurry Oreo (per 100g) ... OFF:15 (query: McDonald's McFlurry Oreo)
[35/60] Burger King Whopper (per 100g) ... OFF:15 (query: Burger King Whopper)
[36/60] KFC Pollo fritto croccante (per 100g) ... OFF:15 (query: KFC Pollo fritto croccante)
[37/60] Subway Veggie Delite (sandwich 6", per 100g) ... OFF:15 (query: Subway Veggie Delite)
[38/60] Subway Tuna sub (sandwich 6", per 100g) ... OFF:15 (query: Subway Tuna sub)
[39/60] Panino con hamburger da fast food (generico, per 100g) ... OFF:15 (query: Panino con hamburger da fast food)
[40/60] M&Ms al cioccolato al latte (per 100g) ... OFF:15 (query: M&Ms al cioccolato al latte)
[41/60] Mentos originali (rotolo, per 100g) ... OFF:15 (query: Mentos originali)
[42/60] Tortilla di grano (industriale, tipo El Sabor) ... OFF:15 (query: Tortilla di grano)
[43/60] Insalata pronta in busta (mista, 100g) ... OFF:15 (query: Insalata pronta in busta)
[44/60] Riso in busta pronto micro (basmati, cotto) ... OFF:15 (query: Riso in busta pronto micro)
[45/60] Brodo di pollo industriale (tetrapak pronto, per 100mL) ... OFF:15 (query: Brodo di pollo industriale)
[46/60] Lasagne pronte surgelate (Findus o sim.) ... OFF:15 (query: Lasagne pronte surgelate)
[47/60] Tè freddo al limone Nestea (per 100mL) ... OFF:15 (query: Tè freddo al limone Nestea)
[48/60] Capri-Sun (bustina 200mL, per 100mL) ... OFF:15 (query: Capri-Sun)
[49/60] Granola industriale miele e noci (per 100g) ... OFF:15 (query: Granola industriale miele e noci)
[50/60] Muesli industriale classico (per 100g) ... OFF:15 (query: Muesli industriale classico)
[51/60] Salsa Caesar industriale (bottiglia) ... OFF:15 (query: Salsa Caesar industriale)
[52/60] Maionese Hellmann's (per 100g) ... OFF:15 (query: Maionese Hellmann's)
[53/60] Senape di Digione (Maille, per 100g) ... OFF:15 (query: Senape di Digione)
[54/60] Patatine fritte McDonald's (per 100g) ... OFF:15 (query: Patatine fritte McDonald's)
[55/60] Hot dog (wurstel in panino industriale) ... OFF:15 (query: Hot dog)
[56/60] Pizza surgelata margherita (per 100g) ... OFF:15 (query: Pizza surgelata margherita)
[57/60] Pizza surgelata 4 stagioni (per 100g) ... OFF:15 (query: Pizza surgelata 4 stagioni)
[58/60] Kebab (doner, pane+carne+salse, per 100g) ... OFF:15 (query: Kebab)
[59/60] Würstel di pollo (industriale) ... OFF:15 (query: Würstel di pollo)
[60/60] Würstel di maiale (industriale) ... OFF:15 (query: Würstel di maiale)
Scritto manual-review-candidates-upf.json
