Recupero candidati OFF per 40 alimenti (280-320)...
[1/40] Magnum Classic Algida (per 100g) ... OFF:15 (query: Magnum Classic Algida)
[2/40] Calippo Algida limone (per 100g) ... OFF:15 (query: Calippo Algida limone)
[3/40] Twister Algida fragola (per 100g) ... OFF:15 (query: Twister Algida fragola)
[4/40] Häagen-Dazs Vanilla (per 100g) ... OFF:15 (query: Häagen-Dazs Vanilla)
[5/40] Sammontana Cremino (per 100g) ... OFF:15 (query: Sammontana Cremino)
[6/40] Solero al mango (per 100g) ... OFF:15 (query: Solero al mango)
[7/40] Aranciata San Pellegrino (per 100mL) ... OFF:15 (query: Aranciata San Pellegrino)
[8/40] Chinotto San Pellegrino (per 100mL) ... OFF:15 (query: Chinotto San Pellegrino)
[9/40] Lemonsoda (San Pellegrino, per 100mL) ... OFF:15 (query: Lemonsoda)
[10/40] Fanta Arancia (per 100mL) ... OFF:15 (query: Fanta Arancia)
[11/40] Pepsi Cola (per 100mL) ... OFF:15 (query: Pepsi Cola)
[12/40] San Benedetto Ice Tea pesca (per 100mL) ... OFF:15 (query: San Benedetto Ice Tea pesca)
[13/40] Succo di frutta Yoga ACE brick (per 100mL) ... OFF:15 (query: Succo di frutta Yoga ACE brick)
[14/40] Succo Yoga pesca (brick 200mL, per 100mL) ... OFF:15 (query: Succo Yoga pesca)
[15/40] Coca-Cola Zero Sugar (per 100mL) ... OFF:15 (query: Coca-Cola Zero Sugar)
[16/40] Tortellini ricotta e spinaci Giovanni Rana (per 100g) ... OFF:15 (query: Tortellini ricotta e spinaci Giovanni Rana)
[17/40] Ravioli di carne Giovanni Rana (per 100g) ... OFF:15 (query: Ravioli di carne Giovanni Rana)
[18/40] Buitoni pasta ripiena ricotta (per 100g) ... OFF:15 (query: Buitoni pasta ripiena ricotta)
[19/40] Findus 4 Salti in Padella pollo e verdure (per 100g) ... OFF:15 (query: Findus 4 Salti in Padella pollo e verdure)
[20/40] Findus 4 Salti in Padella carbonara (per 100g) ... OFF:15 (query: Findus 4 Salti in Padella carbonara)
[21/40] Wok surgelato misto asia (per 100g) ... OFF:15 (query: Wok surgelato misto asia)
[22/40] Polpette di carne surgelate (per 100g) ... OFF:15 (query: Polpette di carne surgelate)
[23/40] Cordon bleu di pollo surgelato (per 100g) ... OFF:15 (query: Cordon bleu di pollo surgelato)
[24/40] Sofficini al formaggio Findus (per 100g) ... OFF:15 (query: Sofficini al formaggio Findus)
[25/40] Kombucha (bevanda fermentata tè, per 100mL) ... OFF:15 (query: Kombucha)
[26/40] Kefir di latte vaccino intero (per 100g) ... OFF:15 (query: Kefir di latte vaccino intero)
[27/40] Tempeh di soia pastorizzato (per 100g) ... OFF:15 (query: Tempeh di soia pastorizzato)
[28/40] Salsa BBQ (ketchup affumicato, per 100g) ... OFF:15 (query: Salsa BBQ)
[29/40] Salsa teriyaki industriale (per 100g) ... OFF:15 (query: Salsa teriyaki industriale)
[30/40] Salsa Worcestershire (per 100mL) ... OFF:15 (query: Salsa Worcestershire)
[31/40] Tabasco (salsa piccante, per 100mL) ... OFF:15 (query: Tabasco)
[32/40] Nutella Biscuits (per 100g) ... OFF:15 (query: Nutella Biscuits)
[33/40] Plasmon Omogeneizzato frutta mela-pera (per 100g) ... OFF:15 (query: Plasmon Omogeneizzato frutta mela-pera)
[34/40] Plasmon Omogeneizzato carne manzo (per 100g) ... OFF:15 (query: Plasmon Omogeneizzato carne manzo)
[35/40] Plasmon Omogeneizzato tacchino (per 100g) ... OFF:15 (query: Plasmon Omogeneizzato tacchino)
[36/40] Plasmon Crema di verdure liofilizzata (per 100g polvere) ... OFF:15 (query: Plasmon Crema di verdure liofilizzata)
[37/40] Latte formula 2 seguito (6-12 mesi, polvere per 100g) ... OFF:15 (query: Latte formula 2 seguito)
[38/40] Latte formula 3 crescita (1-3 anni, polvere per 100g) ... OFF:15 (query: Latte formula 3 crescita)
[39/40] Liofilizzato frutta banana (Heinz/Hipp, per 100g polvere) ... OFF:15 (query: Liofilizzato frutta banana)
[40/40] Pastina stelline per bambini (Barilla, per 100g cruda) ... OFF:15 (query: Pastina stelline per bambini)
Scritto manual-review-candidates-upf.json
