Recupero candidati OFF per 60 alimenti (0-60)...
[1/60] Patatine fritte in busta (chips classiche) ... OFF:15 (query: Patatine fritte in busta)
[2/60] Patatine al formaggio (Fonzies/simili) ... OFF:15 (query: Patatine al formaggio)
[3/60] Crackers snack con sesamo (tipo MixBowl) ... OFF:15 (query: Crackers snack con sesamo)
[4/60] Pretzels/grissini salati industriali ... OFF:15 (query: Pretzels/grissini salati industriali)
[5/60] Merendina tipo Crostatina/Merenda (Mulino B.) ... OFF:15 (query: Merendina tipo Crostatina/Merenda)
[6/60] Torta confezionata al cioccolato (tipo Sacher) ... OFF:15 (query: Torta confezionata al cioccolato)
[7/60] Brioche industriale (brioches confezionate) ... OFF:15 (query: Brioche industriale)
[8/60] Croissant/cornetto industriale ... OFF:15 (query: Croissant/cornetto industriale)
[9/60] Torta di riso industriale ... OFF:15 (query: Torta di riso industriale)
[10/60] Gelato al cioccolato industriale ... OFF:15 (query: Gelato al cioccolato industriale)
[11/60] Ghiacciolo alla fragola (tipo Polaretti) ... OFF:15 (query: Ghiacciolo alla fragola)
[12/60] Gelato Magnum (cioccolato, stima per 100g) ... OFF:15 (query: Gelato Magnum)
[13/60] Vino rosso (12% vol.) ... OFF:15 (query: Vino rosso)
[14/60] Vino bianco secco (12% vol.) ... OFF:15 (query: Vino bianco secco)
[15/60] Birra scura/doppio malto (7% vol.) ... OFF:15 (query: Birra scura/doppio malto)
[16/60] Prosecco / spumante (11% vol.) ... OFF:15 (query: Prosecco / spumante)
[17/60] Aperol Spritz (porzione 200mL) ... OFF:15 (query: Aperol Spritz)
[18/60] Cocktail Mojito (porzione 200mL) ... OFF:15 (query: Cocktail Mojito)
[19/60] Succo di frutta industriale (brick) ... OFF:15 (query: Succo di frutta industriale)
[20/60] Tè freddo industriale zuccherato ... OFF:15 (query: Tè freddo industriale zuccherato)
[21/60] Hamburger industriale (burger surgelato) ... OFF:15 (query: Hamburger industriale)
[22/60] Lasagne industriali surgelate ... OFF:15 (query: Lasagne industriali surgelate)
[23/60] Crema di nocciole bianca (tipo Bianca) ... OFF:15 (query: Crema di nocciole bianca)
[24/60] Hot dog industriale con panino ... OFF:15 (query: Hot dog industriale con panino)
[25/60] Cotoletta impanata surgelata ... OFF:15 (query: Cotoletta impanata surgelata)
[26/60] Gin tonic (porzione 200mL) ... OFF:15 (query: Gin tonic)
[27/60] Amaro digestivo (40% vol.) ... OFF:15 (query: Amaro digestivo)
[28/60] Gelato gastronomico (coppa mista 200g) ... OFF:15 (query: Gelato gastronomico)
[29/60] Cono gelato industriale (tipo Cornetto) ... OFF:15 (query: Cono gelato industriale)
[30/60] Biscotti al burro tipo shortbread ... OFF:15 (query: Biscotti al burro tipo shortbread)
[31/60] Merendina Kinder Fetta al Latte ... OFF:15 (query: Merendina Kinder Fetta al Latte)
[32/60] Salsa Worcester ... OFF:15 (query: Salsa Worcester)
[33/60] Salsa tahini / crema di sesamo ... OFF:15 (query: Salsa tahini / crema di sesamo)
[34/60] Torrone al cioccolato duro ... OFF:15 (query: Torrone al cioccolato duro)
[35/60] Cheesecake industriale porzione 100g ... OFF:15 (query: Cheesecake industriale porzione 100g)
[36/60] Muffin industriale ai mirtilli ... OFF:15 (query: Muffin industriale ai mirtilli)
[37/60] Caramelle gommose alla frutta ... OFF:15 (query: Caramelle gommose alla frutta)
[38/60] Gianduiotto cioccolatino ... OFF:15 (query: Gianduiotto cioccolatino)
[39/60] Popcorn caramellato confezionato ... OFF:15 (query: Popcorn caramellato confezionato)
[40/60] Ciambelline salate al rosmarino ... OFF:15 (query: Ciambelline salate al rosmarino)
[41/60] Risotto in busta pronto ... OFF:15 (query: Risotto in busta pronto)
[42/60] Pasta al pomodoro in vasetto pronta ... OFF:15 (query: Pasta al pomodoro in vasetto pronta)
[43/60] Ragù industriale in vasetto ... OFF:15 (query: Ragù industriale in vasetto)
[44/60] Carne in scatola corned beef ... OFF:15 (query: Carne in scatola corned beef)
[45/60] Birra artigianale IPA 6% ... OFF:15 (query: Birra artigianale IPA 6%)
[46/60] Grappa 40% ... OFF:15 (query: Grappa 40%)
[47/60] Limoncello 30% ... OFF:15 (query: Limoncello 30%)
[48/60] Porto vino liquoroso dolce 20% ... OFF:15 (query: Porto vino liquoroso dolce 20%)
[49/60] Birra senza glutine ... OFF:15 (query: Birra senza glutine)
[50/60] Sidro di mele secco 5% ... OFF:15 (query: Sidro di mele secco 5%)
[51/60] Latte al cioccolato industriale ... OFF:15 (query: Latte al cioccolato industriale)
[52/60] Bevanda alla soia zuccherata ... OFF:15 (query: Bevanda alla soia zuccherata)
[53/60] Sottilette fette di formaggio ... OFF:15 (query: Sottilette fette di formaggio)
[54/60] Barretta energetica tipo Clif ... OFF:15 (query: Barretta energetica tipo Clif)
[55/60] Barretta proteica industriale 20g prot ... OFF:15 (query: Barretta proteica industriale 20g prot)
[56/60] Granola industriale miele e frutta ... OFF:15 (query: Granola industriale miele e frutta)
[57/60] Porridge industriale confezionato ... OFF:15 (query: Porridge industriale confezionato)
[58/60] Wafer al miele confezionato ... OFF:15 (query: Wafer al miele confezionato)
[59/60] Focaccia industriale confezionata ... OFF:15 (query: Focaccia industriale confezionata)
[60/60] Toast confezionato prosciutto e formaggio ... OFF:15 (query: Toast confezionato prosciutto e formaggio)
Scritto manual-review-candidates-upf.json
