Recupero candidati USDA per 60 alimenti (200-260)...
[1/60] Salsa Worcestershire ... USDA:6 (query: Salsa Worcestershire)
[2/60] Tabasco ... USDA:1 (query: Tabasco)
[3/60] Pesto genovese ... USDA:5 (query: Pesto genovese)
[4/60] Soffritto dado granulare ... USDA:1 (query: Soffritto dado granulare)
[5/60] Margarina da spalmare ... USDA:0 (query: nessuna)
[6/60] Strutto ... USDA:0 (query: nessuna)
[7/60] Lasagne al ragù surgelate ... USDA:2 (query: Lasagne al ragù surgelate)
[8/60] Risotto ai funghi surgelato ... USDA:0 (query: nessuna)
[9/60] Minestrone surgelato ... USDA:5 (query: Minestrone surgelato)
[10/60] Cordon bleu surgelato ... USDA:0 (query: nessuna)
[11/60] Sofficini Findus ... USDA:0 (query: nessuna)
[12/60] Crocchette di patate surgelate ... USDA:0 (query: nessuna)
[13/60] Patate al forno surgelate ... USDA:1 (query: Patate al forno surgelate)
[14/60] Tortellini in brodo surgelati ... USDA:1 (query: Tortellini in brodo surgelati)
[15/60] Spinaci al burro surgelati ... USDA:1 (query: Spinaci al burro surgelati)
[16/60] Papaya ... USDA:6 (query: Papaya)
[17/60] Mango ... USDA:13 (query: Mango)
[18/60] Maracuja (frutto della passione) ... USDA:4 (query: Maracuja frutto della passione)
[19/60] Lychee ... USDA:2 (query: Lychee)
[20/60] Pitahaya rossa (frutto del drago) ... USDA:1 (query: Pitahaya rossa frutto del drago)
[21/60] Jackfruit maturo ... USDA:2 (query: Jackfruit maturo)
[22/60] Star fruit (carambola) ... USDA:15 (query: Star fruit)
[23/60] Guava ... USDA:9 (query: Guava)
[24/60] Goji secchi ... USDA:1 (query: Goji secchi)
[25/60] Acai (purea congelata) ... USDA:2 (query: Acai)
[26/60] Daikon ... USDA:0 (query: nessuna)
[27/60] Bok choy (cotto) ... USDA:4 (query: Bok choy)
[28/60] Yuca (manioca, cotta) ... USDA:0 (query: nessuna)
[29/60] Plantano (banana da cuocere) ... USDA:15 (query: Plantano banana da cuocere)
[30/60] Fagioli neri (cotti) ... USDA:0 (query: nessuna)
[31/60] Azuki (fagioli rossi, cotti) ... USDA:0 (query: nessuna)
[32/60] Fagioli mung (cotti) ... USDA:9 (query: Fagioli mung)
[33/60] Edamame (sgranati, cotti) ... USDA:3 (query: Edamame)
[34/60] Nigiri di tonno (per 100g) ... USDA:3 (query: Nigiri di tonno per 100g)
[35/60] Nigiri di gambero/gamberetto (per 100g) ... USDA:3 (query: Nigiri di gambero gamberetto per 100g)
[36/60] Sashimi di salmone (per 100g) ... USDA:15 (query: Sashimi di salmone)
[37/60] Sashimi di tonno (per 100g) ... USDA:3 (query: Sashimi di tonno per 100g)
[38/60] California roll (per 100g) ... USDA:15 (query: California roll)
[39/60] Temaki di tonno (handroll, per 100g) ... USDA:3 (query: Temaki di tonno handroll, per 100g)
[40/60] Uramaki (inside-out roll, per 100g) ... USDA:15 (query: Uramaki inside-out roll, per 100g)
[41/60] Onigiri al salmone (triangolino riso, per 100g) ... USDA:15 (query: Onigiri al salmone)
[42/60] Negroni (cocktail, per 100ml) ... USDA:15 (query: Negroni cocktail, per 100ml)
[43/60] Amaro Montenegro (liquore, per 100ml) ... USDA:4 (query: Amaro Montenegro liquore, per 100ml)
[44/60] Mirto rosso sardo (liquore, per 100ml) ... USDA:4 (query: Mirto rosso sardo liquore, per 100ml)
[45/60] Campari (liquore, per 100ml) ... USDA:4 (query: Campari liquore, per 100ml)
[46/60] Hugo spritz (prosecco + fiori di sambuco, 200ml) ... USDA:0 (query: nessuna)
[47/60] Kimchi (cavolo cinese fermentato, per 100g) ... USDA:1 (query: Kimchi)
[48/60] Bibimbap coreano (riso, verdure, uovo, per 100g) ... USDA:3 (query: Bibimbap coreano riso, verdure, uovo, per 100g)
[49/60] Gochujang (pasta di peperoncino fermentata, per 100g) ... USDA:15 (query: Gochujang pasta di peperoncino fermentata, per 100g)
[50/60] Baozi (panino cotto al vapore ripieno, per 100g) ... USDA:4 (query: Baozi panino cotto al vapore ripieno, per 100g)
[51/60] Bottarga di muggine (uova di cefalo essiccate, per 100g) ... USDA:3 (query: Bottarga di muggine uova di cefalo essiccate, per 100g)
[52/60] Colatura di alici di Cetara (per 100ml) ... USDA:3 (query: Colatura di alici di Cetara per 100ml)
[53/60] Lardo di Colonnata IGP (per 100g) ... USDA:3 (query: Lardo di Colonnata IGP per 100g)
[54/60] Culatello di Zibello DOP (per 100g) ... USDA:3 (query: Culatello di Zibello DOP per 100g)
[55/60] Grana Padano DOP giovane (9 mesi, per 100g) ... USDA:15 (query: Grana Padano DOP giovane 9 mesi, per 100g)
[56/60] Mirin (vino di riso dolce, per 100ml) ... USDA:3 (query: Mirin vino di riso dolce, per 100ml)
[57/60] Furikake (condimento per riso giapponese, per 100g) ... USDA:3 (query: Furikake condimento per riso giapponese, per 100g)
[58/60] Salsa sriracha (salsa piccante thai, per 100g) ... USDA:8 (query: Salsa sriracha)
[59/60] Dashi (brodo giapponese, per 100ml) ... USDA:3 (query: Dashi brodo giapponese, per 100ml)
[60/60] Som tam (insalata verde papaya, Thai) ... USDA:8 (query: Som tam insalata verde papaya, Thai)
Scritto manual-review-candidates-extra.json
