Recupero candidati OFF per 40 alimenti (360-400)...
[1/40] Plumcake Mulino Bianco (per 100g) ... OFF:15 (query: Plumcake Mulino Bianco)
[2/40] Frollini al burro industriali (per 100g) ... OFF:15 (query: Frollini al burro industriali)
[3/40] Nestea Limone (per 100ml) ... OFF:15 (query: Nestea Limone)
[4/40] San Benedetto Ice Tea pesca (per 100ml) ... OFF:15 (query: San Benedetto Ice Tea pesca)
[5/40] Chinotto San Pellegrino (per 100ml) ... OFF:15 (query: Chinotto San Pellegrino)
[6/40] Schweppes Tonic Water (per 100ml) ... OFF:15 (query: Schweppes Tonic Water)
[7/40] Succo di frutta ACE (per 100ml) ... OFF:15 (query: Succo di frutta ACE)
[8/40] Birra senza alcol (per 100ml) ... OFF:15 (query: Birra senza alcol)
[9/40] Gin Tonic pronto (per 100ml) ... OFF:15 (query: Gin Tonic pronto)
[10/40] Domino's Pizza Margherita (per 100g) ... OFF:15 (query: Domino's Pizza Margherita)
[11/40] Subway Panino Veggie Delite (per 100g) ... OFF:15 (query: Subway Panino Veggie Delite)
[12/40] Burritos Tex-Mex industriale (per 100g) ... OFF:15 (query: Burritos Tex-Mex industriale)
[13/40] Popcorn microonde al burro (per 100g) ... OFF:15 (query: Popcorn microonde al burro)
[14/40] Crocchette di pollo surgelate (per 100g) ... OFF:15 (query: Crocchette di pollo surgelate)
[15/40] Pizza surgelata Quattro Formaggi (per 100g) ... OFF:15 (query: Pizza surgelata Quattro Formaggi)
[16/40] Cotolette di vitello surgelate impanate (per 100g) ... OFF:15 (query: Cotolette di vitello surgelate impanate)
[17/40] Müller Corner frutti di bosco (per 100g) ... OFF:15 (query: Müller Corner frutti di bosco)
[18/40] Danone Activia mirtilli (per 100g) ... OFF:15 (query: Danone Activia mirtilli)
[19/40] Actimel 0% (per 100ml) ... OFF:15 (query: Actimel 0%)
[20/40] Panna UHT 35% (per 100ml) ... OFF:15 (query: Panna UHT 35%)
[21/40] Yomo yogurt alla frutta (per 100g) ... OFF:15 (query: Yomo yogurt alla frutta)
[22/40] Sriracha Hot Chili Sauce (per 100g) ... OFF:15 (query: Sriracha Hot Chili Sauce)
[23/40] Latte di avena industriale (per 100ml) ... OFF:15 (query: Latte di avena industriale)
[24/40] Latte di soia arricchito (per 100ml) ... OFF:15 (query: Latte di soia arricchito)
[25/40] Latte di cocco (tetrapack, per 100ml) ... OFF:15 (query: Latte di cocco)
[26/40] Latte di riso arricchito (per 100ml) ... OFF:15 (query: Latte di riso arricchito)
[27/40] Yogurt di soia alla frutta (per 100g) ... OFF:15 (query: Yogurt di soia alla frutta)
[28/40] Panna di soia (per 100ml) ... OFF:15 (query: Panna di soia)
[29/40] Burger vegetale (Beyond/Impossible tipo, per 100g) ... OFF:15 (query: Burger vegetale)
[30/40] Tofu affumicato (per 100g) ... OFF:15 (query: Tofu affumicato)
[31/40] Quorn (mycoprotein, per 100g) ... OFF:15 (query: Quorn)
[32/40] McDonald's Hamburger classico (per 100g) ... OFF:15 (query: McDonald's Hamburger classico)
[33/40] McDonald's Patatine fritte medie (per 100g) ... OFF:15 (query: McDonald's Patatine fritte medie)
[34/40] KFC Pollo fritto (per 100g) ... OFF:15 (query: KFC Pollo fritto)
[35/40] Pizza Hut Margherita (per 100g) ... OFF:15 (query: Pizza Hut Margherita)
[36/40] Tronky Ferrero (per 100g) ... OFF:15 (query: Tronky Ferrero)
[37/40] Pocket Coffee Ferrero (per 100g) ... OFF:15 (query: Pocket Coffee Ferrero)
[38/40] Merendina Fiesta Ferrero (per 100g) ... OFF:15 (query: Merendina Fiesta Ferrero)
[39/40] Baiocchi Barilla (per 100g) ... OFF:15 (query: Baiocchi Barilla)
[40/40] Saiwa Petit beurre (per 100g) ... OFF:15 (query: Saiwa Petit beurre)
Scritto manual-review-candidates-upf.json
