Recupero candidati per 150 alimenti (0-150)...
[1/150] Acqua minerale naturale ... CREA:0 BDA:2
[2/150] Birra normale (4-5%) ... CREA:0 BDA:0
[3/150] Caffè espresso ... CREA:2 BDA:0
[4/150] Manzo magro ... CREA:0 BDA:0
[5/150] Semi di chia ... CREA:1 BDA:3
[6/150] Peperone rosso ... CREA:0 BDA:0
[7/150] Cetriolo ... CREA:0 BDA:0
[8/150] Cozze ... CREA:0 BDA:0
[9/150] Vongole ... CREA:0 BDA:1
[10/150] Kefir intero ... CREA:0 BDA:0
[11/150] Latte di avena ... CREA:8 BDA:8
[12/150] Ciliegie ... CREA:0 BDA:2
[13/150] Nduja ... CREA:0 BDA:0
[14/150] Aceto balsamico ... CREA:0 BDA:7
[15/150] Aceto di vino rosso ... CREA:0 BDA:7
[16/150] Olio di semi di lino ... CREA:8 BDA:5
[17/150] Tè verde infuso ... CREA:7 BDA:0
[18/150] Tè nero infuso ... CREA:3 BDA:0
[19/150] Caffè americano filtro ... CREA:2 BDA:0
[20/150] Caffè d'orzo ... CREA:2 BDA:0
[21/150] Latte di cocco non conservato ... CREA:8 BDA:8
[22/150] Pasta di ceci cruda ... CREA:7 BDA:6
[23/150] Pasta di lenticchie cruda ... CREA:7 BDA:6
[24/150] Polenta taragna cruda ... CREA:2 BDA:1
[25/150] Pasta di kamut cruda ... CREA:7 BDA:6
[26/150] Oca petto senza pelle ... CREA:5 BDA:7
[27/150] Cinghiale coscia ... CREA:0 BDA:0
[28/150] Totano ... CREA:0 BDA:0
[29/150] Capasanta ... CREA:0 BDA:0
[30/150] Anguilla ... CREA:5 BDA:4
[31/150] Cavolo nero ... CREA:7 BDA:3
[32/150] Pak choi ... CREA:0 BDA:0
[33/150] Taccole ... CREA:0 BDA:0
[34/150] Catalogna ... CREA:0 BDA:1
[35/150] More ... CREA:0 BDA:0
[36/150] Dattero fresco ... CREA:0 BDA:0
[37/150] Gruyère ... CREA:0 BDA:0
[38/150] Caprino fresco ... CREA:1 BDA:1
[39/150] Primo Sale ... CREA:0 BDA:0
[40/150] Cicerchie secche ... CREA:0 BDA:0
[41/150] Noci di Macadamia ... CREA:4 BDA:4
[42/150] Concentrato di pomodoro ... CREA:0 BDA:4
[43/150] Salsa di pomodoro fresca ... CREA:2 BDA:2
[44/150] Aceto di mele ... CREA:0 BDA:7
[45/150] Besciamella fatta in casa ... CREA:0 BDA:0
[46/150] Hummus fatto in casa ... CREA:0 BDA:0
[47/150] Guacamole fatto in casa ... CREA:0 BDA:0
[48/150] Peperoncino secco ... CREA:0 BDA:0
[49/150] Cannella in polvere ... CREA:0 BDA:1
[50/150] Curcuma in polvere ... CREA:0 BDA:0
[51/150] Origano essiccato ... CREA:0 BDA:2
[52/150] Uova di quaglia ... CREA:8 BDA:2
[53/150] Seitan ... CREA:0 BDA:0
[54/150] Semi di sesamo crudi ... CREA:1 BDA:3
[55/150] Arachidi crude (non tostate) ... CREA:2 BDA:8
[56/150] Spirulina in polvere ... CREA:0 BDA:0
[57/150] Bacche di goji secche ... CREA:0 BDA:0
[58/150] Pitaya / Dragon fruit (polpa) ... CREA:0 BDA:3
[59/150] Pomelo fresco ... CREA:0 BDA:0
[60/150] Noce di cocco fresca (polpa) ... CREA:0 BDA:3
[61/150] Durian fresco ... CREA:0 BDA:0
[62/150] Giuggiole fresche ... CREA:0 BDA:0
[63/150] Crescione d'acqua ... CREA:0 BDA:1
[64/150] Friarielli (cime di rapa napoletane) ... CREA:0 BDA:0
[65/150] Cavolo nero toscano ... CREA:7 BDA:3
[66/150] Acetosella (Rumex acetosa) ... CREA:0 BDA:0
[67/150] Kamut (frumento khorasan) crudo ... CREA:8 BDA:6
[68/150] Orzo integrale crudo ... CREA:3 BDA:7
[69/150] Segale in chicchi cruda ... CREA:2 BDA:1
[70/150] Fagiolini di soia (edamame secchi) ... CREA:0 BDA:0
[71/150] Fagioli rossi kidney cotti ... CREA:8 BDA:7
[72/150] Vigna dall'occhio (Black-eyed peas) secchi ... CREA:0 BDA:0
[73/150] Kefir (latte fermentato) ... CREA:8 BDA:8
[74/150] Lassi naturale (bevanda yogurt) ... CREA:8 BDA:4
[75/150] Labneh (yogurt scolato medio-oriente) ... CREA:8 BDA:8
[76/150] Vitello (macinato magro) ... CREA:8 BDA:8
[77/150] Maiale magro (filetto) ... CREA:3 BDA:1
[78/150] Agnello (coscia magra) ... CREA:7 BDA:8
[79/150] Struzzo (filetto) ... CREA:3 BDA:1
[80/150] Orata fresca ... CREA:3 BDA:3
[81/150] Riccio di mare (polpa) ... CREA:0 BDA:3
[82/150] Succo di melograno 100% ... CREA:7 BDA:8
[83/150] Tè verde infuso (non zuccherato) ... CREA:1 BDA:8
[84/150] Tè nero infuso (non zuccherato) ... CREA:1 BDA:8
[85/150] Tisana camomilla (infuso) ... CREA:0 BDA:0
[86/150] Acqua di riso (bevanda) ... CREA:8 BDA:4
[87/150] Amido di tapioca ... CREA:1 BDA:4
[88/150] Olio di lino (flaxseed) ... CREA:0 BDA:0
[89/150] Ghee (burro chiarificato) ... CREA:2 BDA:4
[90/150] Pane con noci ... CREA:8 BDA:1
[91/150] Pane di farro integrale ... CREA:8 BDA:5
[92/150] Pane multicereali ... CREA:8 BDA:8
[93/150] Focaccia genovese ... CREA:0 BDA:1
[94/150] Ciabatta ... CREA:0 BDA:0
[95/150] Pasta di farro cruda ... CREA:7 BDA:6
[96/150] Porro ... CREA:0 BDA:0
[97/150] Kohlrabi (cavolo rapa) ... CREA:7 BDA:3
[98/150] Germogli di lenticchie ... CREA:1 BDA:1
[99/150] Okra / Gombo ... CREA:0 BDA:0
[100/150] Melanzana lunga asiatica ... CREA:0 BDA:0
[101/150] Kumquat fresco ... CREA:0 BDA:0
[102/150] Tamarindo (polpa fresca) ... CREA:0 BDA:3
[103/150] Jackfruit (frutto del pane) fresco ... CREA:0 BDA:1
[104/150] Stracciatella di bufala ... CREA:1 BDA:1
[105/150] Porchetta ... CREA:0 BDA:0
[106/150] Ostriche fresche ... CREA:0 BDA:0
[107/150] Spigola al sale (branzino) cotto ... CREA:0 BDA:0
[108/150] Lenticchie beluga secche (nere) ... CREA:3 BDA:3
[109/150] Edamame (soia immatura) ... CREA:8 BDA:8
[110/150] Burro di mandorle ... CREA:2 BDA:2
[111/150] Burro di sesamo (tahini) ... CREA:0 BDA:0
[112/150] Semi di canapa sgusciati ... CREA:1 BDA:3
[113/150] Olio di noce ... CREA:8 BDA:8
[114/150] Margarina vegetale 70% grassi ... CREA:1 BDA:3
[115/150] Stevia (foglie essiccate) ... CREA:2 BDA:1
[116/150] Cardamomo macinato ... CREA:0 BDA:0
[117/150] Zenzero in polvere ... CREA:0 BDA:0
[118/150] Peperoncino piccante in polvere ... CREA:0 BDA:0
[119/150] Kombucha (bevanda fermentata tè) ... CREA:8 BDA:4
[120/150] Kefir d'acqua probiotico ... CREA:0 BDA:0
[121/150] Birra artigianale chiara (330mL) ... CREA:0 BDA:0
[122/150] Sidro di mele secco (100mL) ... CREA:0 BDA:0
[123/150] Kimchi (cavolo fermentato coreano) ... CREA:7 BDA:3
[124/150] Miso bianco (shiro miso) ... CREA:0 BDA:0
[125/150] Tofu compatto (silken) ... CREA:0 BDA:0
[126/150] Tofu solido (firm tofu) ... CREA:0 BDA:0
[127/150] Crema di grano (semolino cotto) ... CREA:0 BDA:0
[128/150] Crema di verdure (passato) ... CREA:0 BDA:0
[129/150] Panna fresca da cucina (35% grassi) ... CREA:1 BDA:1
[130/150] Pane di semola (rimacinata) ... CREA:0 BDA:0
[131/150] Purea di patate (pronta) ... CREA:0 BDA:0
[132/150] Finferli / Galletti freschi ... CREA:0 BDA:0
[133/150] Pleurotus / Funghi ostrica freschi ... CREA:0 BDA:0
[134/150] Cardoncelli / Funghi reale secchi ... CREA:0 BDA:0
[135/150] Carruba (polpa essiccata) ... CREA:0 BDA:3
[136/150] Pitaya / Dragon fruit rosso ... CREA:0 BDA:0
[137/150] Açaí in polvere disidratata ... CREA:0 BDA:0
[138/150] Mirto (bacche fresche) ... CREA:0 BDA:0
[139/150] Corbezzolo fresco ... CREA:0 BDA:0
[140/150] Olivello spinoso (bacche fresche) ... CREA:0 BDA:0
[141/150] Banana plantain / Platano verde crudo ... CREA:0 BDA:1
[142/150] Mangostano fresco ... CREA:0 BDA:0
[143/150] Durian fresco (polpa) ... CREA:0 BDA:3
[144/150] Pastinaca fresca ... CREA:0 BDA:0
[145/150] Navone / Rapa svedese fresca ... CREA:0 BDA:0
[146/150] Lampascioni / Muscari (cipolletti selvatici) ... CREA:0 BDA:0
[147/150] Borragine fresca ... CREA:0 BDA:0
[148/150] Crescione d'acqua fresco ... CREA:0 BDA:1
[149/150] Coltivato / Songino / Valerianella fresca ... CREA:0 BDA:0
[150/150] 'Nduja calabrese (insaccato spalmabile) ... CREA:0 BDA:0
Scritto manual-review-candidates.json
