Recupero candidati OFF per 40 alimenti (160-200)...
[1/40] Cola (tipo Coca-Cola, per 100mL) ... OFF:15 (query: Cola)
[2/40] Cola Zero / Diet (per 100mL) ... OFF:15 (query: Cola Zero / Diet)
[3/40] Bevanda isotonica sportiva tipo Gatorade (per 100mL) ... OFF:15 (query: Bevanda isotonica sportiva tipo Gatorade)
[4/40] Succo di frutta 100% in brick (per 100mL) ... OFF:15 (query: Succo di frutta 100% in brick)
[5/40] Eritritolo (dolcificante naturale) ... OFF:15 (query: Eritritolo dolcificante naturale)
[6/40] Xilitolo (dolcificante betulla) ... OFF:1 (query: Xilitolo)
[7/40] Maltitolo (sciroppo/polvere) ... OFF:15 (query: Maltitolo)
[8/40] Sorbitolo (E420) ... OFF:15 (query: E420)
[9/40] Isomalto (E953) ... OFF:15 (query: Isomalto)
[10/40] Sciroppo di agave biologico ... OFF:15 (query: Sciroppo di agave biologico)
[11/40] Sciroppo d'acero (maple syrup) ... OFF:15 (query: Sciroppo d'acero)
[12/40] Sciroppo di riso integrale ... OFF:15 (query: Sciroppo di riso integrale)
[13/40] Pane proteico keto commerciale ... OFF:15 (query: Pane proteico keto commerciale)
[14/40] Pasta proteica keto (lupin/konjac) ... OFF:15 (query: Pasta proteica keto)
[15/40] Barretta keto con cioccolato fondente ... OFF:15 (query: Barretta keto con cioccolato fondente)
[16/40] Cracker di semi misti keto ... OFF:15 (query: Cracker di semi misti keto)
[17/40] Farina di mandorle degraissata ... OFF:15 (query: Farina di mandorle degraissata)
[18/40] Farina di cocco disidratata ... OFF:15 (query: Farina di cocco disidratata)
[19/40] Quark proteico 0% grassi ... OFF:15 (query: Quark proteico 0% grassi)
[20/40] Fiocchi di latte proteici high-protein ... OFF:15 (query: Fiocchi di latte proteici high-protein)
[21/40] Yogurt greco 17% proteine ... OFF:15 (query: Yogurt greco 17% proteine)
[22/40] Budino proteico (tipo FitBar/Max) ... OFF:15 (query: Budino proteico)
[23/40] Pasta di lenticchie rosse (alto prot.) ... OFF:15 (query: Pasta di lenticchie rosse)
[24/40] Pasta di ceci (alto prot.) ... OFF:15 (query: Pasta di ceci)
[25/40] Pasta di soia (alto prot.) ... OFF:15 (query: Pasta di soia)
[26/40] Gallette di riso proteiche ... OFF:15 (query: Gallette di riso proteiche)
[27/40] Mozzarella light (2% grassi) ... OFF:15 (query: Mozzarella light)
[28/40] Philadelphia light (spalmabile) ... OFF:15 (query: Philadelphia light)
[29/40] Feta light in salamoia ... OFF:15 (query: Feta light in salamoia)
[30/40] Latte senza lattosio intero ... OFF:15 (query: Latte senza lattosio intero)
[31/40] Yogurt senza lattosio naturale ... OFF:15 (query: Yogurt senza lattosio naturale)
[32/40] Ricotta vaccina senza lattosio ... OFF:15 (query: Ricotta vaccina senza lattosio)
[33/40] Pasta integrale senza glutine (quinoa-mais) ... OFF:15 (query: Pasta integrale senza glutine)
[34/40] Pane integrale senza glutine con semi ... OFF:15 (query: Pane integrale senza glutine con semi)
[35/40] Kefir di capra intero ... OFF:15 (query: Kefir di capra intero)
[36/40] Latte di avena naturale non zuccherato ... OFF:15 (query: Latte di avena naturale non zuccherato)
[37/40] Latte di soia non zuccherato (UHT) ... OFF:15 (query: Latte di soia non zuccherato)
[38/40] Bevanda di farina di avena fermentata ... OFF:15 (query: Bevanda di farina di avena fermentata)
[39/40] Curcuma in polvere ... OFF:15 (query: Curcuma in polvere)
[40/40] Zenzero fresco ... OFF:15 (query: Zenzero fresco)
Scritto manual-review-candidates-upf.json
