Recupero candidati per 400 alimenti (600-1000)...
[1/400] Tonno all'olio d'oliva (sgocciolato) ... CREA:3 BDA:3
[2/400] Pesto genovese ... CREA:0 BDA:0
[3/400] Edamame (soia verde) ... CREA:8 BDA:8
[4/400] Lupini ... CREA:1 BDA:1
[5/400] Semi di zucca ... CREA:1 BDA:3
[6/400] Semi di lino ... CREA:1 BDA:3
[7/400] Semi di chia ... CREA:1 BDA:3
[8/400] Tonno al naturale in scatola ... CREA:3 BDA:3
[9/400] Sgombro in scatola ... CREA:2 BDA:3
[10/400] Salmone in scatola ... CREA:3 BDA:3
[11/400] Acciughe / Alici ... CREA:0 BDA:3
[12/400] Vongole ... CREA:0 BDA:1
[13/400] Cozze ... CREA:0 BDA:0
[14/400] Gamberetti ... CREA:0 BDA:2
[15/400] Skyr naturale ... CREA:0 BDA:0
[16/400] Formaggio Cottage ... CREA:5 BDA:6
[17/400] Cavolo riccio (Kale) ... CREA:0 BDA:0
[18/400] Cavolo cappuccio verde ... CREA:2 BDA:2
[19/400] Cavolini di Bruxelles ... CREA:0 BDA:0
[20/400] Rucola ... CREA:1 BDA:1
[21/400] Carciofo ... CREA:4 BDA:0
[22/400] Porro ... CREA:0 BDA:0
[23/400] Cetriolo ... CREA:0 BDA:0
[24/400] Peperone rosso ... CREA:0 BDA:0
[25/400] Peperone giallo ... CREA:0 BDA:0
[26/400] Radicchio ... CREA:5 BDA:2
[27/400] Farro perlato secco ... CREA:2 BDA:3
[28/400] Sorgo ... CREA:0 BDA:0
[29/400] Polenta (farina di mais) ... CREA:1 BDA:1
[30/400] Culatello ... CREA:0 BDA:0
[31/400] Salsiccia stagionata ... CREA:5 BDA:5
[32/400] Pane multicereali ... CREA:8 BDA:8
[33/400] Focaccia genovese ... CREA:0 BDA:1
[34/400] Grissini artigianali ... CREA:1 BDA:2
[35/400] Pane di casa tipo toscano ... CREA:8 BDA:5
[36/400] Panna UHT 35% ... CREA:6 BDA:7
[37/400] Yogurt proteico magro ... CREA:8 BDA:8
[38/400] Panna acida ... CREA:6 BDA:7
[39/400] Spigola da acquacoltura ... CREA:2 BDA:2
[40/400] Orata da acquacoltura ... CREA:3 BDA:3
[41/400] Cefalo ... CREA:2 BDA:2
[42/400] Tzatziki fatto in casa ... CREA:0 BDA:0
[43/400] Salsa di soia ridotto sale ... CREA:1 BDA:2
[44/400] Pesca ... CREA:0 BDA:5
[45/400] Nespola ... CREA:0 BDA:0
[46/400] Cachi / Kaki ... CREA:0 BDA:0
[47/400] Platessa ... CREA:0 BDA:0
[48/400] Brodo di pollo ... CREA:1 BDA:4
[49/400] Dado da brodo granulare ... CREA:0 BDA:1
[50/400] Senape in grani ... CREA:0 BDA:0
[51/400] Zenzero fresco ... CREA:0 BDA:0
[52/400] Timo essiccato ... CREA:0 BDA:2
[53/400] Rosmarino essiccato ... CREA:1 BDA:2
[54/400] Salvia essiccata ... CREA:1 BDA:2
[55/400] Alloro essiccato ... CREA:0 BDA:1
[56/400] Paprica dolce in polvere ... CREA:0 BDA:0
[57/400] Farina di mandorle ... CREA:8 BDA:8
[58/400] Pangrattato ... CREA:1 BDA:0
[59/400] Semolino di grano duro ... CREA:0 BDA:0
[60/400] Amido di mais ... CREA:1 BDA:4
[61/400] Fecola di patate ... CREA:1 BDA:1
[62/400] Alghe Nori (essiccate) ... CREA:0 BDA:0
[63/400] Alghe Wakame (essiccate) ... CREA:0 BDA:0
[64/400] Miso (pasta fermentata di soia) ... CREA:7 BDA:1
[65/400] Margarina ... CREA:2 BDA:3
[66/400] Strutto ... CREA:1 BDA:1
[67/400] Porchetta ... CREA:0 BDA:0
[68/400] Sciroppo d'acero ... CREA:0 BDA:6
[69/400] Lievito nutrizionale in scaglie ... CREA:1 BDA:3
[70/400] Semi di canapa decorticati ... CREA:1 BDA:3
[71/400] Okra (gombo) ... CREA:0 BDA:0
[72/400] Puntarelle ... CREA:0 BDA:0
[73/400] Lampascioni (cipollotti selvatici) ... CREA:0 BDA:0
[74/400] Cuori di palma ... CREA:0 BDA:0
[75/400] Germogli di bambù ... CREA:1 BDA:1
[76/400] Topinambur cotto ... CREA:1 BDA:0
[77/400] Daikon (ravanello bianco giapponese) ... CREA:0 BDA:1
[78/400] Cavolo rapa ... CREA:7 BDA:3
[79/400] Bieta a coste cotta ... CREA:3 BDA:2
[80/400] Broccoli cotti ... CREA:0 BDA:0
[81/400] Cime di rapa cotte ... CREA:0 BDA:0
[82/400] Tamarindo fresco ... CREA:0 BDA:0
[83/400] Giuggiole fresche ... CREA:0 BDA:0
[84/400] Carambola (Starfruit) ... CREA:0 BDA:0
[85/400] Maracuja / Frutto della passione ... CREA:0 BDA:0
[86/400] Rambutano ... CREA:0 BDA:0
[87/400] Corbezzoli ... CREA:0 BDA:0
[88/400] Azuki (adzuki) fagioli rossi cotti ... CREA:0 BDA:0
[89/400] Lupini in salamoia sgocciolati ... CREA:1 BDA:1
[90/400] Freekeh (grano verde tostato) ... CREA:2 BDA:8
[91/400] Semola di mais (fioretto) ... CREA:0 BDA:0
[92/400] Pasta di grano saraceno cruda (soba) ... CREA:0 BDA:0
[93/400] Pane di kamut crudo ... CREA:8 BDA:5
[94/400] Castelmagno ... CREA:0 BDA:0
[95/400] Puzzone di Moena ... CREA:0 BDA:0
[96/400] Strachitunt (erborinato bergamasco) ... CREA:0 BDA:0
[97/400] Cagliata fresca ... CREA:0 BDA:0
[98/400] Stracciatella di bufala ... CREA:1 BDA:1
[99/400] Quartirolo lombardo ... CREA:0 BDA:0
[100/400] Crescenza / Stracchino ... CREA:1 BDA:1
[101/400] Struzzo filetto ... CREA:2 BDA:2
[102/400] Cervo coscia ... CREA:1 BDA:1
[103/400] Capretto coscia ... CREA:1 BDA:1
[104/400] Coniglio coscia ... CREA:5 BDA:8
[105/400] Trippa di manzo ... CREA:1 BDA:1
[106/400] Rognone (reni) di manzo ... CREA:0 BDA:0
[107/400] Tonno pinna gialla fresco ... CREA:3 BDA:3
[108/400] Cernia di mare surgelata ... CREA:1 BDA:1
[109/400] Lumache di mare (murici) ... CREA:0 BDA:1
[110/400] Ricci di mare ... CREA:0 BDA:1
[111/400] Granchio reale ... CREA:1 BDA:2
[112/400] Astice (aragosta) ... CREA:2 BDA:2
[113/400] Cannocchie / Pannocchie ... CREA:0 BDA:0
[114/400] Colatura di alici ... CREA:0 BDA:0
[115/400] Ghee (burro chiarificato) ... CREA:2 BDA:4
[116/400] Maionese light ... CREA:1 BDA:1
[117/400] Salsa Caesar industriale ... CREA:2 BDA:2
[118/400] Pasta al pistacchio (pesto) ... CREA:0 BDA:0
[119/400] Tahini / crema di sesamo ... CREA:0 BDA:0
[120/400] Marmellata di albicocche ... CREA:1 BDA:8
[121/400] Crema di pistacchi senza zucchero ... CREA:8 BDA:3
[122/400] Cioccolato fondente 85% ... CREA:2 BDA:8
[123/400] Cioccolato fondente 72% ... CREA:2 BDA:8
[124/400] Cioccolato al latte 35% ... CREA:2 BDA:3
[125/400] Menta piperita essiccata ... CREA:1 BDA:4
[126/400] Cardamomo in polvere ... CREA:0 BDA:0
[127/400] Zafferano in polvere ... CREA:0 BDA:1
[128/400] Aglio essiccato in polvere ... CREA:7 BDA:5
[129/400] Fiocchi di latte ... CREA:2 BDA:1
[130/400] Asiago stagionato ... CREA:0 BDA:1
[131/400] Squacquerone ... CREA:0 BDA:0
[132/400] Bitto ... CREA:0 BDA:0
[133/400] Tilapia ... CREA:0 BDA:0
[134/400] Pangasio ... CREA:0 BDA:0
[135/400] Rombo chiodato ... CREA:1 BDA:1
[136/400] Palamita ... CREA:0 BDA:0
[137/400] Spatola (pesce sciabola) ... CREA:5 BDA:6
[138/400] Faraona petto ... CREA:2 BDA:6
[139/400] Piccione ... CREA:1 BDA:2
[140/400] Cicerchie secche ... CREA:0 BDA:0
[141/400] Favino secco ... CREA:0 BDA:0
[142/400] Borragine ... CREA:0 BDA:0
[143/400] Catalogna ... CREA:0 BDA:1
[144/400] Coste di bietola crude ... CREA:0 BDA:0
[145/400] Friarielli / Cime di rapa crude ... CREA:0 BDA:0
[146/400] More fresche ... CREA:0 BDA:0
[147/400] Melograno ... CREA:0 BDA:0
[148/400] Fico fresco ... CREA:0 BDA:0
[149/400] Susina fresca ... CREA:0 BDA:0
[150/400] Uva rossa ... CREA:5 BDA:4
[151/400] Mandarino ... CREA:0 BDA:2
[152/400] Cedro ... CREA:0 BDA:1
[153/400] Pane pita ... CREA:8 BDA:8
[154/400] Tortilla di farina di mais ... CREA:0 BDA:0
[155/400] Orzo decorticato secco ... CREA:3 BDA:7
[156/400] Aceto di mele non filtrato ... CREA:0 BDA:7
[157/400] Salsa barbecue industriale ... CREA:2 BDA:2
[158/400] Harissa (pasta di peperoncino) ... CREA:7 BDA:6
[159/400] Concentrato di pomodoro ... CREA:0 BDA:4
[160/400] Biscotti frollini al burro ... CREA:1 BDA:1
[161/400] Merendina tipo Fiesta (Ferrero) ... CREA:0 BDA:0
[162/400] Cornetto confezionato (Algida tipo) ... CREA:0 BDA:0
[163/400] Tiramisù artigianale ... CREA:0 BDA:0
[164/400] Minestrone in busta surgelato ... CREA:2 BDA:0
[165/400] Pasta al pomodoro pronta in busta ... CREA:7 BDA:4
[166/400] Riso in busta pronto (basmati/thai) ... CREA:0 BDA:0
[167/400] Polpette di carne surgelate ... CREA:0 BDA:0
[168/400] Succo di arancia 100% frutta ... CREA:7 BDA:3
[169/400] Succo di mela 100% frutta ... CREA:7 BDA:2
[170/400] Tè verde in foglie (infuso) ... CREA:0 BDA:0
[171/400] Tè nero in foglie (infuso) ... CREA:0 BDA:0
[172/400] Caffè espresso ... CREA:2 BDA:0
[173/400] Birra chiara (330mL) ... CREA:1 BDA:2
[174/400] Vino rosso (125mL) ... CREA:1 BDA:2
[175/400] Vino bianco secco (125mL) ... CREA:0 BDA:0
[176/400] Valerianella / Songino ... CREA:0 BDA:0
[177/400] Cipollotto / Cipolla verde ... CREA:0 BDA:0
[178/400] Scalogno ... CREA:0 BDA:1
[179/400] Cavolo romanesco ... CREA:7 BDA:3
[180/400] Finocchio selvatico (fresco) ... CREA:8 BDA:8
[181/400] Peperoncino fresco rosso ... CREA:0 BDA:0
[182/400] Zenzero fresco (radice) ... CREA:0 BDA:0
[183/400] Curcuma fresca (radice) ... CREA:0 BDA:0
[184/400] Ravanello fresco ... CREA:0 BDA:0
[185/400] Crescione d'acqua ... CREA:0 BDA:1
[186/400] Nasturzio (fiori e foglie) ... CREA:1 BDA:1
[187/400] Datteri secchi (Medjool o simili) ... CREA:1 BDA:1
[188/400] Mirtilli essiccati ... CREA:1 BDA:1
[189/400] Frutto della passione / Maracuja ... CREA:0 BDA:1
[190/400] Lychee fresco ... CREA:0 BDA:0
[191/400] Carambola / Starfruit ... CREA:0 BDA:0
[192/400] Fave secche sbucciate ... CREA:3 BDA:2
[193/400] Fagioli Azuki secchi ... CREA:8 BDA:7
[194/400] Ceci lessati (in scatola sgocciolati) ... CREA:8 BDA:8
[195/400] Lenticchie rosse decorticate secche ... CREA:3 BDA:2
[196/400] Emmental / Groviera svizzero ... CREA:0 BDA:0
[197/400] Gruyère stagionato ... CREA:0 BDA:0
[198/400] Scamorza fresca bianca ... CREA:1 BDA:2
[199/400] Raclette ... CREA:0 BDA:0
[200/400] Edam (formaggio olandese) ... CREA:1 BDA:2
[201/400] Yogurt di soia naturale non zuccherato ... CREA:1 BDA:7
[202/400] Yogurt vegetale al cocco naturale ... CREA:8 BDA:8
[203/400] Bevanda di avena non zuccherata ... CREA:8 BDA:3
[204/400] Bevanda di riso non zuccherata ... CREA:8 BDA:3
[205/400] Panna fresca da cucina (30% grassi) ... CREA:0 BDA:2
[206/400] Panna acida (sour cream) ... CREA:0 BDA:0
[207/400] Crème fraîche (40% grassi) ... CREA:0 BDA:1
[208/400] Avena cruda (chicchi interi) ... CREA:0 BDA:0
[209/400] Miglio crudo (chicchi) ... CREA:0 BDA:0
[210/400] Sorgo crudo (chicchi) ... CREA:0 BDA:0
[211/400] Teff crudo (grano etiope) ... CREA:2 BDA:8
[212/400] Riso Jasmine bianco crudo ... CREA:8 BDA:8
[213/400] Gnocchi di patate freschi ... CREA:2 BDA:0
[214/400] Semi di lino interi crudi ... CREA:1 BDA:3
[215/400] Semi di chia crudi ... CREA:1 BDA:3
[216/400] Semi di zucca crudi (pepitas) ... CREA:0 BDA:0
[217/400] Semi di girasole crudi sbucciati ... CREA:1 BDA:1
[218/400] Semi di sesamo crudi ... CREA:1 BDA:3
[219/400] Noci del Brasile crude ... CREA:4 BDA:4
[220/400] Arancino / Arancina di riso (fritto) ... CREA:0 BDA:0
[221/400] Supplì romano al telefono (fritto) ... CREA:0 BDA:0
[222/400] Pizza margherita artigianale (cotta al forno) ... CREA:3 BDA:1
[223/400] Lasagna al forno artigianale (bovino/maiale) ... CREA:0 BDA:0
[224/400] Risotto ai funghi porcini (cotto) ... CREA:8 BDA:8
[225/400] Pasta e fagioli (minestra) ... CREA:0 BDA:0
[226/400] Ribollita toscana (zuppa pane/fagioli/cavolo) ... CREA:0 BDA:0
[227/400] Pappa al pomodoro (piatto tipico toscano) ... CREA:0 BDA:0
[228/400] Canederli tirolesi al formaggio (bolliti) ... CREA:8 BDA:0
[229/400] Gnocchi alla sorrentina (con pomodoro e mozzarella) ... CREA:1 BDA:1
[230/400] Piadina romagnola farcita (prosciutto e squacquerone) ... CREA:8 BDA:8
[231/400] Focaccia farcita (olive e pomodoro secco) ... CREA:4 BDA:5
[232/400] Cannolo siciliano (ricotta e canditi) ... CREA:4 BDA:7
[233/400] Crostata artigianale alla marmellata (fetta 100g) ... CREA:0 BDA:0
[234/400] Panettone artigianale (con uvetta e canditi) ... CREA:0 BDA:8
[235/400] Colomba pasquale artigianale ... CREA:0 BDA:1
[236/400] Tiramisù artigianale (mascarpone/uova/savoiardi) ... CREA:0 BDA:0
[237/400] Seadas / Sebadas sarde (con formaggio e miele) ... CREA:5 BDA:8
[238/400] Struffoli napoletani (con miele e canditi) ... CREA:1 BDA:8
[239/400] Caponata siciliana (agrodolce con melanzane) ... CREA:0 BDA:0
[240/400] Baccalà fritto in pastella ... CREA:2 BDA:0
[241/400] Tramezzino al tonno e maionese (industriale) ... CREA:8 BDA:3
[242/400] Cotoletta alla milanese fritta (vitello impanato) ... CREA:8 BDA:8
[243/400] Polpette di carne al sugo (bovino/maiale) ... CREA:0 BDA:0
[244/400] Cotechino (cotto) ... CREA:8 BDA:8
[245/400] Zampone (cotto) ... CREA:8 BDA:8
[246/400] Soppressata (salame schiacciato del Sud) ... CREA:1 BDA:8
[247/400] Capicola / Coppa Piacentina DOP ... CREA:0 BDA:0
[248/400] Finocchiona (salame al finocchio toscano) ... CREA:7 BDA:8
[249/400] Polpo alla luciana (cotto con olive e capperi) ... CREA:8 BDA:8
[250/400] Pesce azzurro misto fritto in olio EVO ... CREA:5 BDA:6
[251/400] Alici fresche marinate al limone ... CREA:0 BDA:3
[252/400] Tonno fresco grigliato (senza olio) ... CREA:8 BDA:8
[253/400] Baccalà dissalato al vapore ... CREA:2 BDA:0
[254/400] Cozze in guazzetto (al pomodoro) ... CREA:2 BDA:8
[255/400] Sarde al forno in porchetta (con finocchietto) ... CREA:0 BDA:8
[256/400] Broccolo romano ... CREA:4 BDA:2
[257/400] Friggitello (peperone friggitello) ... CREA:0 BDA:0
[258/400] Cipolla rossa ... CREA:0 BDA:0
[259/400] Scampi crudi ... CREA:0 BDA:0
[260/400] Costata di manzo ... CREA:1 BDA:1
[261/400] Hamburger di manzo crudo ... CREA:3 BDA:0
[262/400] Primosale (pecorino giovane) ... CREA:3 BDA:5
[263/400] Gruviera (Gruyère) ... CREA:0 BDA:0
[264/400] Segale integrale cruda ... CREA:2 BDA:7
[265/400] Avena grains (chicchi interi) ... CREA:0 BDA:0
[266/400] Cappuccino (latte intero + caffè) ... CREA:6 BDA:3
[267/400] Orzo solubile / tisana orzo ... CREA:3 BDA:2
[268/400] Latte di cocco light (in lattina) ... CREA:0 BDA:1
[269/400] Aceto di vino bianco ... CREA:0 BDA:7
[270/400] Burro chiarificato (ghee) ... CREA:0 BDA:0
[271/400] Senape classica (tipo Dijon) ... CREA:8 BDA:8
[272/400] Stevia (estratto in polvere) ... CREA:0 BDA:1
[273/400] Zucchero di cocco ... CREA:1 BDA:1
[274/400] Ceci rossi secchi ... CREA:3 BDA:3
[275/400] Noci di macadamia ... CREA:4 BDA:4
[276/400] Semi di papavero ... CREA:1 BDA:3
[277/400] Risotto bianco cotto (riso+brodo+olio) ... CREA:0 BDA:0
[278/400] Minestrone di verdure miste cotto ... CREA:2 BDA:0
[279/400] Sugo al pomodoro semplice (olio+pomodoro+basilico) ... CREA:0 BDA:0
[280/400] Frittata di verdure cotta ... CREA:1 BDA:0
[281/400] Uova strapazzate con olio ... CREA:8 BDA:2
[282/400] Agnello (coscia) crudo ... CREA:7 BDA:8
[283/400] Cinghiale (selvaggina) crudo ... CREA:0 BDA:0
[284/400] Cervo (selvaggina) crudo ... CREA:1 BDA:0
[285/400] Nasello (merluzzo fresco) al vapore ... CREA:8 BDA:7
[286/400] Rombo (pesce) crudo ... CREA:5 BDA:6
[287/400] Palamita cruda ... CREA:0 BDA:0
[288/400] Lampuga cruda ... CREA:0 BDA:0
[289/400] Ricci di mare (gonadi) ... CREA:0 BDA:0
[290/400] Finocchio selvatico (foglie) ... CREA:2 BDA:4
[291/400] Bieta da coste cotta ... CREA:3 BDA:2
[292/400] Indivia riccia cruda ... CREA:2 BDA:1
[293/400] Ortica (foglie) cotta ... CREA:2 BDA:4
[294/400] Luppolo (germogli) crudi ... CREA:1 BDA:2
[295/400] Acetosella (sorrel/romice) cruda ... CREA:0 BDA:0
[296/400] Cicoria di campo cruda ... CREA:1 BDA:4
[297/400] Farro cotto (spelta) ... CREA:1 BDA:1
[298/400] Kamut® (grano Khorasan) cotto ... CREA:2 BDA:8
[299/400] Sorgho cotto ... CREA:0 BDA:0
[300/400] Seitan al naturale (glutine di frumento) ... CREA:0 BDA:0
[301/400] Tofu affumicato (tofu duro) ... CREA:0 BDA:1
[302/400] Tofu fritto (aburage) ... CREA:0 BDA:0
[303/400] Edamame (soia verde) cotti ... CREA:8 BDA:8
[304/400] Lenticchie rosse decorticate cotte ... CREA:3 BDA:2
[305/400] Lenticchie beluga (nere) cotte ... CREA:3 BDA:3
[306/400] Arachidi tostate senza sale ... CREA:1 BDA:7
[307/400] Burro di arachidi (naturale, senza zucchero) ... CREA:1 BDA:1
[308/400] Burro di mandorle (crema di mandorle) ... CREA:8 BDA:3
[309/400] Burro di sesamo (tahini) ... CREA:0 BDA:0
[310/400] Spinaci lessati ... CREA:4 BDA:3
[311/400] Fagioli cannellini lessi ... CREA:3 BDA:7
[312/400] Lenticchie lesse ... CREA:3 BDA:2
[313/400] Ceci lessati ... CREA:3 BDA:3
[314/400] Fagioli borlotti lessati ... CREA:5 BDA:7
[315/400] Piselli lessati ... CREA:5 BDA:5
[316/400] Uova sode ... CREA:8 BDA:2
[317/400] Broccoli lessati ... CREA:0 BDA:0
[318/400] Zucchine grigliate ... CREA:2 BDA:1
[319/400] Patate lesse ... CREA:8 BDA:5
[320/400] Carote lesse ... CREA:3 BDA:2
[321/400] Minestrone di verdure ... CREA:2 BDA:0
[322/400] Ribollita (zuppa toscana) ... CREA:0 BDA:0
[323/400] Pasta e fagioli ... CREA:7 BDA:8
[324/400] Risotto ai funghi ... CREA:0 BDA:0
[325/400] Pappa al pomodoro ... CREA:1 BDA:0
[326/400] Ragù alla bolognese ... CREA:0 BDA:0
[327/400] Besciamella ... CREA:0 BDA:0
[328/400] Sugo al pomodoro artigianale ... CREA:0 BDA:0
[329/400] Tiramisù ... CREA:0 BDA:0
[330/400] Panna cotta ... CREA:6 BDA:7
[331/400] Crostata di frutta fresca ... CREA:3 BDA:4
[332/400] Cotechino cotto ... CREA:2 BDA:2
[333/400] Trippa alla romana ... CREA:1 BDA:1
[334/400] Polenta cotta (gialla) ... CREA:1 BDA:1
[335/400] Risotto bianco (base) ... CREA:1 BDA:1
[336/400] Farina di grano tenero tipo 1 ... CREA:8 BDA:2
[337/400] Farina di grano tenero tipo 2 ... CREA:8 BDA:2
[338/400] Ricotta salata ... CREA:4 BDA:7
[339/400] Nettarina fresca (pesca noce) ... CREA:0 BDA:5
[340/400] Pomodori secchi al sole ... CREA:8 BDA:5
[341/400] Pomodori secchi sott'olio ... CREA:8 BDA:5
[342/400] Frumento tenero (grano) chicchi interi ... CREA:2 BDA:8
[343/400] Grano duro (chicchi interi) ... CREA:0 BDA:2
[344/400] Friselle (pane biscottato pugliese) ... CREA:8 BDA:1
[345/400] Succo di pompelmo fresco ... CREA:7 BDA:2
[346/400] Acciughe sotto sale ... CREA:0 BDA:3
[347/400] Latte scremato in polvere ... CREA:2 BDA:3
[348/400] Tortellini freschi all'uovo ... CREA:2 BDA:3
[349/400] Ravioli freschi di carne ... CREA:1 BDA:0
[350/400] Lasagna all'uovo secca ... CREA:0 BDA:0
[351/400] Fruttosio ... CREA:0 BDA:1
[352/400] Acqua minerale gasata ... CREA:0 BDA:2
[353/400] Succo di limone (solo succo) ... CREA:8 BDA:2
[354/400] Acciughe sotto sale dissalate ... CREA:0 BDA:3
[355/400] Ricciola ... CREA:0 BDA:0
[356/400] Rana pescatrice (coda di rospo) ... CREA:0 BDA:1
[357/400] Wurstel di suino ... CREA:2 BDA:2
[358/400] Yogurt di capra ... CREA:8 BDA:7
[359/400] Pan di Spagna ... CREA:1 BDA:1
[360/400] Portulaca ... CREA:0 BDA:0
[361/400] Scarola (indivia scarola) ... CREA:2 BDA:1
[362/400] Germogli di alfa alfa (alfalfa) ... CREA:0 BDA:0
[363/400] Lampone fresco ... CREA:0 BDA:0
[364/400] Fragoline di bosco ... CREA:0 BDA:0
[365/400] Gelso nero fresco ... CREA:0 BDA:1
[366/400] Gelso bianco fresco ... CREA:0 BDA:1
[367/400] Mirtillo rosso (lingonberry) fresco ... CREA:0 BDA:0
[368/400] Mela cotogna fresca ... CREA:4 BDA:6
[369/400] Giuggiola fresca ... CREA:0 BDA:0
[370/400] Nespola comune (medlar) fresca ... CREA:0 BDA:0
[371/400] Azzeruolo fresco ... CREA:0 BDA:0
[372/400] Lavarello (coregone) fresco ... CREA:1 BDA:1
[373/400] Alborella fresca ... CREA:0 BDA:0
[374/400] Agone fresco ... CREA:0 BDA:0
[375/400] Stoccafisso secco (non ammollato) ... CREA:1 BDA:8
[376/400] Tellina (vongola comune) fresca ... CREA:1 BDA:1
[377/400] Chiocciole (lumache di terra) crude ... CREA:0 BDA:1
[378/400] Fagiano intero eviscerato crudo ... CREA:1 BDA:1
[379/400] Pernice (starna) cruda ... CREA:0 BDA:1
[380/400] Lepre cruda ... CREA:0 BDA:1
[381/400] Daino coscia cruda ... CREA:1 BDA:1
[382/400] Dragoncello fresco (estragone) ... CREA:0 BDA:0
[383/400] Cerfoglio fresco ... CREA:0 BDA:0
[384/400] Aneto fresco ... CREA:0 BDA:0
[385/400] Maggiorana fresca ... CREA:0 BDA:1
[386/400] Origano fresco ... CREA:0 BDA:2
[387/400] Provola affumicata ... CREA:0 BDA:1
[388/400] Ricotta affumicata ... CREA:4 BDA:7
[389/400] Ricotta romana (di pecora) ... CREA:4 BDA:3
[390/400] Fiordilatte (mozzarella vaccina fresca) ... CREA:4 BDA:2
[391/400] Grongo fresco ... CREA:0 BDA:0
[392/400] Ombrina fresca ... CREA:0 BDA:1
[393/400] Pesce San Pietro fresco ... CREA:5 BDA:6
[394/400] Leccia amia fresca ... CREA:0 BDA:0
[395/400] Passera di mare fresca ... CREA:0 BDA:0
[396/400] Saragò (sargo) fresco ... CREA:0 BDA:0
[397/400] Zerro fresco ... CREA:0 BDA:0
[398/400] Aguglia fresca ... CREA:0 BDA:0
[399/400] Pagello fragolino fresco ... CREA:2 BDA:2
[400/400] Boga (boghe) fresca ... CREA:0 BDA:0
Scritto manual-review-candidates.json
