Recupero candidati OFF per 60 alimenti (240-300)...
[1/60] Vino rosso secco (13% vol, per 100mL) ... OFF:15 (query: Vino rosso secco)
[2/60] Prosecco DOC (11% vol, per 100mL) ... OFF:15 (query: Prosecco DOC)
[3/60] Aperol Spritz (tipica mistura, per 100mL) ... OFF:15 (query: Aperol Spritz)
[4/60] Limoncello (28-30% vol, per 100mL) ... OFF:15 (query: Limoncello)
[5/60] Grappa (40% vol, per 100mL) ... OFF:9 (query: Grappa)
[6/60] Pane senza glutine con semini (per 100g) ... OFF:15 (query: Pane senza glutine con semini)
[7/60] Pizza base senza glutine surgelata (per 100g) ... OFF:15 (query: Pizza base senza glutine surgelata)
[8/60] Chips di lenticchie (snack, per 100g) ... OFF:15 (query: Chips di lenticchie)
[9/60] Chips di barbabietola (snack, per 100g) ... OFF:15 (query: Chips di barbabietola)
[10/60] Rice cakes con cioccolato fondente (per 100g) ... OFF:15 (query: Rice cakes con cioccolato fondente)
[11/60] Burn Energy Drink (250ml) ... OFF:15 (query: Burn Energy Drink)
[12/60] McDonald's Filet-O-Fish (per 100g) ... OFF:15 (query: McDonald's Filet-O-Fish)
[13/60] KFC Pollo Fritto (per 100g) ... OFF:15 (query: KFC Pollo Fritto)
[14/60] Pizza surgelata 4 Stagioni (per 100g) ... OFF:15 (query: Pizza surgelata 4 Stagioni)
[15/60] Nestlé Cheerios miele e noci (per 100g) ... OFF:15 (query: Nestlé Cheerios miele e noci)
[16/60] Nestlé Nesquik Cereali al cacao (per 100g) ... OFF:15 (query: Nestlé Nesquik Cereali al cacao)
[17/60] Mulino Bianco Cereali Croccanti (per 100g) ... OFF:15 (query: Mulino Bianco Cereali Croccanti)
[18/60] Salsa Worcester (Worcestershire sauce) ... OFF:15 (query: Salsa Worcester)
[19/60] Dolmio sugo pronto al pomodoro (per 100g) ... OFF:15 (query: Dolmio sugo pronto al pomodoro)
[20/60] Philadelphia formaggio spalmabile (per 100g) ... OFF:15 (query: Philadelphia formaggio spalmabile)
[21/60] Nutella crema nocciola e cacao (per 100g) ... OFF:15 (query: Nutella crema nocciola e cacao)
[22/60] Danone Activia yogurt alla frutta (per 100g) ... OFF:15 (query: Danone Activia yogurt alla frutta)
[23/60] Fanta Arancia (per 100ml) ... OFF:15 (query: Fanta Arancia)
[24/60] Sprite (per 100ml) ... OFF:15 (query: Sprite)
[25/60] Pepsi Cola (per 100ml) ... OFF:15 (query: Pepsi Cola)
[26/60] Gatorade Sport Drink (per 100ml) ... OFF:15 (query: Gatorade Sport Drink)
[27/60] Birra chiara industriale Peroni/Nastro Azzurro (per 100ml) ... OFF:15 (query: Birra chiara industriale Peroni/Nastro Azzurro)
[28/60] Spritz Aperol pronto in lattina (per 100ml) ... OFF:15 (query: Spritz Aperol pronto in lattina)
[29/60] Cocktail Mojito pronto (per 100ml) ... OFF:15 (query: Cocktail Mojito pronto)
[30/60] Crostini antipasto industriali (per 100g) ... OFF:15 (query: Crostini antipasto industriali)
[31/60] Wurstel di manzo (per 100g) ... OFF:15 (query: Wurstel di manzo)
[32/60] Porchetta artigianale (per 100g) ... OFF:15 (query: Porchetta artigianale)
[33/60] Kinder Pinguì (per 100g) ... OFF:15 (query: Kinder Pinguì)
[34/60] Kinder Delice (per 100g) ... OFF:15 (query: Kinder Delice)
[35/60] Kit Kat Classic (per 100g) ... OFF:15 (query: Kit Kat Classic)
[36/60] M&M's Cioccolato al latte (per 100g) ... OFF:15 (query: M&M's Cioccolato al latte)
[37/60] Fonzies formaggio (per 100g) ... OFF:15 (query: Fonzies formaggio)
[38/60] Patatine San Carlo classiche (per 100g) ... OFF:15 (query: Patatine San Carlo classiche)
[39/60] Mulino Bianco Macine (per 100g) ... OFF:15 (query: Mulino Bianco Macine)
[40/60] Magnum Classic (per 100g) ... OFF:15 (query: Magnum Classic)
[41/60] Stecco gelato ai frutti di bosco (per 100g) ... OFF:15 (query: Stecco gelato ai frutti di bosco)
[42/60] Croissant industriale vuoto (per 100g) ... OFF:15 (query: Croissant industriale vuoto)
[43/60] Brioche industriale al burro (per 100g) ... OFF:15 (query: Brioche industriale al burro)
[44/60] Kinder Fetta al latte (per 100g) ... OFF:15 (query: Kinder Fetta al latte)
[45/60] Plumcake Mulino Bianco (per 100g) ... OFF:15 (query: Plumcake Mulino Bianco)
[46/60] Frollini al burro industriali (per 100g) ... OFF:15 (query: Frollini al burro industriali)
[47/60] San Benedetto Ice Tea pesca (per 100ml) ... OFF:15 (query: San Benedetto Ice Tea pesca)
[48/60] Birra senza alcol (per 100ml) ... OFF:15 (query: Birra senza alcol)
[49/60] Domino's Pizza Margherita (per 100g) ... OFF:15 (query: Domino's Pizza Margherita)
[50/60] Popcorn microonde al burro (per 100g) ... OFF:15 (query: Popcorn microonde al burro)
[51/60] Crocchette di pollo surgelate (per 100g) ... OFF:15 (query: Crocchette di pollo surgelate)
[52/60] Cotolette di vitello surgelate impanate (per 100g) ... OFF:15 (query: Cotolette di vitello surgelate impanate)
[53/60] Müller Corner frutti di bosco (per 100g) ... OFF:15 (query: Müller Corner frutti di bosco)
[54/60] Danone Activia mirtilli (per 100g) ... OFF:15 (query: Danone Activia mirtilli)
[55/60] Yomo yogurt alla frutta (per 100g) ... OFF:15 (query: Yomo yogurt alla frutta)
[56/60] Latte di soia arricchito (per 100ml) ... OFF:15 (query: Latte di soia arricchito)
[57/60] Latte di riso arricchito (per 100ml) ... OFF:15 (query: Latte di riso arricchito)
[58/60] Yogurt di soia alla frutta (per 100g) ... OFF:15 (query: Yogurt di soia alla frutta)
[59/60] Panna di soia (per 100ml) ... OFF:15 (query: Panna di soia)
[60/60] Tofu affumicato (per 100g) ... OFF:15 (query: Tofu affumicato)
Scritto manual-review-candidates-upf.json
