Recupero candidati OFF per 40 alimenti (240-280)...
[1/40] Yogurt di cocco (coconut yogurt) ... OFF:15 (query: Yogurt di cocco)
[2/40] Yogurt di soia (Alpro, gusto neutro) ... OFF:15 (query: Yogurt di soia)
[3/40] Formaggio vegano a base cocco (tipo Violife) ... OFF:15 (query: Formaggio vegano a base cocco)
[4/40] Panna vegetale (soia/cocco, tipo Soy Whip) ... OFF:15 (query: Panna vegetale)
[5/40] Rockstar Energy Drink (per 100mL) ... OFF:15 (query: Rockstar Energy Drink)
[6/40] Red Bull Zero/Sugarfree (per 100mL) ... OFF:15 (query: Red Bull Zero/Sugarfree)
[7/40] Gatorade (bevanda sportiva, per 100mL) ... OFF:15 (query: Gatorade)
[8/40] Barretta proteica Quest Bar (per 100g) ... OFF:15 (query: Barretta proteica Quest Bar)
[9/40] Barretta proteica Snickers Protein (per 100g) ... OFF:15 (query: Barretta proteica Snickers Protein)
[10/40] Barretta proteica Clif Bar (per 100g) ... OFF:15 (query: Barretta proteica Clif Bar)
[11/40] Barretta energetica Cereal (per 100g) ... OFF:15 (query: Barretta energetica Cereal)
[12/40] Barretta ai cereali Kellogg's Special K (per 100g) ... OFF:15 (query: Barretta ai cereali Kellogg's Special K)
[13/40] Tiramisù industriale (porzione confezionata) ... OFF:15 (query: Tiramisù industriale)
[14/40] Panna cotta surgelata (monoporzione) ... OFF:15 (query: Panna cotta surgelata)
[15/40] Cheesecake industriale (porzione) ... OFF:15 (query: Cheesecake industriale)
[16/40] Merendina Mulino Bianco tipo Plumcake ... OFF:15 (query: Merendina Mulino Bianco tipo Plumcake)
[17/40] Biscotti Pan di Stelle (per 100g) ... OFF:15 (query: Biscotti Pan di Stelle)
[18/40] Biscotti Digestive McVitie's (per 100g) ... OFF:15 (query: Biscotti Digestive McVitie's)
[19/40] Yogurt alla frutta Müller (per 100g) ... OFF:15 (query: Yogurt alla frutta Müller)
[20/40] Yogurt al caffè Müller Corner (per 100g) ... OFF:15 (query: Yogurt al caffè Müller Corner)
[21/40] Torrone duro (per 100g) ... OFF:15 (query: Torrone duro)
[22/40] Bacon affumicato (per 100g) ... OFF:15 (query: Bacon affumicato)
[23/40] Bastoncini di pesce surgelati (per 100g) ... OFF:15 (query: Bastoncini di pesce surgelati)
[24/40] Arancino/Arancina surgelato (per 100g) ... OFF:13 (query: Arancino/Arancina surgelato)
[25/40] Paella surgelata pronta (per 100g) ... OFF:15 (query: Paella surgelata pronta)
[26/40] Lasagne surgelate al ragù (per 100g) ... OFF:15 (query: Lasagne surgelate al ragù)
[27/40] Hot dog (würstel in pane, per 100g) ... OFF:15 (query: Hot dog)
[28/40] Caramelle gommose (per 100g) ... OFF:15 (query: Caramelle gommose)
[29/40] Chewing gum senza zucchero (per 100g) ... OFF:15 (query: Chewing gum senza zucchero)
[30/40] Barretta Kinder Bueno (per 100g) ... OFF:15 (query: Barretta Kinder Bueno)
[31/40] Barretta Snickers (per 100g) ... OFF:15 (query: Barretta Snickers)
[32/40] Barretta Mars (per 100g) ... OFF:15 (query: Barretta Mars)
[33/40] Barretta Kit Kat (per 100g) ... OFF:15 (query: Barretta Kit Kat)
[34/40] Patatine Lay's Classic (per 100g) ... OFF:15 (query: Patatine Lay's Classic)
[35/40] Patatine Pringles Original (per 100g) ... OFF:15 (query: Patatine Pringles Original)
[36/40] Popcorn microonde burro (per 100g) ... OFF:15 (query: Popcorn microonde burro)
[37/40] Nachos con formaggio Doritos (per 100g) ... OFF:15 (query: Nachos con formaggio Doritos)
[38/40] Salsa ketchup Heinz (per 100g) ... OFF:15 (query: Salsa ketchup Heinz)
[39/40] Burger vegano industriale (per 100g) ... OFF:15 (query: Burger vegano industriale)
[40/40] Wurstel di suino (per 100g) ... OFF:15 (query: Wurstel di suino)
Scritto manual-review-candidates-upf.json
