Recupero candidati OFF per 60 alimenti (0-60)...
[1/60] Patatine fritte in busta (chips classiche) ... OFF:15 (query: Patatine fritte in busta)
[2/60] Patatine al formaggio (Fonzies/simili) ... OFF:15 (query: Patatine al formaggio)
[3/60] Torta di riso industriale ... OFF:15 (query: Torta di riso industriale)
[4/60] Gelato al cioccolato industriale ... OFF:15 (query: Gelato al cioccolato industriale)
[5/60] Ghiacciolo alla fragola (tipo Polaretti) ... OFF:15 (query: Ghiacciolo alla fragola)
[6/60] Vino rosso (12% vol.) ... OFF:15 (query: Vino rosso)
[7/60] Vino bianco secco (12% vol.) ... OFF:15 (query: Vino bianco secco)
[8/60] Birra scura/doppio malto (7% vol.) ... OFF:15 (query: Birra scura/doppio malto)
[9/60] Prosecco / spumante (11% vol.) ... OFF:15 (query: Prosecco / spumante)
[10/60] Aperol Spritz (porzione 200mL) ... OFF:15 (query: Aperol Spritz)
[11/60] Cocktail Mojito (porzione 200mL) ... OFF:15 (query: Cocktail Mojito)
[12/60] Tè freddo industriale zuccherato ... OFF:15 (query: Tè freddo industriale zuccherato)
[13/60] Hamburger industriale (burger surgelato) ... OFF:15 (query: Hamburger industriale)
[14/60] Crema di nocciole bianca (tipo Bianca) ... OFF:15 (query: Crema di nocciole bianca)
[15/60] Gin tonic (porzione 200mL) ... OFF:15 (query: Gin tonic)
[16/60] Amaro digestivo (40% vol.) ... OFF:15 (query: Amaro digestivo)
[17/60] Gelato gastronomico (coppa mista 200g) ... OFF:15 (query: Gelato gastronomico)
[18/60] Biscotti al burro tipo shortbread ... OFF:15 (query: Biscotti al burro tipo shortbread)
[19/60] Salsa Worcester ... OFF:15 (query: Salsa Worcester)
[20/60] Salsa tahini / crema di sesamo ... OFF:15 (query: Salsa tahini / crema di sesamo)
[21/60] Torrone al cioccolato duro ... OFF:15 (query: Torrone al cioccolato duro)
[22/60] Caramelle gommose alla frutta ... OFF:15 (query: Caramelle gommose alla frutta)
[23/60] Risotto in busta pronto ... OFF:15 (query: Risotto in busta pronto)
[24/60] Carne in scatola corned beef ... OFF:15 (query: Carne in scatola corned beef)
[25/60] Birra artigianale IPA 6% ... OFF:15 (query: Birra artigianale IPA 6%)
[26/60] Grappa 40% ... OFF:15 (query: Grappa 40%)
[27/60] Limoncello 30% ... OFF:15 (query: Limoncello 30%)
[28/60] Porto vino liquoroso dolce 20% ... OFF:15 (query: Porto vino liquoroso dolce 20%)
[29/60] Birra senza glutine ... OFF:15 (query: Birra senza glutine)
[30/60] Sidro di mele secco 5% ... OFF:15 (query: Sidro di mele secco 5%)
[31/60] Latte al cioccolato industriale ... OFF:15 (query: Latte al cioccolato industriale)
[32/60] Barretta energetica tipo Clif ... OFF:15 (query: Barretta energetica tipo Clif)
[33/60] Barretta proteica industriale 20g prot ... OFF:15 (query: Barretta proteica industriale 20g prot)
[34/60] Granola industriale miele e frutta ... OFF:15 (query: Granola industriale miele e frutta)
[35/60] Wafer al miele confezionato ... OFF:15 (query: Wafer al miele confezionato)
[36/60] Toast confezionato prosciutto e formaggio ... OFF:15 (query: Toast confezionato prosciutto e formaggio)
[37/60] Wrap industriale pollo e verdure ... OFF:15 (query: Wrap industriale pollo e verdure)
[38/60] Panino hamburger industriale completo ... OFF:15 (query: Panino hamburger industriale completo)
[39/60] Chips di lenticchie BBQ ... OFF:15 (query: Chips di lenticchie BBQ)
[40/60] Frullato proteico industriale (330mL, 20g prot) ... OFF:15 (query: Frullato proteico industriale)
[41/60] Bevanda proteica colazione (bottiglia 250mL) ... OFF:15 (query: Bevanda proteica colazione)
[42/60] Smoothie proteico alla banana industriale ... OFF:15 (query: Smoothie proteico alla banana industriale)
[43/60] Salsa guacamole industriale in vaschetta ... OFF:15 (query: Salsa guacamole industriale in vaschetta)
[44/60] Salsa Sriracha piccante ... OFF:15 (query: Salsa Sriracha piccante)
[45/60] Salsa Teriyaki industriale ... OFF:15 (query: Salsa Teriyaki industriale)
[46/60] Burro di cocco industriale ... OFF:15 (query: Burro di cocco industriale)
[47/60] Pizza base senza glutine surgelata ... OFF:15 (query: Pizza base senza glutine surgelata)
[48/60] Crackers senza glutine di mais ... OFF:15 (query: Crackers senza glutine di mais)
[49/60] Yogurt vegano cocco-ananas industriale ... OFF:15 (query: Yogurt vegano cocco-ananas industriale)
[50/60] Tofu affumicato tipo naturli ... OFF:15 (query: Tofu affumicato tipo naturli)
[51/60] Acqua aromatizzata zuccherata ... OFF:15 (query: Acqua aromatizzata zuccherata)
[52/60] Acqua di cocco naturale (lattina) ... OFF:15 (query: Acqua di cocco naturale)
[53/60] Latte di riso naturale ... OFF:15 (query: Latte di riso naturale)
[54/60] Latte di piselli (Ripple tipo) ... OFF:15 (query: Latte di piselli)
[55/60] Brioche con crema industriale ... OFF:15 (query: Brioche con crema industriale)
[56/60] Patatine fritte fast food (porz. 100g) ... OFF:15 (query: Patatine fritte fast food)
[57/60] Cereali al miele tipo Cheerios ... OFF:15 (query: Cereali al miele tipo Cheerios)
[58/60] Cereali tipo Frosties (mais zuccherato) ... OFF:15 (query: Cereali tipo Frosties)
[59/60] Musli svizzero industriale misto ... OFF:15 (query: Musli svizzero industriale misto)
[60/60] Lasagne al ragù surgelate (porz. 300g) ... OFF:15 (query: Lasagne al ragù surgelate)
Scritto manual-review-candidates-upf.json
