Recupero candidati per 300 alimenti (130-430)...
[1/300] Corbezzolo fresco ... CREA:0 BDA:0
[2/300] Olivello spinoso (bacche fresche) ... CREA:0 BDA:0
[3/300] Banana plantain / Platano verde crudo ... CREA:0 BDA:1
[4/300] Mangostano fresco ... CREA:0 BDA:0
[5/300] Durian fresco (polpa) ... CREA:0 BDA:3
[6/300] Pastinaca fresca ... CREA:0 BDA:0
[7/300] Navone / Rapa svedese fresca ... CREA:0 BDA:0
[8/300] Lampascioni / Muscari (cipolletti selvatici) ... CREA:0 BDA:0
[9/300] Borragine fresca ... CREA:0 BDA:0
[10/300] Coltivato / Songino / Valerianella fresca ... CREA:0 BDA:0
[11/300] 'Nduja calabrese (insaccato spalmabile) ... CREA:0 BDA:0
[12/300] Guanciale stagionato ... CREA:0 BDA:0
[13/300] Ciccioli di maiale ... CREA:1 BDA:1
[14/300] Salsiccia luganega fresca cruda ... CREA:5 BDA:5
[15/300] Salsiccia piccante meridionale ... CREA:5 BDA:5
[16/300] Trippa di vitello bollita ... CREA:1 BDA:1
[17/300] Piadina romagnola artigianale ... CREA:0 BDA:1
[18/300] Focaccia al rosmarino artigianale ... CREA:0 BDA:1
[19/300] Focaccia barese (con pomodorini) ... CREA:1 BDA:8
[20/300] Schiacciata toscana all'olio ... CREA:0 BDA:0
[21/300] Tigella emiliana (crescentina) ... CREA:0 BDA:0
[22/300] Pane carasau sardo (carta da musica) ... CREA:0 BDA:0
[23/300] Grissini artigianali al sesamo ... CREA:1 BDA:2
[24/300] Moringa in polvere (Moringa oleifera) ... CREA:0 BDA:0
[25/300] Spirulina in polvere (Arthrospira platensis) ... CREA:0 BDA:0
[26/300] Chlorella in polvere ... CREA:0 BDA:0
[27/300] Erba di grano (wheatgrass) in polvere ... CREA:0 BDA:0
[28/300] Alga Klamath (AFA) in polvere ... CREA:0 BDA:0
[29/300] Aceto balsamico di Modena IGP ... CREA:0 BDA:7
[30/300] Worcestershire sauce (salsa inglese) ... CREA:2 BDA:2
[31/300] Tabasco (salsa piccante al peperoncino) ... CREA:2 BDA:2
[32/300] Miso rosso (akamiso, pasta fermentata) ... CREA:0 BDA:0
[33/300] Salsa sriracha industriale ... CREA:2 BDA:2
[34/300] Za'atar (mix spezie mediorientali) ... CREA:0 BDA:0
[35/300] Ras el hanout (miscela spezie nordafricane) ... CREA:0 BDA:0
[36/300] Berbere (miscela spezie etiope) ... CREA:0 BDA:0
[37/300] Gommasio (sesamo tostato e sale) ... CREA:1 BDA:1
[38/300] Fleur de sel (sale marino grezzo) ... CREA:2 BDA:4
[39/300] Farina di grillo (Acheta domesticus) ... CREA:0 BDA:0
[40/300] Succo di aloe vera puro ... CREA:7 BDA:8
[41/300] Acqua di cocco naturale (senza zuccheri aggiunti) ... CREA:8 BDA:8
[42/300] Succo di ginger fresco (zenzero) ... CREA:0 BDA:0
[43/300] Succo di curcuma fresco ... CREA:7 BDA:8
[44/300] Cold brew tè verde (senza zucchero) ... CREA:8 BDA:1
[45/300] Matcha in polvere (cerimonia) ... CREA:0 BDA:0
[46/300] Shirataki / Noodles di konjac (cotti) ... CREA:8 BDA:8
[47/300] Farina di konjac / glucomannano ... CREA:8 BDA:8
[48/300] Jackfruit (frutto del pane) in salamoia sgocciolato ... CREA:0 BDA:1
[49/300] Labneh (yogurt colato mediorientale) ... CREA:8 BDA:8
[50/300] Halloumi (formaggio cipriota grigliabile) ... CREA:5 BDA:6
[51/300] Feta di capra (formaggio greco DOP) al 100% ... CREA:5 BDA:6
[52/300] Pecorino di Pienza stagionato ... CREA:3 BDA:5
[53/300] Castelmagno DOP ... CREA:0 BDA:0
[54/300] Farro integrale in chicchi crudo ... CREA:2 BDA:3
[55/300] Kamut (Khorasan) chicchi crudi ... CREA:0 BDA:0
[56/300] Freekeh (grano verde tostato) ... CREA:2 BDA:8
[57/300] Bulgur di farro crudo ... CREA:0 BDA:2
[58/300] Fagioli Zolfini del Pratomagno secchi ... CREA:8 BDA:7
[59/300] Roveja (pisello selvatico umbro) secca ... CREA:0 BDA:0
[60/300] Ceci neri / Cicerchie nere secche ... CREA:3 BDA:3
[61/300] Verdure miste ... CREA:0 BDA:0
[62/300] Pancarrè / Pane in cassetta ... CREA:0 BDA:0
[63/300] Pane di Altamura (DOP) ... CREA:8 BDA:3
[64/300] Yogurt greco magro (0% grassi) ... CREA:1 BDA:5
[65/300] Pasta cotta con pomodoro (piatto pronto) ... CREA:0 BDA:0
[66/300] Risotto al pomodoro (cotto) ... CREA:8 BDA:8
[67/300] Polpette di carne al sugo ... CREA:0 BDA:0
[68/300] Kefir di latte intero ... CREA:0 BDA:0
[69/300] Kefir di latte magro ... CREA:0 BDA:0
[70/300] Kombucha (bevanda fermentata da tè) ... CREA:8 BDA:4
[71/300] Tempeh di soia al naturale ... CREA:0 BDA:1
[72/300] Miso (pasta di soia fermentata) ... CREA:7 BDA:1
[73/300] Natto (soia fermentata giapponese) ... CREA:8 BDA:1
[74/300] Crauti (cavolo capuccio fermentato) ... CREA:7 BDA:1
[75/300] Asiago pressato (DOP) ... CREA:8 BDA:3
[76/300] Montasio (DOP, fresco) ... CREA:4 BDA:1
[77/300] Squacquerone di Romagna DOP ... CREA:0 BDA:0
[78/300] Amaranto cotto ... CREA:0 BDA:1
[79/300] Teff crudo (cereale etiope) ... CREA:0 BDA:0
[80/300] Cime di rapa cotte ... CREA:0 BDA:0
[81/300] Friarielli/Broccoli di rapa saltati ... CREA:0 BDA:0
[82/300] Catalogna (cicoria asparago) cruda ... CREA:4 BDA:4
[83/300] Puntarelle crude (cicoria di catalogna) ... CREA:4 BDA:4
[84/300] Topinambur crudo ... CREA:1 BDA:0
[85/300] Cavolo nero (toscano) crudo ... CREA:0 BDA:0
[86/300] Borragine (foglie crude) ... CREA:1 BDA:4
[87/300] Lampascioni (cipollacci)/muscari crudi ... CREA:0 BDA:0
[88/300] Cachi (kaki) maturi ... CREA:1 BDA:1
[89/300] Corbezzole (corbezzolo) fresche ... CREA:0 BDA:0
[90/300] Bergamotto (frutto fresco) ... CREA:0 BDA:1
[91/300] Sambuco (bacche di) fresche ... CREA:0 BDA:0
[92/300] Azzeruole fresche ... CREA:0 BDA:0
[93/300] Sgombro sott'olio (conserva) ... CREA:2 BDA:2
[94/300] Acciughe/alici sott'olio (conserva) ... CREA:2 BDA:2
[95/300] Totano al naturale crudo ... CREA:0 BDA:0
[96/300] Grongo (anguilla di mare) crudo ... CREA:1 BDA:1
[97/300] Razza (pesce) cruda ... CREA:5 BDA:6
[98/300] Cannolicchi (mollusco) al naturale ... CREA:0 BDA:0
[99/300] Fasolari (mollusco) al naturale ... CREA:0 BDA:0
[100/300] Branzino (spigola) al forno ... CREA:2 BDA:2
[101/300] Orata al cartoccio ... CREA:3 BDA:3
[102/300] Guanciale di maiale stagionato ... CREA:0 BDA:0
[103/300] Lardo di Colonnata (stagionato) ... CREA:0 BDA:2
[104/300] Coppa/capocollo stagionata ... CREA:0 BDA:0
[105/300] Stracotto di manzo (brasato cotto) ... CREA:0 BDA:0
[106/300] Coniglio al forno ... CREA:5 BDA:8
[107/300] Faraona arrosto ... CREA:5 BDA:6
[108/300] Orecchiette fresche (pasta di semola) ... CREA:4 BDA:4
[109/300] Trofie fresche (pasta ligure) ... CREA:7 BDA:8
[110/300] Bigoli (pasta integrale veneta) ... CREA:2 BDA:8
[111/300] Pici (pasta toscana grossa) ... CREA:7 BDA:8
[112/300] Maltagliati all'uovo freschi ... CREA:0 BDA:0
[113/300] Lupini sgusciati conservati (sotto sale) ... CREA:2 BDA:1
[114/300] Asiago stagionato ... CREA:0 BDA:1
[115/300] Anguilla fresca ... CREA:5 BDA:4
[116/300] Cozze (muscoli) ... CREA:0 BDA:0
[117/300] Catalogna (cicoria) ... CREA:4 BDA:4
[118/300] Bieta da coste ... CREA:3 BDA:2
[119/300] Indivia belga (witloof) ... CREA:1 BDA:1
[120/300] Melograno (arilli) ... CREA:0 BDA:0
[121/300] Cachi (loto) ... CREA:0 BDA:0
[122/300] Azuki (fagioli rossi) secchi ... CREA:8 BDA:7
[123/300] Edamame (soia verde) ... CREA:8 BDA:8
[124/300] Semi di girasole ... CREA:1 BDA:1
[125/300] Semi di sesamo ... CREA:1 BDA:3
[126/300] Semi di lino macinati ... CREA:1 BDA:3
[127/300] Semi di zucca ... CREA:1 BDA:3
[128/300] Pistacchi (senza guscio) ... CREA:2 BDA:4
[129/300] Farina di mais (polenta) cruda ... CREA:2 BDA:1
[130/300] Nduja calabrese ... CREA:0 BDA:0
[131/300] Aceto balsamico di Modena ... CREA:0 BDA:7
[132/300] Pesto alla genovese (artigianale) ... CREA:0 BDA:0
[133/300] Aceto di vino ... CREA:0 BDA:7
[134/300] Alga Kelp (Laminaria) essiccata ... CREA:0 BDA:0
[135/300] Alga Dulse essiccata ... CREA:0 BDA:0
[136/300] Agar-agar (essiccato) ... CREA:1 BDA:0
[137/300] Malva fresca ... CREA:0 BDA:0
[138/300] Silene (erba) fresca ... CREA:0 BDA:2
[139/300] Mirtilli essiccati ... CREA:1 BDA:1
[140/300] Latte di riso commerciale ... CREA:8 BDA:8
[141/300] Conserva di pomodoro (passata) ... CREA:1 BDA:0
[142/300] Koji di riso ... CREA:0 BDA:0
[143/300] Uovo fritto (olio EVO) ... CREA:8 BDA:8
[144/300] Lasagne al forno (artigianale, ragù e besciamella) ... CREA:0 BDA:0
[145/300] Crespelle / crepes (pasta, latte, uova) ... CREA:0 BDA:0
[146/300] Manzo macinato (bovino, magro 10% grassi) ... CREA:0 BDA:8
[147/300] Maiale macinato ... CREA:8 BDA:1
[148/300] Polpa di pomodoro a pezzi (in scatola) ... CREA:8 BDA:8
[149/300] Pomodori datterini freschi ... CREA:8 BDA:5
[150/300] Fegato di maiale ... CREA:8 BDA:1
[151/300] Sardine sott'olio sgocciolate ... CREA:2 BDA:2
[152/300] Salmone cotto al forno ... CREA:3 BDA:3
[153/300] Brodo di pesce (fumetto) ... CREA:0 BDA:0
[154/300] Filetto di manzo ... CREA:3 BDA:1
[155/300] Pollo lessato (bollito, senza pelle) ... CREA:0 BDA:0
[156/300] Sorbetto alla frutta ... CREA:1 BDA:4
[157/300] Polenta bianca cotta ... CREA:2 BDA:1
[158/300] Vitello (spalla) crudo ... CREA:4 BDA:4
[159/300] Vitello fesa ... CREA:2 BDA:8
[160/300] Vitello girello ... CREA:2 BDA:8
[161/300] Vitello scaloppina ... CREA:8 BDA:8
[162/300] Vitello scamone ... CREA:1 BDA:8
[163/300] Agnello costolette crude ... CREA:7 BDA:8
[164/300] Agnello macinato crudo ... CREA:7 BDA:8
[165/300] Gallinella di mare ... CREA:0 BDA:0
[166/300] Rabarbaro crudo ... CREA:0 BDA:0
[167/300] Farina Manitoba (tipo 0 proteica) ... CREA:8 BDA:5
[168/300] Farina di grano tenero tipo 2 ... CREA:8 BDA:2
[169/300] Sugo all'amatriciana artigianale ... CREA:0 BDA:0
[170/300] Sugo alla carbonara (salsa) ... CREA:2 BDA:2
[171/300] Lievito alimentare (nutrizionale) in scaglie ... CREA:0 BDA:0
[172/300] Alice fresca (acciuga) ... CREA:3 BDA:0
[173/300] Sardina fresca ... CREA:0 BDA:0
[174/300] Pesce spada alla griglia ... CREA:5 BDA:1
[175/300] Fegatini di pollo ... CREA:0 BDA:1
[176/300] Piselli freschi lessi ... CREA:2 BDA:5
[177/300] Crema di riso ... CREA:8 BDA:3
[178/300] Crema di mais ... CREA:8 BDA:3
[179/300] Baguette ... CREA:0 BDA:0
[180/300] Rosetta (panino all'acqua) ... CREA:1 BDA:1
[181/300] Tarallo pugliese ... CREA:0 BDA:0
[182/300] Tè deteinato ... CREA:0 BDA:0
[183/300] Capesante crude ... CREA:0 BDA:0
[184/300] Ostriche crude ... CREA:0 BDA:0
[185/300] Scorfano rosso crudo ... CREA:1 BDA:1
[186/300] Palamita fresca ... CREA:0 BDA:0
[187/300] Sgombro sott'olio sgocciolato ... CREA:2 BDA:3
[188/300] Cozze bollite ... CREA:0 BDA:0
[189/300] Gambero rosa bollito ... CREA:0 BDA:1
[190/300] Baccalà secco salato ... CREA:1 BDA:0
[191/300] Merlano (nasello) crudo ... CREA:8 BDA:0
[192/300] Persico crudo ... CREA:0 BDA:1
[193/300] Farro spelta crudo ... CREA:2 BDA:3
[194/300] Riso carnaroli crudo ... CREA:8 BDA:8
[195/300] Cavolo romano crudo ... CREA:7 BDA:3
[196/300] Cipolla rossa cruda ... CREA:0 BDA:0
[197/300] Valerianella cruda ... CREA:0 BDA:0
[198/300] Peperone arrosto in vasetto ... CREA:0 BDA:0
[199/300] Fico d'India fresco ... CREA:0 BDA:0
[200/300] Pitahaya (Dragon Fruit) fresca ... CREA:0 BDA:0
[201/300] Prugne secche denocciolate ... CREA:1 BDA:6
[202/300] Maracuja (Frutto della Passione) fresco ... CREA:0 BDA:1
[203/300] Semi di girasole tostati ... CREA:1 BDA:1
[204/300] Noci del Brasile (Paranoci) ... CREA:0 BDA:0
[205/300] Wasabi in pasta ... CREA:0 BDA:0
[206/300] Cous cous cotto ... CREA:1 BDA:2
[207/300] Edamame (soia verde) lessato ... CREA:8 BDA:8
[208/300] Lupini in salamoia sgocciolati ... CREA:1 BDA:1
[209/300] Piselli freschi sgusciati crudi ... CREA:2 BDA:5
[210/300] Tofu sodo (extra firm) ... CREA:1 BDA:2
[211/300] Tempeh di soia ... CREA:0 BDA:1
[212/300] Seitan (glutine di grano) ... CREA:0 BDA:0
[213/300] Cavolo nero crudo ... CREA:7 BDA:3
[214/300] Cavolini di Bruxelles crudi ... CREA:0 BDA:0
[215/300] Cipollotti freschi crudi ... CREA:0 BDA:0
[216/300] Melograno (arilli) fresco ... CREA:0 BDA:0
[217/300] Chia semi crudi ... CREA:6 BDA:3
[218/300] Semi di lino crudi ... CREA:1 BDA:3
[219/300] Semi di canapa sgusciati ... CREA:1 BDA:3
[220/300] Tahina (pasta di sesamo) ... CREA:7 BDA:6
[221/300] Miso di soia (pasta) ... CREA:7 BDA:8
[222/300] Aceto di mele ... CREA:0 BDA:7
[223/300] Latte di avena non zuccherato ... CREA:8 BDA:8
[224/300] Tè verde in infuso ... CREA:7 BDA:0
[225/300] Curcuma in polvere ... CREA:0 BDA:0
[226/300] Zenzero fresco ... CREA:0 BDA:0
[227/300] Cannella in polvere ... CREA:0 BDA:1
[228/300] Lattuga iceberg ... CREA:3 BDA:3
[229/300] Fiocchi di frumento integrali ... CREA:2 BDA:6
[230/300] Castagne lesse (bollite) ... CREA:8 BDA:1
[231/300] Frumento soffiato ... CREA:8 BDA:6
[232/300] Olio di sansa di oliva ... CREA:8 BDA:8
[233/300] Cumino (semi macinati) ... CREA:1 BDA:1
[234/300] Semi di anice ... CREA:1 BDA:3
[235/300] Coriandolo in semi (polvere) ... CREA:6 BDA:8
[236/300] Fieno greco (semi) ... CREA:1 BDA:8
[237/300] Pepe bianco macinato ... CREA:8 BDA:5
[238/300] Rafano fresco (radice, cren) ... CREA:0 BDA:0
[239/300] Crusca d'avena ... CREA:2 BDA:2
[240/300] Vaniglia (baccello intero) ... CREA:1 BDA:3
[241/300] Macis (mace, spezia) ... CREA:0 BDA:0
[242/300] Pepe verde in salamoia ... CREA:8 BDA:5
[243/300] Capperi sotto sale (dissalati) ... CREA:0 BDA:0
[244/300] Semi di sesamo tostati ... CREA:1 BDA:3
[245/300] Sesamo nero (semi crudi) ... CREA:1 BDA:8
[246/300] Ciliegie fresche ... CREA:0 BDA:2
[247/300] Melograno (chicchi) ... CREA:0 BDA:0
[248/300] Mirtilli rossi (cranberry) ... CREA:0 BDA:0
[249/300] Anguria ... CREA:0 BDA:0
[250/300] Melone giallo Cantalupo ... CREA:2 BDA:2
[251/300] More fresche ... CREA:0 BDA:0
[252/300] Uvetta di Corinto ... CREA:0 BDA:2
[253/300] Anacardi tostati non salati ... CREA:1 BDA:1
[254/300] Arachidi tostare non salate ... CREA:2 BDA:7
[255/300] Semi di zucca crudi ... CREA:1 BDA:3
[256/300] Semi di girasole crudi ... CREA:1 BDA:1
[257/300] Semi di lino crudi ... CREA:1 BDA:3
[258/300] Semi di canapa sgusciati ... CREA:1 BDA:3
[259/300] Cavolo cappuccio crudo ... CREA:2 BDA:2
[260/300] Cavoletti di Bruxelles crudi ... CREA:0 BDA:0
[261/300] Porro crudo ... CREA:0 BDA:0
[262/300] Bietola da coste cruda ... CREA:0 BDA:1
[263/300] Topinambur crudo ... CREA:1 BDA:0
[264/300] Indivia belga ... CREA:1 BDA:1
[265/300] Cipolla rossa cruda ... CREA:0 BDA:0
[266/300] Okra (gombo) crudo ... CREA:0 BDA:0
[267/300] Pak choi crudo ... CREA:0 BDA:0
[268/300] Cavolo nero (foglie) ... CREA:2 BDA:4
[269/300] Broccoletti (cime di rapa) ... CREA:2 BDA:1
[270/300] Catalogna (puntarelle) ... CREA:0 BDA:1
[271/300] Daikon (ravanello bianco giapponese) ... CREA:0 BDA:1
[272/300] Yam (igname) ... CREA:0 BDA:0
[273/300] Orata fresca ... CREA:3 BDA:3
[274/300] Trota salmonata ... CREA:5 BDA:5
[275/300] Baccalà sotto sale (dissalato) ... CREA:0 BDA:0
[276/300] Rombo liscio ... CREA:1 BDA:1
[277/300] Anguilla fresca ... CREA:5 BDA:4
[278/300] Capesante fresche ... CREA:0 BDA:0
[279/300] Tonno fresco (pinna gialla) ... CREA:0 BDA:0
[280/300] Astice (aragosta americana) ... CREA:2 BDA:1
[281/300] Ricci di mare (corallo) ... CREA:1 BDA:0
[282/300] Agnello coscia (magra) ... CREA:0 BDA:7
[283/300] Agnello costolette ... CREA:7 BDA:8
[284/300] Capretto (cosciotto) ... CREA:1 BDA:1
[285/300] Cavallo fettina ... CREA:3 BDA:5
[286/300] Cinghiale (coscia) ... CREA:7 BDA:8
[287/300] Cervo (coscia) ... CREA:7 BDA:8
[288/300] Rognone (rene bovino) ... CREA:3 BDA:3
[289/300] Nduja di Spilinga ... CREA:0 BDA:0
[290/300] Capicola (coppa di testa) ... CREA:1 BDA:3
[291/300] Brie francese ... CREA:1 BDA:1
[292/300] Camembert de Normandie ... CREA:1 BDA:1
[293/300] Emmental svizzero ... CREA:0 BDA:0
[294/300] Squacquerone di Romagna DOP ... CREA:0 BDA:0
[295/300] Scamorza bianca ... CREA:1 BDA:2
[296/300] Fiore Sardo DOP ... CREA:3 BDA:1
[297/300] Skyr naturale (islandese) ... CREA:0 BDA:0
[298/300] Yogurt greco proteico 2% ... CREA:4 BDA:1
[299/300] Fiocchi di latte (cottage cheese) ... CREA:0 BDA:1
[300/300] Panna da cucina (UHT 18%) ... CREA:1 BDA:3
Scritto manual-review-candidates.json
