Recupero candidati OFF per 53 alimenti (190-243)...
[1/53] Merendina Fiesta Ferrero (per 100g) ... OFF:15 (query: Merendina Fiesta Ferrero)
[2/53] Lay's classiche (per 100g) ... OFF:15 (query: Lay's classiche)
[3/53] Barretta proteica whey (per 100g) ... OFF:15 (query: Barretta proteica whey)
[4/53] Barretta energetica ai cereali (tipo Kellogg's) ... OFF:15 (query: Barretta energetica ai cereali)
[5/53] Shake proteico pronto (per 100ml) ... OFF:15 (query: Shake proteico pronto)
[6/53] Granola biologica con miele e frutta (per 100g) ... OFF:15 (query: Granola biologica con miele e frutta)
[7/53] Avena istantanea aromatizzata (bustina, per 100g) ... OFF:15 (query: Avena istantanea aromatizzata)
[8/53] Frullato dimagrante sostituto pasto (per 100g polvere) ... OFF:15 (query: Frullato dimagrante sostituto pasto)
[9/53] Pesto alla genovese (barattolo, per 100g) ... OFF:15 (query: Pesto alla genovese)
[10/53] Cornetto vuoto al bar (per 100g) ... OFF:15 (query: Cornetto vuoto al bar)
[11/53] Cornetto alla crema al bar (per 100g) ... OFF:15 (query: Cornetto alla crema al bar)
[12/53] Spritz Aperol (per 100ml) ... OFF:15 (query: Spritz Aperol)
[13/53] Limoncello (per 100ml) ... OFF:15 (query: Limoncello)
[14/53] Amaro Averna (per 100ml) ... OFF:15 (query: Amaro Averna)
[15/53] Burger vegetale (soia e piselli) ... OFF:15 (query: Burger vegetale)
[16/53] Salsiccia vegetale (tofu affumicato) ... OFF:15 (query: Salsiccia vegetale)
[17/53] Wurstel vegano di soia ... OFF:15 (query: Wurstel vegano di soia)
[18/53] Polpette di lenticchie (pronte, cotte) ... OFF:15 (query: Polpette di lenticchie)
[19/53] Polpette di ceci (pronte, cotte) ... OFF:15 (query: Polpette di ceci)
[20/53] Nuggets di soia (impanati, cotti) ... OFF:15 (query: Nuggets di soia)
[21/53] Formaggio vegano di anacardi (tipo spalmabile) ... OFF:15 (query: Formaggio vegano di anacardi)
[22/53] Formaggio vegano di soia affumicato (a fette) ... OFF:15 (query: Formaggio vegano di soia affumicato)
[23/53] Panna di soia da cucina ... OFF:15 (query: Panna di soia da cucina)
[24/53] Panna di avena da cucina ... OFF:15 (query: Panna di avena da cucina)
[25/53] Maionese vegana ... OFF:15 (query: Maionese vegana)
[26/53] Cotoletta di seitan impanata (cotta) ... OFF:15 (query: Cotoletta di seitan impanata)
[27/53] Prosciutto di seitan affumicato (a fette) ... OFF:15 (query: Prosciutto di seitan affumicato)
[28/53] Mozzarella vegana di cocco (filante) ... OFF:15 (query: Mozzarella vegana di cocco)
[29/53] Proteine di soia texturizzate (TSP, secche) ... OFF:15 (query: Proteine di soia texturizzate)
[30/53] Porridge d'avena istantaneo (in busta) ... OFF:15 (query: Porridge d'avena istantaneo)
[31/53] Cereali integrali multicereali con frutta ... OFF:15 (query: Cereali integrali multicereali con frutta)
[32/53] Succo pesca-albicocca (nettare, bottiglia) ... OFF:15 (query: Succo pesca-albicocca)
[33/53] Tè freddo al limone industriale (bottiglia) ... OFF:15 (query: Tè freddo al limone industriale)
[34/53] Cappuccino RTD (pronto da bere, lattina) ... OFF:15 (query: Cappuccino RTD)
[35/53] Kombucha naturale industriale ... OFF:15 (query: Kombucha naturale industriale)
[36/53] Smoothie spinaci-mela-zenzero RTD (per 100ml) ... OFF:15 (query: Smoothie spinaci-mela-zenzero RTD)
[37/53] Doritos al formaggio (per 100g) ... OFF:15 (query: Doritos al formaggio)
[38/53] Oreo biscotti al cacao (per 100g) ... OFF:15 (query: Oreo biscotti al cacao)
[39/53] Donut al cioccolato (americano) ... OFF:15 (query: Donut al cioccolato)
[40/53] Kinder Fetta al Latte (per 100g) ... OFF:15 (query: Kinder Fetta al Latte)
[41/53] Pizza al taglio rossa (forno) ... OFF:15 (query: Pizza al taglio rossa)
[42/53] Calzone fritto napoletano ... OFF:15 (query: Calzone fritto napoletano)
[43/53] Toast al prosciutto cotto (bar/industriale) ... OFF:15 (query: Toast al prosciutto cotto)
[44/53] Sushi maki tonno (per pezzo, 18g → per 100g) ... OFF:15 (query: Sushi maki tonno)
[45/53] Dal di lenticchie rosse (pronto) ... OFF:15 (query: Dal di lenticchie rosse)
[46/53] Tacos guscio di mais fritto (per pezzo 20g → 100g) ... OFF:15 (query: Tacos guscio di mais fritto)
[47/53] Burrito di fagioli e riso ... OFF:15 (query: Burrito di fagioli e riso)
[48/53] Shakshuka - uova in salsa di pomodoro e peperoni ... OFF:15 (query: Shakshuka - uova in salsa di pomodoro e peperoni)
[49/53] Pastrami di manzo (fettine) ... OFF:15 (query: Pastrami di manzo)
[50/53] Pepperoni americano (pizza topping) ... OFF:15 (query: Pepperoni americano)
[51/53] Bastoncini di pesce impanati (merluzzo, cotti) ... OFF:15 (query: Bastoncini di pesce impanati)
[52/53] Filetto di merluzzo impanato surgelato (cotto) ... OFF:15 (query: Filetto di merluzzo impanato surgelato)
[53/53] Caviale di lompo (succedaneo, rosso/nero) ... OFF:15 (query: Caviale di lompo)
Scritto manual-review-candidates-upf.json
