Recupero candidati OFF per 40 alimenti (80-120)...
[1/40] Sottilette fette di formaggio ... OFF:15 (query: Sottilette fette di formaggio)
[2/40] Barretta energetica tipo Clif ... OFF:15 (query: Barretta energetica tipo Clif)
[3/40] Barretta proteica industriale 20g prot ... OFF:15 (query: Barretta proteica industriale 20g prot)
[4/40] Granola industriale miele e frutta ... OFF:15 (query: Granola industriale miele e frutta)
[5/40] Porridge industriale confezionato ... OFF:15 (query: Porridge industriale confezionato)
[6/40] Wafer al miele confezionato ... OFF:15 (query: Wafer al miele confezionato)
[7/40] Focaccia industriale confezionata ... OFF:15 (query: Focaccia industriale confezionata)
[8/40] Toast confezionato prosciutto e formaggio ... OFF:15 (query: Toast confezionato prosciutto e formaggio)
[9/40] Wrap industriale pollo e verdure ... OFF:15 (query: Wrap industriale pollo e verdure)
[10/40] Panino hamburger industriale completo ... OFF:15 (query: Panino hamburger industriale completo)
[11/40] Focaccine tipo Tigelle industriali ... OFF:15 (query: Focaccine tipo Tigelle industriali)
[12/40] Crackers wasa tipo crispbread ... OFF:15 (query: Crackers wasa tipo crispbread)
[13/40] Chips di lenticchie BBQ ... OFF:15 (query: Chips di lenticchie BBQ)
[14/40] Rice cakes aromatizzate ... OFF:15 (query: Rice cakes aromatizzate)
[15/40] Frullato proteico industriale (330mL, 20g prot) ... OFF:15 (query: Frullato proteico industriale)
[16/40] Bevanda proteica colazione (bottiglia 250mL) ... OFF:15 (query: Bevanda proteica colazione)
[17/40] Smoothie proteico alla banana industriale ... OFF:15 (query: Smoothie proteico alla banana industriale)
[18/40] Salsa guacamole industriale in vaschetta ... OFF:15 (query: Salsa guacamole industriale in vaschetta)
[19/40] Salsa tzatziki industriale in vaschetta ... OFF:15 (query: Salsa tzatziki industriale in vaschetta)
[20/40] Salsa Sriracha piccante ... OFF:15 (query: Salsa Sriracha piccante)
[21/40] Salsa Teriyaki industriale ... OFF:15 (query: Salsa Teriyaki industriale)
[22/40] Burro di cocco industriale ... OFF:15 (query: Burro di cocco industriale)
[23/40] Gelato vegan soia industriale ... OFF:15 (query: Gelato vegan soia industriale)
[24/40] Pasta senza glutine di mais-riso (Barilla/Garofalo) ... OFF:15 (query: Pasta senza glutine di mais-riso)
[25/40] Biscotti senza glutine al burro ... OFF:15 (query: Biscotti senza glutine al burro)
[26/40] Fette biscottate senza glutine ... OFF:15 (query: Fette biscottate senza glutine)
[27/40] Pizza base senza glutine surgelata ... OFF:15 (query: Pizza base senza glutine surgelata)
[28/40] Crackers senza glutine di mais ... OFF:15 (query: Crackers senza glutine di mais)
[29/40] Burger vegetale Beyond Meat / simile ... OFF:15 (query: Burger vegetale Beyond Meat / simile)
[30/40] Cotoletta di soia / seitan impanata ... OFF:15 (query: Cotoletta di soia / seitan impanata)
[31/40] Wurstel di soia vegetali ... OFF:15 (query: Wurstel di soia vegetali)
[32/40] Formaggio vegano fette (tipo violife) ... OFF:15 (query: Formaggio vegano fette)
[33/40] Panna vegetale di soia UHT ... OFF:15 (query: Panna vegetale di soia UHT)
[34/40] Yogurt vegano cocco-ananas industriale ... OFF:15 (query: Yogurt vegano cocco-ananas industriale)
[35/40] Tofu affumicato tipo naturli ... OFF:15 (query: Tofu affumicato tipo naturli)
[36/40] Bevanda al caffè latte zuccherato (lattina) ... OFF:15 (query: Bevanda al caffè latte zuccherato)
[37/40] Kombucha commerciale zuccherato ... OFF:15 (query: Kombucha commerciale zuccherato)
[38/40] Acqua aromatizzata zuccherata ... OFF:15 (query: Acqua aromatizzata zuccherata)
[39/40] Acqua di cocco naturale (lattina) ... OFF:15 (query: Acqua di cocco naturale)
[40/40] Latte di riso naturale ... OFF:15 (query: Latte di riso naturale)
Scritto manual-review-candidates-upf.json
