Recupero candidati per 96 alimenti (1143-1239)...
[1/96] Omogeneizzato di pollo (tipo Plasmon/Nestlé) ... CREA:8 BDA:8
[2/96] Omogeneizzato di manzo (tipo Plasmon) ... CREA:8 BDA:8
[3/96] Omogeneizzato di frutta (mela-pera-banana) ... CREA:0 BDA:0
[4/96] Pastina stelline per bambini (cruda) ... CREA:8 BDA:6
[5/96] Crema di cereali per bambini (mais-riso, istantanea) ... CREA:0 BDA:0
[6/96] Latte di crescita 3 (follow-on formula, per 100g polvere) ... CREA:0 BDA:0
[7/96] Polvere di proteine di pisello (pea protein isolate) ... CREA:0 BDA:0
[8/96] Polvere di proteine di canapa (hemp protein) ... CREA:0 BDA:0
[9/96] Collagene idrolizzato in polvere (bovino/marino) ... CREA:0 BDA:0
[10/96] Creatina monoidrato in polvere ... CREA:0 BDA:0
[11/96] Spirulina in compresse (alghe) ... CREA:0 BDA:0
[12/96] Clorella in polvere (Chlorella vulgaris) ... CREA:0 BDA:0
[13/96] Alga wakame essiccata ... CREA:0 BDA:0
[14/96] Alga spirulina fresca (non essiccata) ... CREA:2 BDA:8
[15/96] Maca in polvere (Lepidium meyenii) ... CREA:0 BDA:0
[16/96] Ashwagandha in polvere (Withania somnifera) ... CREA:0 BDA:0
[17/96] Inulina in polvere (fibra prebiotica) ... CREA:0 BDA:0
[18/96] Beta-glucano in polvere (da avena) ... CREA:2 BDA:8
[19/96] Capperi sotto sale (dissalati, per 100g) ... CREA:0 BDA:0
[20/96] Acciughe/alici sotto sale (dissalate) ... CREA:0 BDA:0
[21/96] Mostarda di Cremona (frutta candita in senape) ... CREA:4 BDA:8
[22/96] Senape in grani (semintegrale) ... CREA:1 BDA:0
[23/96] Rafano (cren, Armoracia rusticana) fresco ... CREA:0 BDA:0
[24/96] Aceto balsamico di Modena IGP ... CREA:0 BDA:7
[25/96] Aceto di mele (apple cider vinegar) ... CREA:0 BDA:0
[26/96] Lecitina di soia granulare (emulsionante) ... CREA:0 BDA:0
[27/96] Tè verde matcha in polvere (per 100g) ... CREA:0 BDA:8
[28/96] Tè nero (infuso, per 100mL bevanda pronta) ... CREA:3 BDA:0
[29/96] Tisana di camomilla (infuso, per 100mL) ... CREA:0 BDA:0
[30/96] Acqua di cocco naturale (non confezionata) ... CREA:2 BDA:8
[31/96] Kefir di latte intero (fermentato) ... CREA:0 BDA:0
[32/96] Latte di cammella (fresco/non pastorizzato) ... CREA:0 BDA:0
[33/96] Cannolo siciliano (con ricotta) ... CREA:4 BDA:8
[34/96] Babà al rum napoletano ... CREA:2 BDA:0
[35/96] Castagnaccio (torta toscana di farina di castagne) ... CREA:1 BDA:1
[36/96] Pappa al pomodoro toscana ... CREA:1 BDA:0
[37/96] Acquacotta maremmana (con uovo) ... CREA:3 BDA:8
[38/96] Brodetto di pesce alla marchigiana ... CREA:0 BDA:0
[39/96] Busiate al pesto trapanese ... CREA:0 BDA:0
[40/96] Pasta alla Norma (con melanzane e ricotta salata) ... CREA:3 BDA:8
[41/96] Pasta con le sarde (siciliana) ... CREA:0 BDA:0
[42/96] Risotto alla milanese (con zafferano e burro) ... CREA:0 BDA:8
[43/96] Risotto al radicchio e taleggio ... CREA:0 BDA:0
[44/96] Riso al latte (dolce tradizionale) ... CREA:3 BDA:8
[45/96] Polenta e baccalà alla vicentina ... CREA:2 BDA:1
[46/96] Fave e cicoria (piatto pugliese) ... CREA:0 BDA:0
[47/96] Lampredotto (bovino, cotto) ... CREA:0 BDA:8
[48/96] Trippa alla romana (con pomodoro) ... CREA:2 BDA:2
[49/96] Bollito misto con salsa verde ... CREA:8 BDA:2
[50/96] Stoccafisso mantecato alla vicentina ... CREA:2 BDA:2
[51/96] Bagna caôda piemontese (salsa calda) ... CREA:2 BDA:2
[52/96] Coda alla vaccinara (romanesca) ... CREA:0 BDA:0
[53/96] Arrosticini abruzzesi (ovino, cotti) ... CREA:0 BDA:8
[54/96] Pasta e fagioli veneta (con rigatoni) ... CREA:0 BDA:8
[55/96] Minestrone alla genovese (con pesto) ... CREA:0 BDA:8
[56/96] Pesto genovese DOP (con basilico DOP Prà) ... CREA:1 BDA:8
[57/96] Focaccia genovese (ligure, cotta) ... CREA:0 BDA:0
[58/96] Pane di Matera IGP ... CREA:8 BDA:5
[59/96] Canederli trentini (al formaggio) ... CREA:5 BDA:2
[60/96] Spätzle verdi agli spinaci (cotti) ... CREA:8 BDA:8
[61/96] Gnocchi alla sorrentina (cotti al forno) ... CREA:8 BDA:4
[62/96] Trota salmonata in carpione ... CREA:5 BDA:5
[63/96] Sgombro in guazzetto (con pomodoro) ... CREA:2 BDA:2
[64/96] Merluzzo alla livornese ... CREA:8 BDA:7
[65/96] Triglie al pomodoro con capperi ... CREA:0 BDA:0
[66/96] Fritto misto alla piemontese ... CREA:0 BDA:0
[67/96] Pardulas sarde (dolce con ricotta e zafferano) ... CREA:3 BDA:8
[68/96] Ribollita toscana (minestra di pane e verdure) ... CREA:0 BDA:0
[69/96] Panzanella toscana ... CREA:0 BDA:0
[70/96] Tegamino di tartufo nero (con uova) ... CREA:8 BDA:8
[71/96] Burrida di gattuccio (piatto sardo) ... CREA:0 BDA:0
[72/96] Culingiones sardi (pasta ripiena di patate e pecorino) ... CREA:7 BDA:8
[73/96] Soppressata calabrese DOP (artigianale) ... CREA:0 BDA:0
[74/96] Nduja (salume spalmabile piccante) ... CREA:0 BDA:0
[75/96] Pasta cacio e pepe (ricetta romana) ... CREA:0 BDA:8
[76/96] Pasta alla norma (pomodoro, melanzane, ricotta salata) ... CREA:0 BDA:3
[77/96] Pasta al pesto genovese (DOP basilico) ... CREA:8 BDA:3
[78/96] Pasta e fagioli alla veneta ... CREA:7 BDA:8
[79/96] Pasta e ceci (zuppa) ... CREA:0 BDA:0
[80/96] Polpo alla luciana (in umido con olive e capperi) ... CREA:0 BDA:8
[81/96] Baccalà alla vicentina (mantecato) ... CREA:0 BDA:0
[82/96] Fritto misto di pesce (con panatura) ... CREA:0 BDA:8
[83/96] Risotto al nero di seppia ... CREA:0 BDA:0
[84/96] Trippa alla romana (con pomodoro e pecorino) ... CREA:2 BDA:1
[85/96] Bollito misto con salsa verde ... CREA:8 BDA:2
[86/96] Scaloppine al limone (vitello) ... CREA:8 BDA:8
[87/96] Ossobuco alla milanese (con gremolata) ... CREA:0 BDA:8
[88/96] Saltimbocca alla romana (vitello con prosciutto e salvia) ... CREA:8 BDA:8
[89/96] Pollo alla cacciatora (con pomodoro e olive) ... CREA:2 BDA:1
[90/96] Coniglio all'ischitana (con pomodoro e capperi) ... CREA:2 BDA:1
[91/96] Porchetta di Ariccia (arista di maiale speziata) ... CREA:0 BDA:0
[92/96] Focaccia al formaggio di Recco (con stracchino) ... CREA:1 BDA:8
[93/96] Calzone fritto napoletano (ripieno ricotta e salumi) ... CREA:0 BDA:4
[94/96] Supplì al telefono romani (riso e ragù fritti) ... CREA:8 BDA:8
[95/96] Minestrone lombardo (con pasta o riso) ... CREA:7 BDA:8
[96/96] Zuppa di farro toscana (con legumi) ... CREA:0 BDA:8
Scritto manual-review-candidates.json
