Recupero candidati USDA per 40 alimenti (0-40)...
[1/40] Shawarma di pollo ... USDA:0 (query: nessuna)
[2/40] Kebab di manzo ... USDA:0 (query: nessuna)
[3/40] Nigiri di salmone (sushi) ... USDA:15 (query: Nigiri di salmone)
[4/40] Maki futomaki ... USDA:0 (query: nessuna)
[5/40] Ramen (brodo e noodles) ... USDA:4 (query: Ramen)
[6/40] Pad Thai ... USDA:1 (query: Pad Thai)
[7/40] Curry di pollo ... USDA:2 (query: Curry di pollo)
[8/40] Dal (lenticchie speziate) ... USDA:0 (query: nessuna)
[9/40] Pho vietnamita (brodo e noodles) ... USDA:15 (query: Pho vietnamita brodo e noodles)
[10/40] Guacamole ... USDA:0 (query: nessuna)
[11/40] Salsa di pomodoro messicana ... USDA:8 (query: Salsa di pomodoro messicana)
[12/40] Gyoza al vapore ... USDA:1 (query: Gyoza al vapore)
[13/40] Moussaka ... USDA:0 (query: nessuna)
[14/40] Tzatziki ... USDA:0 (query: nessuna)
[15/40] Tajine di agnello e verdure ... USDA:9 (query: Tajine di agnello e verdure)
[16/40] Bibimbap (riso e verdure con uovo) ... USDA:15 (query: Bibimbap riso e verdure con uovo)
[17/40] Bulgogi (manzo marinato) ... USDA:0 (query: nessuna)
[18/40] Tempura di verdure ... USDA:0 (query: nessuna)
[19/40] Spring roll fritti ... USDA:15 (query: Spring roll fritti)
[20/40] Tom yam soup ... USDA:15 (query: Tom yam soup)
[21/40] Miso soup ... USDA:15 (query: Miso soup)
[22/40] Injera (pane etiope) ... USDA:0 (query: nessuna)
[23/40] Samosa (patate e piselli) ... USDA:9 (query: Samosa patate e piselli)
[24/40] Gelato al cioccolato artigianale ... USDA:1 (query: Gelato al cioccolato artigianale)
[25/40] Sorbetto alla fragola ... USDA:0 (query: nessuna)
[26/40] Gelato alla crema artigianale ... USDA:0 (query: nessuna)
[27/40] Gelato stracciatella artigianale ... USDA:0 (query: nessuna)
[28/40] Gelato alla nocciola artigianale ... USDA:0 (query: nessuna)
[29/40] Gelato al pistacchio artigianale ... USDA:1 (query: Gelato al pistacchio artigianale)
[30/40] Gelato al caffè artigianale ... USDA:1 (query: Gelato al caffè artigianale)
[31/40] Gelato al cocco artigianale ... USDA:1 (query: Gelato al cocco artigianale)
[32/40] Gelato alla menta con gocce di cioccolato ... USDA:11 (query: Gelato alla menta con gocce di cioccolato)
[33/40] Gelato vegano al cioccolato (base cocco) ... USDA:1 (query: Gelato vegano al cioccolato)
[34/40] Ghiacciolo alla fragola ... USDA:0 (query: nessuna)
[35/40] Ghiacciolo all'arancia ... USDA:0 (query: nessuna)
[36/40] Magnum Classic ... USDA:15 (query: Magnum Classic)
[37/40] Magnum Almond ... USDA:15 (query: Magnum Almond)
[38/40] Cornetto Algida ... USDA:0 (query: nessuna)
[39/40] Maxibon ... USDA:0 (query: nessuna)
[40/40] Häagen-Dazs Vanilla ... USDA:15 (query: Häagen-Dazs Vanilla)
Scritto manual-review-candidates-extra.json
