Recupero candidati USDA per 60 alimenti (120-180)...
[1/60] Isostar (per 100ml) ... USDA:3 (query: Isostar per 100ml)
[2/60] Bevanda di avena Oatly (per 100ml) ... USDA:1 (query: Bevanda di avena Oatly)
[3/60] Bevanda di soia Alpro (per 100ml) ... USDA:3 (query: Bevanda di soia Alpro per 100ml)
[4/60] Bevanda di mandorle Alpro (per 100ml) ... USDA:3 (query: Bevanda di mandorle Alpro per 100ml)
[5/60] Bevanda di riso non dolcificata (per 100ml) ... USDA:15 (query: Bevanda di riso non dolcificata)
[6/60] Bevanda di cocco Alpro (per 100ml) ... USDA:3 (query: Bevanda di cocco Alpro per 100ml)
[7/60] Panna di soia da cucina ... USDA:0 (query: nessuna)
[8/60] Crema di anacardi ... USDA:0 (query: nessuna)
[9/60] Seitan ... USDA:0 (query: nessuna)
[10/60] Miso (pasta) ... USDA:1 (query: Miso)
[11/60] Coca-Cola (per 100ml) ... USDA:15 (query: Coca-Cola)
[12/60] Coca-Cola Zero (per 100ml) ... USDA:15 (query: Coca-Cola Zero)
[13/60] Pepsi (per 100ml) ... USDA:1 (query: Pepsi)
[14/60] Fanta arancia (per 100ml) ... USDA:3 (query: Fanta arancia per 100ml)
[15/60] Sprite (per 100ml) ... USDA:1 (query: Sprite)
[16/60] Succo ACE (per 100ml) ... USDA:3 (query: Succo ACE per 100ml)
[17/60] Succo di mela Yoga (per 100ml) ... USDA:3 (query: Succo di mela Yoga per 100ml)
[18/60] Succo di arancia Yoga (per 100ml) ... USDA:3 (query: Succo di arancia Yoga per 100ml)
[19/60] The freddo limone Nestlé (per 100ml) ... USDA:1 (query: The freddo limone Nestlé)
[20/60] The freddo pesca Nestlé (per 100ml) ... USDA:3 (query: The freddo pesca Nestlé per 100ml)
[21/60] Acqua tonica (per 100ml) ... USDA:3 (query: Acqua tonica per 100ml)
[22/60] Birra lager (4.5% alc, per 100ml) ... USDA:6 (query: Birra lager 4.5% alc, per 100ml)
[23/60] Birra rossa (per 100ml) ... USDA:3 (query: Birra rossa per 100ml)
[24/60] Birra artigianale IPA (per 100ml) ... USDA:3 (query: Birra artigianale IPA per 100ml)
[25/60] Vino bianco secco (per 100ml) ... USDA:3 (query: Vino bianco secco per 100ml)
[26/60] Vino rosso (per 100ml) ... USDA:3 (query: Vino rosso per 100ml)
[27/60] Prosecco DOC (per 100ml) ... USDA:3 (query: Prosecco DOC per 100ml)
[28/60] Limoncello (per 100ml) ... USDA:3 (query: Limoncello per 100ml)
[29/60] Rum (per 100ml) ... USDA:6 (query: Rum)
[30/60] Vodka (per 100ml) ... USDA:6 (query: Vodka)
[31/60] Gin (per 100ml) ... USDA:5 (query: Gin)
[32/60] Whisky (per 100ml) ... USDA:3 (query: Whisky per 100ml)
[33/60] Amaretto di Saronno (per 100ml) ... USDA:3 (query: Amaretto di Saronno per 100ml)
[34/60] N'duja calabrese ... USDA:0 (query: nessuna)
[35/60] Cotechino ... USDA:0 (query: nessuna)
[36/60] Coppa di testa ... USDA:0 (query: nessuna)
[37/60] Sopressa veneta ... USDA:0 (query: nessuna)
[38/60] Salame felino ... USDA:0 (query: nessuna)
[39/60] Pancetta affumicata a cubetti ... USDA:0 (query: nessuna)
[40/60] Emmenthal ... USDA:0 (query: nessuna)
[41/60] Asiago DOP ... USDA:0 (query: nessuna)
[42/60] Gorgonzola DOP dolce ... USDA:0 (query: nessuna)
[43/60] Pecorino toscano ... USDA:0 (query: nessuna)
[44/60] Halloumi ... USDA:0 (query: nessuna)
[45/60] Philadelphia (cream cheese) ... USDA:15 (query: Philadelphia cream cheese)
[46/60] Stracciatella di bufala ... USDA:0 (query: nessuna)
[47/60] Panna da cucina UHT ... USDA:0 (query: nessuna)
[48/60] Panna fresca da montare ... USDA:0 (query: nessuna)
[49/60] Tiramisù ... USDA:0 (query: nessuna)
[50/60] Cannolo siciliano ... USDA:0 (query: nessuna)
[51/60] Sfogliatella riccia napoletana ... USDA:0 (query: nessuna)
[52/60] Babà al rum ... USDA:7 (query: Babà al rum)
[53/60] Panettone tradizionale ... USDA:0 (query: nessuna)
[54/60] Pandoro ... USDA:0 (query: nessuna)
[55/60] Colomba pasquale ... USDA:0 (query: nessuna)
[56/60] Strudel di mele ... USDA:1 (query: Strudel di mele)
[57/60] Crostata di marmellata ... USDA:0 (query: nessuna)
[58/60] Cheesecake ... USDA:2 (query: Cheesecake)
[59/60] Panna cotta ... USDA:0 (query: nessuna)
[60/60] Mousse al cioccolato ... USDA:3 (query: Mousse al cioccolato)
Scritto manual-review-candidates-extra.json
