Recupero candidati OFF per 40 alimenti (0-40)...
[1/40] Patatine fritte in busta (chips classiche) ... OFF:15 (query: Patatine fritte in busta)
[2/40] Patatine al formaggio (Fonzies/simili) ... OFF:15 (query: Patatine al formaggio)
[3/40] Crackers snack con sesamo (tipo MixBowl) ... OFF:15 (query: Crackers snack con sesamo)
[4/40] Pop corn da microonde al burro ... OFF:15 (query: Pop corn da microonde al burro)
[5/40] Pretzels/grissini salati industriali ... OFF:15 (query: Pretzels/grissini salati industriali)
[6/40] Nachos/tortilla chips al formaggio ... OFF:15 (query: Nachos/tortilla chips al formaggio)
[7/40] Merendina tipo Crostatina/Merenda (Mulino B.) ... OFF:15 (query: Merendina tipo Crostatina/Merenda)
[8/40] Tiramisù industriale (porzione 100g) ... OFF:15 (query: Tiramisù industriale)
[9/40] Torta confezionata al cioccolato (tipo Sacher) ... OFF:15 (query: Torta confezionata al cioccolato)
[10/40] Brioche industriale (brioches confezionate) ... OFF:15 (query: Brioche industriale)
[11/40] Croissant/cornetto industriale ... OFF:15 (query: Croissant/cornetto industriale)
[12/40] Wafer al cioccolato (KitKat/simili) ... OFF:15 (query: Wafer al cioccolato)
[13/40] Biscotti digestive industriali ... OFF:15 (query: Biscotti digestive industriali)
[14/40] Torta di riso industriale ... OFF:15 (query: Torta di riso industriale)
[15/40] Gelato al cioccolato industriale ... OFF:15 (query: Gelato al cioccolato industriale)
[16/40] Ghiacciolo alla fragola (tipo Polaretti) ... OFF:15 (query: Ghiacciolo alla fragola)
[17/40] Gelato Magnum (cioccolato, stima per 100g) ... OFF:15 (query: Gelato Magnum)
[18/40] Gelato alla crema industriale ... OFF:15 (query: Gelato alla crema industriale)
[19/40] Vino rosso (12% vol.) ... OFF:15 (query: Vino rosso)
[20/40] Vino bianco secco (12% vol.) ... OFF:15 (query: Vino bianco secco)
[21/40] Birra chiara (5% vol.) ... OFF:15 (query: Birra chiara)
[22/40] Birra scura/doppio malto (7% vol.) ... OFF:15 (query: Birra scura/doppio malto)
[23/40] Prosecco / spumante (11% vol.) ... OFF:15 (query: Prosecco / spumante)
[24/40] Vodka (40% vol.) ... OFF:15 (query: Vodka)
[25/40] Whisky/Rum (40% vol.) ... OFF:15 (query: Whisky/Rum)
[26/40] Aperol Spritz (porzione 200mL) ... OFF:15 (query: Aperol Spritz)
[27/40] Cocktail Mojito (porzione 200mL) ... OFF:15 (query: Cocktail Mojito)
[28/40] Fanta / aranciata zuccherata ... OFF:15 (query: Fanta / aranciata zuccherata)
[29/40] Succo di frutta industriale (brick) ... OFF:15 (query: Succo di frutta industriale)
[30/40] Tè freddo industriale zuccherato ... OFF:15 (query: Tè freddo industriale zuccherato)
[31/40] Smoothie industriale (bottiglia) ... OFF:15 (query: Smoothie industriale)
[32/40] Hamburger industriale (burger surgelato) ... OFF:15 (query: Hamburger industriale)
[33/40] Pizza margherita surgelata ... OFF:15 (query: Pizza margherita surgelata)
[34/40] Lasagne industriali surgelate ... OFF:15 (query: Lasagne industriali surgelate)
[35/40] Nuggets di pollo surgelati ... OFF:15 (query: Nuggets di pollo surgelati)
[36/40] Hotdog/würstel industriale ... OFF:15 (query: Hotdog/würstel industriale)
[37/40] Crema di nocciole bianca (tipo Bianca) ... OFF:15 (query: Crema di nocciole bianca)
[38/40] Muesli industriale con frutta e zucchero ... OFF:15 (query: Muesli industriale con frutta e zucchero)
[39/40] Pizza da asporto / pizzeria (margherita) ... OFF:15 (query: Pizza da asporto / pizzeria)
[40/40] Kebab in pita (stima per 200g porzione) ... OFF:15 (query: Kebab in pita)
Scritto manual-review-candidates-upf.json
