Recupero candidati USDA per 40 alimenti (50-90)...
[1/40] Lotus Biscoff ... USDA:5 (query: Lotus Biscoff)
[2/40] Amaretti morbidi ... USDA:0 (query: nessuna)
[3/40] Cantucci alle mandorle ... USDA:15 (query: Cantucci alle mandorle)
[4/40] Baci di dama ... USDA:6 (query: Baci di dama)
[5/40] Pavesini ... USDA:0 (query: nessuna)
[6/40] Grissini al rosmarino ... USDA:1 (query: Grissini al rosmarino)
[7/40] Bruschette al pomodoro (snack) ... USDA:4 (query: Bruschette al pomodoro)
[8/40] Taralli pugliesi ... USDA:0 (query: nessuna)
[9/40] Friselle di grano ... USDA:0 (query: nessuna)
[10/40] Kinder Delice ... USDA:0 (query: nessuna)
[11/40] Kinder Cereali ... USDA:0 (query: nessuna)
[12/40] Crackers integrali salati ... USDA:15 (query: Crackers integrali salati)
[13/40] Pane carasau (sardegna) ... USDA:0 (query: nessuna)
[14/40] Pane di Altamura DOP ... USDA:0 (query: nessuna)
[15/40] Pane con noci ... USDA:11 (query: Pane con noci)
[16/40] Pane al farro ... USDA:2 (query: Pane al farro)
[17/40] Pane con olive ... USDA:15 (query: Pane con olive)
[18/40] Ciabatta ... USDA:0 (query: nessuna)
[19/40] Baguette ... USDA:0 (query: nessuna)
[20/40] Pane brioche dolce ... USDA:0 (query: nessuna)
[21/40] Pane azzimo ... USDA:0 (query: nessuna)
[22/40] Pane da hot dog ... USDA:15 (query: Pane da hot dog)
[23/40] Pane da hamburger con sesamo ... USDA:15 (query: Pane da hamburger con sesamo)
[24/40] Tortilla di frumento ... USDA:15 (query: Tortilla di frumento)
[25/40] Tortilla di mais ... USDA:15 (query: Tortilla di mais)
[26/40] Focaccia alta con olive ... USDA:15 (query: Focaccia alta con olive)
[27/40] Pane di mais (polenta bread) ... USDA:9 (query: Pane di mais)
[28/40] Omogeneizzato di pollo Heinz ... USDA:3 (query: Omogeneizzato di pollo Heinz)
[29/40] Omogeneizzato di manzo Heinz ... USDA:3 (query: Omogeneizzato di manzo Heinz)
[30/40] Omogeneizzato di salmone Heinz ... USDA:15 (query: Omogeneizzato di salmone Heinz)
[31/40] Merenda Mellin alla frutta ... USDA:0 (query: nessuna)
[32/40] Crema di verdure Nestlé Naturnes ... USDA:0 (query: nessuna)
[33/40] Biscotti baby Plasmon ... USDA:15 (query: Biscotti baby Plasmon)
[34/40] Pastina stelline (cotta) ... USDA:0 (query: nessuna)
[35/40] Latte di crescita 3 (formula) ... USDA:15 (query: Latte di crescita 3)
[36/40] Purea di mele baby ... USDA:15 (query: Purea di mele baby)
[37/40] Purea banana e cereali baby ... USDA:15 (query: Purea banana e cereali baby)
[38/40] Fiocchi di avena per bambini ... USDA:4 (query: Fiocchi di avena per bambini)
[39/40] Omogeneizzato di tacchino baby ... USDA:15 (query: Omogeneizzato di tacchino baby)
[40/40] Beyond Meat Burger ... USDA:15 (query: Beyond Meat Burger)
Scritto manual-review-candidates-extra.json
