Recupero candidati USDA per 60 alimenti (0-60)...
[1/60] Shawarma di pollo ... USDA:0 (query: nessuna)
[2/60] Kebab di manzo ... USDA:0 (query: nessuna)
[3/60] Nigiri di salmone (sushi) ... USDA:15 (query: Nigiri di salmone)
[4/60] Maki futomaki ... USDA:0 (query: nessuna)
[5/60] Ramen (brodo e noodles) ... USDA:4 (query: Ramen)
[6/60] Pad Thai ... USDA:1 (query: Pad Thai)
[7/60] Curry di pollo ... USDA:2 (query: Curry di pollo)
[8/60] Dal (lenticchie speziate) ... USDA:0 (query: nessuna)
[9/60] Pho vietnamita (brodo e noodles) ... USDA:15 (query: Pho vietnamita brodo e noodles)
[10/60] Guacamole ... USDA:0 (query: nessuna)
[11/60] Salsa di pomodoro messicana ... USDA:8 (query: Salsa di pomodoro messicana)
[12/60] Gyoza al vapore ... USDA:1 (query: Gyoza al vapore)
[13/60] Moussaka ... USDA:0 (query: nessuna)
[14/60] Tzatziki ... USDA:0 (query: nessuna)
[15/60] Tajine di agnello e verdure ... USDA:9 (query: Tajine di agnello e verdure)
[16/60] Bibimbap (riso e verdure con uovo) ... USDA:15 (query: Bibimbap riso e verdure con uovo)
[17/60] Bulgogi (manzo marinato) ... USDA:0 (query: nessuna)
[18/60] Tempura di verdure ... USDA:0 (query: nessuna)
[19/60] Spring roll fritti ... USDA:15 (query: Spring roll fritti)
[20/60] Tom yam soup ... USDA:15 (query: Tom yam soup)
[21/60] Miso soup ... USDA:15 (query: Miso soup)
[22/60] Injera (pane etiope) ... USDA:0 (query: nessuna)
[23/60] Samosa (patate e piselli) ... USDA:9 (query: Samosa patate e piselli)
[24/60] Gelato al cioccolato artigianale ... USDA:1 (query: Gelato al cioccolato artigianale)
[25/60] Sorbetto alla fragola ... USDA:0 (query: nessuna)
[26/60] Gelato alla crema artigianale ... USDA:0 (query: nessuna)
[27/60] Gelato stracciatella artigianale ... USDA:0 (query: nessuna)
[28/60] Gelato alla nocciola artigianale ... USDA:0 (query: nessuna)
[29/60] Gelato al pistacchio artigianale ... USDA:1 (query: Gelato al pistacchio artigianale)
[30/60] Gelato al caffè artigianale ... USDA:1 (query: Gelato al caffè artigianale)
[31/60] Gelato al cocco artigianale ... USDA:1 (query: Gelato al cocco artigianale)
[32/60] Gelato alla menta con gocce di cioccolato ... USDA:11 (query: Gelato alla menta con gocce di cioccolato)
[33/60] Gelato vegano al cioccolato (base cocco) ... USDA:1 (query: Gelato vegano al cioccolato)
[34/60] Ghiacciolo alla fragola ... USDA:0 (query: nessuna)
[35/60] Ghiacciolo all'arancia ... USDA:0 (query: nessuna)
[36/60] Magnum Classic ... USDA:15 (query: Magnum Classic)
[37/60] Magnum Almond ... USDA:15 (query: Magnum Almond)
[38/60] Cornetto Algida ... USDA:0 (query: nessuna)
[39/60] Maxibon ... USDA:0 (query: nessuna)
[40/60] Häagen-Dazs Vanilla ... USDA:15 (query: Häagen-Dazs Vanilla)
[41/60] Yogurt gelato alla fragola ... USDA:15 (query: Yogurt gelato alla fragola)
[42/60] Mochi ice cream al cioccolato ... USDA:15 (query: Mochi ice cream al cioccolato)
[43/60] Coppa del Nonno (caffè) ... USDA:1 (query: Coppa del Nonno)
[44/60] Stecco Joya alla fragola ... USDA:0 (query: nessuna)
[45/60] Digestive McVitie's ... USDA:0 (query: nessuna)
[46/60] Digestive al cioccolato McVitie's ... USDA:1 (query: Digestive al cioccolato McVitie's)
[47/60] Crackers Ritz ... USDA:15 (query: Crackers Ritz)
[48/60] Wafer alla vaniglia ... USDA:15 (query: Wafer alla vaniglia)
[49/60] Wafer al cioccolato ... USDA:15 (query: Wafer al cioccolato)
[50/60] Oreo ... USDA:2 (query: Oreo)
[51/60] Lotus Biscoff ... USDA:5 (query: Lotus Biscoff)
[52/60] Amaretti morbidi ... USDA:0 (query: nessuna)
[53/60] Cantucci alle mandorle ... USDA:15 (query: Cantucci alle mandorle)
[54/60] Baci di dama ... USDA:6 (query: Baci di dama)
[55/60] Pavesini ... USDA:0 (query: nessuna)
[56/60] Grissini al rosmarino ... USDA:1 (query: Grissini al rosmarino)
[57/60] Bruschette al pomodoro (snack) ... USDA:4 (query: Bruschette al pomodoro)
[58/60] Taralli pugliesi ... USDA:0 (query: nessuna)
[59/60] Friselle di grano ... USDA:0 (query: nessuna)
[60/60] Kinder Delice ... USDA:0 (query: nessuna)
Scritto manual-review-candidates-extra.json
