Recupero candidati OFF per 60 alimenti (100-160)...
[1/60] Mentos originali (rotolo, per 100g) ... OFF:15 (query: Mentos originali)
[2/60] Tortilla di grano (industriale, tipo El Sabor) ... OFF:15 (query: Tortilla di grano)
[3/60] Riso in busta pronto micro (basmati, cotto) ... OFF:15 (query: Riso in busta pronto micro)
[4/60] Brodo di pollo industriale (tetrapak pronto, per 100mL) ... OFF:15 (query: Brodo di pollo industriale)
[5/60] Tè freddo al limone Nestea (per 100mL) ... OFF:15 (query: Tè freddo al limone Nestea)
[6/60] Granola industriale miele e noci (per 100g) ... OFF:15 (query: Granola industriale miele e noci)
[7/60] Muesli industriale classico (per 100g) ... OFF:15 (query: Muesli industriale classico)
[8/60] Salsa Caesar industriale (bottiglia) ... OFF:15 (query: Salsa Caesar industriale)
[9/60] Senape di Digione (Maille, per 100g) ... OFF:15 (query: Senape di Digione)
[10/60] Patatine fritte McDonald's (per 100g) ... OFF:15 (query: Patatine fritte McDonald's)
[11/60] Würstel di maiale (industriale) ... OFF:15 (query: Würstel di maiale)
[12/60] Cotechino (precotto in busta) ... OFF:3 (query: Cotechino)
[13/60] Burger vegetale Beyond Meat (per 100g) ... OFF:15 (query: Burger vegetale Beyond Meat)
[14/60] Burger vegetale Impossible Burger (per 100g) ... OFF:15 (query: Burger vegetale Impossible Burger)
[15/60] Salsiccia vegetale (tipo Heura/Linda McCartney) ... OFF:15 (query: Salsiccia vegetale)
[16/60] Nuggets di soia (plant-based) ... OFF:15 (query: Nuggets di soia)
[17/60] Latte di mandorla industriale (Alpro/Vaalia) ... OFF:15 (query: Latte di mandorla industriale)
[18/60] Latte di soia industriale (Alpro originale) ... OFF:15 (query: Latte di soia industriale)
[19/60] Latte di riso (Rice Dream, per 100mL) ... OFF:15 (query: Latte di riso)
[20/60] Yogurt di soia (Alpro, gusto neutro) ... OFF:15 (query: Yogurt di soia)
[21/60] Formaggio vegano a base cocco (tipo Violife) ... OFF:15 (query: Formaggio vegano a base cocco)
[22/60] Panna vegetale (soia/cocco, tipo Soy Whip) ... OFF:15 (query: Panna vegetale)
[23/60] Barretta proteica Quest Bar (per 100g) ... OFF:15 (query: Barretta proteica Quest Bar)
[24/60] Barretta proteica Snickers Protein (per 100g) ... OFF:15 (query: Barretta proteica Snickers Protein)
[25/60] Barretta proteica Clif Bar (per 100g) ... OFF:15 (query: Barretta proteica Clif Bar)
[26/60] Barretta energetica Cereal (per 100g) ... OFF:15 (query: Barretta energetica Cereal)
[27/60] Merendina Mulino Bianco tipo Plumcake ... OFF:15 (query: Merendina Mulino Bianco tipo Plumcake)
[28/60] Yogurt alla frutta Müller (per 100g) ... OFF:15 (query: Yogurt alla frutta Müller)
[29/60] Yogurt al caffè Müller Corner (per 100g) ... OFF:15 (query: Yogurt al caffè Müller Corner)
[30/60] Paella surgelata pronta (per 100g) ... OFF:15 (query: Paella surgelata pronta)
[31/60] Lasagne surgelate al ragù (per 100g) ... OFF:15 (query: Lasagne surgelate al ragù)
[32/60] Hot dog (würstel in pane, per 100g) ... OFF:15 (query: Hot dog)
[33/60] Caramelle gommose (per 100g) ... OFF:15 (query: Caramelle gommose)
[34/60] Barretta Snickers (per 100g) ... OFF:15 (query: Barretta Snickers)
[35/60] Barretta Mars (per 100g) ... OFF:15 (query: Barretta Mars)
[36/60] Popcorn microonde burro (per 100g) ... OFF:15 (query: Popcorn microonde burro)
[37/60] Burger vegano industriale (per 100g) ... OFF:15 (query: Burger vegano industriale)
[38/60] Merendina Kinder Pinguì (per 100g) ... OFF:15 (query: Merendina Kinder Pinguì)
[39/60] Bibita gassata tipo Cola (per 100ml) ... OFF:15 (query: Bibita gassata tipo Cola)
[40/60] Latte condensato zuccherato (per 100g) ... OFF:15 (query: Latte condensato zuccherato)
[41/60] Crema spalmabile nocciole e cioccolato Nutella (per 100g) ... OFF:15 (query: Crema spalmabile nocciole e cioccolato Nutella)
[42/60] Biscotto Oreo (per 100g) ... OFF:15 (query: Biscotto Oreo)
[43/60] Crostata industriale alla marmellata (per 100g) ... OFF:15 (query: Crostata industriale alla marmellata)
[44/60] Plasmon biscotti per bambini (per 100g) ... OFF:15 (query: Plasmon biscotti per bambini)
[45/60] Ciocorì (Kinder/Ferrero, per 100g) ... OFF:15 (query: Ciocorì Kinder Ferrero, per 100g)
[46/60] Twister Algida fragola (per 100g) ... OFF:15 (query: Twister Algida fragola)
[47/60] Häagen-Dazs Vanilla (per 100g) ... OFF:15 (query: Häagen-Dazs Vanilla)
[48/60] Sammontana Cremino (per 100g) ... OFF:15 (query: Sammontana Cremino)
[49/60] Lemonsoda (San Pellegrino, per 100mL) ... OFF:15 (query: Lemonsoda)
[50/60] San Benedetto Ice Tea pesca (per 100mL) ... OFF:15 (query: San Benedetto Ice Tea pesca)
[51/60] Succo Yoga pesca (brick 200mL, per 100mL) ... OFF:15 (query: Succo Yoga pesca)
[52/60] Ravioli di carne Giovanni Rana (per 100g) ... OFF:15 (query: Ravioli di carne Giovanni Rana)
[53/60] Buitoni pasta ripiena ricotta (per 100g) ... OFF:15 (query: Buitoni pasta ripiena ricotta)
[54/60] Findus 4 Salti in Padella pollo e verdure (per 100g) ... OFF:15 (query: Findus 4 Salti in Padella pollo e verdure)
[55/60] Findus 4 Salti in Padella carbonara (per 100g) ... OFF:15 (query: Findus 4 Salti in Padella carbonara)
[56/60] Tempeh di soia pastorizzato (per 100g) ... OFF:15 (query: Tempeh di soia pastorizzato)
[57/60] Salsa teriyaki industriale (per 100g) ... OFF:15 (query: Salsa teriyaki industriale)
[58/60] Salsa Worcestershire (per 100mL) ... OFF:15 (query: Salsa Worcestershire)
[59/60] Plasmon Omogeneizzato frutta mela-pera (per 100g) ... OFF:15 (query: Plasmon Omogeneizzato frutta mela-pera)
[60/60] Plasmon Omogeneizzato carne manzo (per 100g) ... OFF:15 (query: Plasmon Omogeneizzato carne manzo)
Scritto manual-review-candidates-upf.json
