Recupero candidati OFF per 60 alimenti (150-210)...
[1/60] Capicola/Capocollo (per 100g) ... OFF:15 (query: Capicola/Capocollo)
[2/60] Pancetta tesa affumicata (per 100g) ... OFF:15 (query: Pancetta tesa affumicata)
[3/60] Speck dell'Alto Adige IGP (per 100g) ... OFF:15 (query: Speck dell'Alto Adige IGP)
[4/60] Birra chiara tipo Peroni (5% vol, per 100mL) ... OFF:15 (query: Birra chiara tipo Peroni)
[5/60] Birra artigianale IPA (6-7% vol, per 100mL) ... OFF:15 (query: Birra artigianale IPA)
[6/60] Vino rosso secco (13% vol, per 100mL) ... OFF:15 (query: Vino rosso secco)
[7/60] Prosecco DOC (11% vol, per 100mL) ... OFF:15 (query: Prosecco DOC)
[8/60] Aperol Spritz (tipica mistura, per 100mL) ... OFF:15 (query: Aperol Spritz)
[9/60] Limoncello (28-30% vol, per 100mL) ... OFF:15 (query: Limoncello)
[10/60] Grappa (40% vol, per 100mL) ... OFF:9 (query: Grappa)
[11/60] Pane senza glutine con semini (per 100g) ... OFF:15 (query: Pane senza glutine con semini)
[12/60] Pizza base senza glutine surgelata (per 100g) ... OFF:15 (query: Pizza base senza glutine surgelata)
[13/60] Chips di lenticchie (snack, per 100g) ... OFF:15 (query: Chips di lenticchie)
[14/60] Chips di barbabietola (snack, per 100g) ... OFF:15 (query: Chips di barbabietola)
[15/60] Rice cakes con cioccolato fondente (per 100g) ... OFF:15 (query: Rice cakes con cioccolato fondente)
[16/60] McDonald's Filet-O-Fish (per 100g) ... OFF:15 (query: McDonald's Filet-O-Fish)
[17/60] KFC Pollo Fritto (per 100g) ... OFF:15 (query: KFC Pollo Fritto)
[18/60] Nestlé Cheerios miele e noci (per 100g) ... OFF:15 (query: Nestlé Cheerios miele e noci)
[19/60] Nestlé Nesquik Cereali al cacao (per 100g) ... OFF:15 (query: Nestlé Nesquik Cereali al cacao)
[20/60] Salsa Worcester (Worcestershire sauce) ... OFF:15 (query: Salsa Worcester)
[21/60] Spritz Aperol pronto in lattina (per 100ml) ... OFF:15 (query: Spritz Aperol pronto in lattina)
[22/60] Cocktail Mojito pronto (per 100ml) ... OFF:15 (query: Cocktail Mojito pronto)
[23/60] Wurstel di manzo (per 100g) ... OFF:15 (query: Wurstel di manzo)
[24/60] Kinder Pinguì (per 100g) ... OFF:15 (query: Kinder Pinguì)
[25/60] M&M's Cioccolato al latte (per 100g) ... OFF:15 (query: M&M's Cioccolato al latte)
[26/60] Stecco gelato ai frutti di bosco (per 100g) ... OFF:15 (query: Stecco gelato ai frutti di bosco)
[27/60] Brioche industriale al burro (per 100g) ... OFF:15 (query: Brioche industriale al burro)
[28/60] Kinder Fetta al latte (per 100g) ... OFF:15 (query: Kinder Fetta al latte)
[29/60] Plumcake Mulino Bianco (per 100g) ... OFF:15 (query: Plumcake Mulino Bianco)
[30/60] Frollini al burro industriali (per 100g) ... OFF:15 (query: Frollini al burro industriali)
[31/60] Birra senza alcol (per 100ml) ... OFF:15 (query: Birra senza alcol)
[32/60] Domino's Pizza Margherita (per 100g) ... OFF:15 (query: Domino's Pizza Margherita)
[33/60] Popcorn microonde al burro (per 100g) ... OFF:15 (query: Popcorn microonde al burro)
[34/60] Crocchette di pollo surgelate (per 100g) ... OFF:15 (query: Crocchette di pollo surgelate)
[35/60] Cotolette di vitello surgelate impanate (per 100g) ... OFF:15 (query: Cotolette di vitello surgelate impanate)
[36/60] Müller Corner frutti di bosco (per 100g) ... OFF:15 (query: Müller Corner frutti di bosco)
[37/60] Danone Activia mirtilli (per 100g) ... OFF:15 (query: Danone Activia mirtilli)
[38/60] Latte di riso arricchito (per 100ml) ... OFF:15 (query: Latte di riso arricchito)
[39/60] Yogurt di soia alla frutta (per 100g) ... OFF:15 (query: Yogurt di soia alla frutta)
[40/60] Panna di soia (per 100ml) ... OFF:15 (query: Panna di soia)
[41/60] Tofu affumicato (per 100g) ... OFF:15 (query: Tofu affumicato)
[42/60] McDonald's Patatine fritte medie (per 100g) ... OFF:15 (query: McDonald's Patatine fritte medie)
[43/60] KFC Pollo fritto (per 100g) ... OFF:15 (query: KFC Pollo fritto)
[44/60] Pizza Hut Margherita (per 100g) ... OFF:15 (query: Pizza Hut Margherita)
[45/60] Merendina Fiesta Ferrero (per 100g) ... OFF:15 (query: Merendina Fiesta Ferrero)
[46/60] Lay's classiche (per 100g) ... OFF:15 (query: Lay's classiche)
[47/60] Barretta proteica whey (per 100g) ... OFF:15 (query: Barretta proteica whey)
[48/60] Barretta energetica ai cereali (tipo Kellogg's) ... OFF:15 (query: Barretta energetica ai cereali)
[49/60] Shake proteico pronto (per 100ml) ... OFF:15 (query: Shake proteico pronto)
[50/60] Granola biologica con miele e frutta (per 100g) ... OFF:15 (query: Granola biologica con miele e frutta)
[51/60] Avena istantanea aromatizzata (bustina, per 100g) ... OFF:15 (query: Avena istantanea aromatizzata)
[52/60] Frullato dimagrante sostituto pasto (per 100g polvere) ... OFF:15 (query: Frullato dimagrante sostituto pasto)
[53/60] Pesto alla genovese (barattolo, per 100g) ... OFF:15 (query: Pesto alla genovese)
[54/60] Cornetto vuoto al bar (per 100g) ... OFF:15 (query: Cornetto vuoto al bar)
[55/60] Cornetto alla crema al bar (per 100g) ... OFF:15 (query: Cornetto alla crema al bar)
[56/60] Spritz Aperol (per 100ml) ... OFF:15 (query: Spritz Aperol)
[57/60] Limoncello (per 100ml) ... OFF:15 (query: Limoncello)
[58/60] Amaro Averna (per 100ml) ... OFF:15 (query: Amaro Averna)
[59/60] Burger vegetale (soia e piselli) ... OFF:15 (query: Burger vegetale)
[60/60] Salsiccia vegetale (tofu affumicato) ... OFF:15 (query: Salsiccia vegetale)
Scritto manual-review-candidates-upf.json
