Recupero candidati per 400 alimenti (832-1232)...
[1/400] Ribollita (zuppa toscana) ... CREA:0 BDA:0
[2/400] Pasta e fagioli ... CREA:7 BDA:8
[3/400] Risotto ai funghi ... CREA:0 BDA:0
[4/400] Pappa al pomodoro ... CREA:1 BDA:0
[5/400] Ragù alla bolognese ... CREA:0 BDA:0
[6/400] Besciamella ... CREA:0 BDA:0
[7/400] Sugo al pomodoro artigianale ... CREA:0 BDA:0
[8/400] Tiramisù ... CREA:0 BDA:0
[9/400] Panna cotta ... CREA:6 BDA:7
[10/400] Crostata di frutta fresca ... CREA:3 BDA:4
[11/400] Cotechino cotto ... CREA:2 BDA:2
[12/400] Trippa alla romana ... CREA:1 BDA:1
[13/400] Polenta cotta (gialla) ... CREA:1 BDA:1
[14/400] Risotto bianco (base) ... CREA:1 BDA:1
[15/400] Farina di grano tenero tipo 1 ... CREA:8 BDA:2
[16/400] Farina di grano tenero tipo 2 ... CREA:8 BDA:2
[17/400] Ricotta salata ... CREA:4 BDA:7
[18/400] Nettarina fresca (pesca noce) ... CREA:0 BDA:5
[19/400] Pomodori secchi al sole ... CREA:8 BDA:5
[20/400] Pomodori secchi sott'olio ... CREA:8 BDA:5
[21/400] Frumento tenero (grano) chicchi interi ... CREA:2 BDA:8
[22/400] Grano duro (chicchi interi) ... CREA:0 BDA:2
[23/400] Friselle (pane biscottato pugliese) ... CREA:8 BDA:1
[24/400] Succo di pompelmo fresco ... CREA:7 BDA:2
[25/400] Acciughe sotto sale ... CREA:0 BDA:3
[26/400] Latte scremato in polvere ... CREA:2 BDA:3
[27/400] Tortellini freschi all'uovo ... CREA:2 BDA:3
[28/400] Ravioli freschi di carne ... CREA:1 BDA:0
[29/400] Lasagna all'uovo secca ... CREA:0 BDA:0
[30/400] Fruttosio ... CREA:0 BDA:1
[31/400] Acqua minerale gasata ... CREA:0 BDA:2
[32/400] Succo di limone (solo succo) ... CREA:8 BDA:2
[33/400] Acciughe sotto sale dissalate ... CREA:0 BDA:3
[34/400] Ricciola ... CREA:0 BDA:0
[35/400] Rana pescatrice (coda di rospo) ... CREA:0 BDA:1
[36/400] Wurstel di suino ... CREA:2 BDA:2
[37/400] Yogurt di capra ... CREA:8 BDA:7
[38/400] Pan di Spagna ... CREA:1 BDA:1
[39/400] Portulaca ... CREA:0 BDA:0
[40/400] Scarola (indivia scarola) ... CREA:2 BDA:1
[41/400] Germogli di alfa alfa (alfalfa) ... CREA:0 BDA:0
[42/400] Lampone fresco ... CREA:0 BDA:0
[43/400] Fragoline di bosco ... CREA:0 BDA:0
[44/400] Gelso nero fresco ... CREA:0 BDA:1
[45/400] Gelso bianco fresco ... CREA:0 BDA:1
[46/400] Mirtillo rosso (lingonberry) fresco ... CREA:0 BDA:0
[47/400] Mela cotogna fresca ... CREA:4 BDA:6
[48/400] Giuggiola fresca ... CREA:0 BDA:0
[49/400] Nespola comune (medlar) fresca ... CREA:0 BDA:0
[50/400] Azzeruolo fresco ... CREA:0 BDA:0
[51/400] Lavarello (coregone) fresco ... CREA:1 BDA:1
[52/400] Alborella fresca ... CREA:0 BDA:0
[53/400] Agone fresco ... CREA:0 BDA:0
[54/400] Stoccafisso secco (non ammollato) ... CREA:1 BDA:8
[55/400] Tellina (vongola comune) fresca ... CREA:1 BDA:1
[56/400] Chiocciole (lumache di terra) crude ... CREA:0 BDA:1
[57/400] Fagiano intero eviscerato crudo ... CREA:1 BDA:1
[58/400] Pernice (starna) cruda ... CREA:0 BDA:1
[59/400] Lepre cruda ... CREA:0 BDA:1
[60/400] Daino coscia cruda ... CREA:1 BDA:1
[61/400] Dragoncello fresco (estragone) ... CREA:0 BDA:0
[62/400] Cerfoglio fresco ... CREA:0 BDA:0
[63/400] Aneto fresco ... CREA:0 BDA:0
[64/400] Maggiorana fresca ... CREA:0 BDA:1
[65/400] Origano fresco ... CREA:0 BDA:2
[66/400] Provola affumicata ... CREA:0 BDA:1
[67/400] Ricotta affumicata ... CREA:4 BDA:7
[68/400] Ricotta romana (di pecora) ... CREA:4 BDA:3
[69/400] Fiordilatte (mozzarella vaccina fresca) ... CREA:4 BDA:2
[70/400] Grongo fresco ... CREA:0 BDA:0
[71/400] Ombrina fresca ... CREA:0 BDA:1
[72/400] Pesce San Pietro fresco ... CREA:5 BDA:6
[73/400] Leccia amia fresca ... CREA:0 BDA:0
[74/400] Passera di mare fresca ... CREA:0 BDA:0
[75/400] Saragò (sargo) fresco ... CREA:0 BDA:0
[76/400] Zerro fresco ... CREA:0 BDA:0
[77/400] Aguglia fresca ... CREA:0 BDA:0
[78/400] Pagello fragolino fresco ... CREA:2 BDA:2
[79/400] Boga (boghe) fresca ... CREA:0 BDA:0
[80/400] Murena fresca ... CREA:0 BDA:0
[81/400] Gallinacci / Finferli freschi ... CREA:0 BDA:2
[82/400] Funghi Pleurotus / Orecchione freschi ... CREA:7 BDA:8
[83/400] Cardi freschi ... CREA:3 BDA:2
[84/400] Pomodoro verde acerbo ... CREA:2 BDA:6
[85/400] Radicchio di Chioggia ... CREA:5 BDA:2
[86/400] Castagna d'acqua ... CREA:0 BDA:1
[87/400] Lime / Limetta fresca ... CREA:0 BDA:2
[88/400] Guanciale ... CREA:0 BDA:0
[89/400] Fave lessate ... CREA:5 BDA:2
[90/400] Avena soffiata ... CREA:2 BDA:4
[91/400] Mais da pop corn (chicchi secchi) ... CREA:0 BDA:0
[92/400] Popcorn soffiato non condito ... CREA:0 BDA:0
[93/400] Quaglie intere eviscerate crude ... CREA:0 BDA:0
[94/400] Gallina (carne, senza pelle) ... CREA:8 BDA:8
[95/400] Lingua di manzo ... CREA:2 BDA:2
[96/400] Animelle di vitello ... CREA:2 BDA:0
[97/400] Rognone di vitello (rene) ... CREA:3 BDA:3
[98/400] Olio di vinaccioli (semi di uva) ... CREA:1 BDA:3
[99/400] Farina di grano tenero tipo 2 ... CREA:8 BDA:2
[100/400] Farina di canapa decorticata ... CREA:8 BDA:8
[101/400] Pastinaca cruda ... CREA:0 BDA:0
[102/400] Rapa (navone) cruda ... CREA:0 BDA:0
[103/400] Rapa rossa (barbabietola) cruda ... CREA:0 BDA:1
[104/400] Topinambur crudo ... CREA:1 BDA:0
[105/400] Crescione d'acqua fresco ... CREA:0 BDA:1
[106/400] Acetosella fresca (Rumex acetosa) ... CREA:0 BDA:0
[107/400] Ortiche fresche (foglie) ... CREA:2 BDA:4
[108/400] Nespola del Giappone (loquat) fresca ... CREA:0 BDA:0
[109/400] Corbezzolo (arbutus) fresco ... CREA:0 BDA:0
[110/400] Sorbo domestico fresco ... CREA:0 BDA:0
[111/400] Carambola (star fruit) fresca ... CREA:0 BDA:1
[112/400] Pecorino sardo stagionato ... CREA:3 BDA:5
[113/400] Ragusano DOP ... CREA:0 BDA:0
[114/400] Canestrato pugliese ... CREA:0 BDA:0
[115/400] Murazzano DOP (pecorino piemontese) ... CREA:3 BDA:5
[116/400] Mazzancolla (gambero imperiale) cruda ... CREA:0 BDA:1
[117/400] Granchio comune crudo ... CREA:1 BDA:2
[118/400] Canestrello (mollusco) fresco ... CREA:0 BDA:0
[119/400] Fasolaro (Callista chione) fresco ... CREA:0 BDA:0
[120/400] Cicala di mare (Scyllarus) ... CREA:0 BDA:0
[121/400] Tartufo di mare (Venerupis decussata) ... CREA:0 BDA:0
[122/400] Cannolicchio (Ensis siliqua) fresco ... CREA:0 BDA:0
[123/400] Dattero di mare (Lithophaga) fresco ... CREA:0 BDA:0
[124/400] Acqua di cocco pura (non da concentrato) ... CREA:2 BDA:8
[125/400] Vino cotto (sapa/mosto cotto) ... CREA:0 BDA:0
[126/400] Succo di bergamotto puro ... CREA:7 BDA:8
[127/400] Fave fresche (con baccello) ... CREA:2 BDA:8
[128/400] Fave secche decorticate ... CREA:3 BDA:2
[129/400] Cicerchie secche ... CREA:0 BDA:0
[130/400] Riso rosso fermentato ... CREA:8 BDA:8
[131/400] Teff crudo (cereale etiope) ... CREA:0 BDA:0
[132/400] Sorgo in chicchi crudo ... CREA:0 BDA:0
[133/400] Farro dicocco crudo ... CREA:2 BDA:3
[134/400] Semi di canapa decorticati ... CREA:1 BDA:3
[135/400] Arachidi crude non tostate ... CREA:2 BDA:7
[136/400] Mandorle crude con pelle ... CREA:3 BDA:6
[137/400] Noci brasiliane crude ... CREA:4 BDA:4
[138/400] Alga nori essiccata ... CREA:0 BDA:0
[139/400] Alga wakame essiccata ... CREA:0 BDA:0
[140/400] Alga kombu essiccata ... CREA:0 BDA:0
[141/400] Aceto di mele biologico non filtrato ... CREA:0 BDA:7
[142/400] Miso (pasta di soia fermentata) ... CREA:7 BDA:1
[143/400] Harissa (salsa piccante nordafricana) ... CREA:2 BDA:2
[144/400] Piave DOP (stagionato) ... CREA:0 BDA:2
[145/400] Pecorino toscano DOP semi-stagionato ... CREA:3 BDA:5
[146/400] Cacioricotta fresco ... CREA:1 BDA:1
[147/400] Scamorza bianca fresca ... CREA:1 BDA:2
[148/400] Valtellina Casera DOP ... CREA:1 BDA:2
[149/400] Asiago pressato DOP ... CREA:0 BDA:1
[150/400] Braciola di maiale (bistecca lombo) ... CREA:2 BDA:3
[151/400] Costine di maiale crude ... CREA:0 BDA:0
[152/400] Pollo coscia con pelle cruda ... CREA:4 BDA:8
[153/400] Maiale pancetta magra ... CREA:8 BDA:1
[154/400] Taccola (pisello mangiatutto) fresca ... CREA:0 BDA:0
[155/400] Zucca delica / Butternut cruda ... CREA:2 BDA:2
[156/400] Senape in foglie cruda (Brassica juncea) ... CREA:0 BDA:0
[157/400] Broccolo romanesco crudo ... CREA:4 BDA:2
[158/400] Porro crudo ... CREA:0 BDA:0
[159/400] Cavolo cappuccio bianco crudo ... CREA:3 BDA:2
[160/400] Mela annurca IGP fresca ... CREA:4 BDA:6
[161/400] Ribes bianco fresco ... CREA:1 BDA:2
[162/400] Cedro frutto fresco (Citrus medica) ... CREA:0 BDA:0
[163/400] Chinotto fresco (Citrus myrtifolia) ... CREA:0 BDA:0
[164/400] Mandarancio fresco ... CREA:0 BDA:0
[165/400] Pesca tabacchiera fresca ... CREA:0 BDA:5
[166/400] Chiodi di garofano in polvere ... CREA:0 BDA:1
[167/400] Basilico essiccato ... CREA:1 BDA:2
[168/400] Prezzemolo essiccato ... CREA:1 BDA:2
[169/400] Peperoncino rosso fresco ... CREA:0 BDA:0
[170/400] Aceto balsamico tradizionale DOP (invecchiato) ... CREA:0 BDA:0
[171/400] Polenta taragna cotta ... CREA:2 BDA:1
[172/400] Farro spelta (grande) cotto ... CREA:0 BDA:0
[173/400] Kamut (frumento khorasan) cotto ... CREA:8 BDA:6
[174/400] Vino rosato da tavola ... CREA:8 BDA:2
[175/400] Succo di pesca 100% (senza zuccheri aggiunti) ... CREA:8 BDA:8
[176/400] Infuso di melissa (non zuccherato) ... CREA:1 BDA:8
[177/400] Infuso di menta piperita (non zuccherato) ... CREA:1 BDA:8
[178/400] Latte di riso non zuccherato ... CREA:8 BDA:8
[179/400] Glucosio (destrosio) ... CREA:0 BDA:1
[180/400] Fiocchi di farro ... CREA:2 BDA:6
[181/400] Semola di grano duro cruda ... CREA:5 BDA:5
[182/400] Malto d'orzo in polvere ... CREA:1 BDA:3
[183/400] Latte condensato non zuccherato (evaporato) ... CREA:1 BDA:0
[184/400] Crema di latte fresca (panna 35%) ... CREA:1 BDA:7
[185/400] Farinata di ceci (piatto tipico genovese cotto) ... CREA:0 BDA:0
[186/400] Gelatina in fogli (colla di pesce) ... CREA:0 BDA:0
[187/400] Crusca di riso ... CREA:2 BDA:2
[188/400] Farina di lenticchie rosse ... CREA:8 BDA:8
[189/400] Farina di piselli secchi ... CREA:8 BDA:8
[190/400] Anice stellato (badiana) ... CREA:0 BDA:0
[191/400] Pepe di Cayenna (capsicum) ... CREA:0 BDA:0
[192/400] Pepe lungo (piper longum) ... CREA:0 BDA:0
[193/400] Curry in polvere (miscela spezie) ... CREA:0 BDA:0
[194/400] Garam masala (miscela spezie indiana) ... CREA:0 BDA:0
[195/400] Pasta di acciughe (tube) ... CREA:0 BDA:0
[196/400] Salsa Worcestershire (inglese) ... CREA:0 BDA:0
[197/400] Estratto di lievito (tipo Marmite) ... CREA:8 BDA:8
[198/400] Olio di ricino ... CREA:8 BDA:8
[199/400] Panna acida (sour cream 20%) ... CREA:0 BDA:0
[200/400] Zucchero grezzo di canna (mascobado) ... CREA:0 BDA:0
[201/400] Zucchina lessata ... CREA:0 BDA:0
[202/400] Melanzana grigliata ... CREA:0 BDA:0
[203/400] Melanzana al forno ... CREA:0 BDA:0
[204/400] Carota lessata ... CREA:0 BDA:0
[205/400] Finocchio cotto al vapore ... CREA:0 BDA:2
[206/400] Cavolfiore al vapore ... CREA:3 BDA:1
[207/400] Peperone rosso cotto ... CREA:0 BDA:0
[208/400] Pomodoro cotto (passato) ... CREA:0 BDA:0
[209/400] Funghi champignon cotti ... CREA:7 BDA:8
[210/400] Fagiolini lessati ... CREA:3 BDA:2
[211/400] Asparagi lessati ... CREA:5 BDA:4
[212/400] Piselli lessati ... CREA:5 BDA:5
[213/400] Lenticchie rosse cotte ... CREA:3 BDA:2
[214/400] Fagioli mung cotti ... CREA:8 BDA:1
[215/400] Fave secche cotte ... CREA:1 BDA:2
[216/400] Vitello al forno ... CREA:8 BDA:8
[217/400] Manzo bollito ... CREA:0 BDA:0
[218/400] Pollo alla griglia (senza pelle) ... CREA:8 BDA:8
[219/400] Pollo lesso (senza pelle) ... CREA:8 BDA:8
[220/400] Tacchino arrosto ... CREA:8 BDA:8
[221/400] Maiale arrosto (lonza) ... CREA:0 BDA:0
[222/400] Coscia di pollo al forno (senza pelle) ... CREA:8 BDA:8
[223/400] Merluzzo al vapore ... CREA:8 BDA:7
[224/400] Orata al forno ... CREA:3 BDA:3
[225/400] Tonno fresco alla griglia ... CREA:3 BDA:3
[226/400] Spigola (branzino) lessata ... CREA:0 BDA:0
[227/400] Quark (formaggio fresco magro) ... CREA:5 BDA:6
[228/400] Formaggio fresco tipo Quark intero ... CREA:5 BDA:6
[229/400] Kefir di latte intero ... CREA:0 BDA:0
[230/400] Stracciatella di bufala ... CREA:1 BDA:1
[231/400] Latticello (buttermilk) ... CREA:0 BDA:0
[232/400] Panna fresca da cucina (35% grassi) ... CREA:1 BDA:1
[233/400] Formaggio Fontina DOP ... CREA:5 BDA:6
[234/400] Pecorino Sardo DOP stagionato ... CREA:3 BDA:5
[235/400] Caciocavallo silano DOP ... CREA:1 BDA:2
[236/400] Panna cotta (senza caramello) ... CREA:8 BDA:8
[237/400] Crostata di marmellata (artigianale) ... CREA:2 BDA:0
[238/400] Torta margherita (pan di spagna base) ... CREA:1 BDA:1
[239/400] Biscotti da tè (tipo shortbread) ... CREA:6 BDA:8
[240/400] Budino di riso (con latte e zucchero) ... CREA:8 BDA:1
[241/400] Farina di grano tenero tipo 1 ... CREA:8 BDA:2
[242/400] Amaranto cotto ... CREA:0 BDA:1
[243/400] Camomilla in infuso (non zuccherata) ... CREA:2 BDA:8
[244/400] Tiglio in infuso (non zuccherato) ... CREA:1 BDA:8
[245/400] Verbena (tisana, non zuccherata) ... CREA:0 BDA:1
[246/400] Rosa canina infuso (non zuccherato) ... CREA:1 BDA:8
[247/400] Margarina vegetale (68% grassi) ... CREA:1 BDA:0
[248/400] Strutto di maiale ... CREA:1 BDA:1
[249/400] Uovo sodo (bollito 10 min) ... CREA:8 BDA:2
[250/400] Uovo in camicia (poached) ... CREA:0 BDA:0
[251/400] Frittata semplice (olio + uova) ... CREA:8 BDA:8
[252/400] Cicerchia secca (Lathyrus sativus) ... CREA:0 BDA:0
[253/400] Cicerchia cotta ... CREA:0 BDA:0
[254/400] Salvia fresca ... CREA:1 BDA:2
[255/400] Timo fresco ... CREA:0 BDA:2
[256/400] Pizzoccheri della Valtellina (cotti) ... CREA:8 BDA:8
[257/400] Vincisgrassi marchigiani (pasta al forno) ... CREA:7 BDA:4
[258/400] Abbacchio al forno (agnello da latte romano) ... CREA:7 BDA:8
[259/400] Strangolapreti trentini (spinaci e ricotta) ... CREA:4 BDA:3
[260/400] Gnocchi di patate freschi (cotti) ... CREA:8 BDA:8
[261/400] Ravioli di ricotta e spinaci (freschi, cotti) ... CREA:3 BDA:1
[262/400] Tortellini in brodo (freschi, cotti) ... CREA:3 BDA:1
[263/400] Risotto ai funghi porcini (cotto) ... CREA:8 BDA:8
[264/400] Polenta cotta (senza sale) ... CREA:1 BDA:1
[265/400] Ribollita toscana (zuppa di pane e verdure) ... CREA:0 BDA:0
[266/400] Pasta e fagioli (zuppa, cotta) ... CREA:0 BDA:0
[267/400] Pasta e ceci (zuppa, cotta) ... CREA:0 BDA:0
[268/400] Zuppa di lenticchie (cotta) ... CREA:8 BDA:8
[269/400] Minestrone misto di verdure (cotto) ... CREA:8 BDA:8
[270/400] Arancino al ragù siciliano ... CREA:0 BDA:0
[271/400] Supplì al telefono romano ... CREA:0 BDA:0
[272/400] Brodetto di pesce marchigiano (base, per 100g) ... CREA:0 BDA:0
[273/400] Cacciucco livornese (base, per 100g) ... CREA:0 BDA:0
[274/400] Trippa alla romana (cotta con pomodoro) ... CREA:8 BDA:8
[275/400] Ossobuco alla milanese (senza risotto) ... CREA:8 BDA:8
[276/400] Riso per sushi (cotto con aceto di riso) ... CREA:8 BDA:8
[277/400] Alga nori essiccata (per foglio, foglio ~2g) ... CREA:0 BDA:8
[278/400] Wasabi (pasta, da radice fresca) ... CREA:0 BDA:0
[279/400] Zenzero marinato/gari (per sushi) ... CREA:0 BDA:8
[280/400] Injera (pane etiope di tef fermentato) ... CREA:8 BDA:8
[281/400] Falafel (fritto, ceci e fave) ... CREA:0 BDA:0
[282/400] Gyoza al vapore (ravioli giapponesi) ... CREA:2 BDA:0
[283/400] Pad Thai di gamberi (noodles di riso) ... CREA:0 BDA:0
[284/400] Dhal di lenticchie rosse (indiano) ... CREA:0 BDA:0
[285/400] Zuppa miso con tofu e alga wakame ... CREA:0 BDA:0
[286/400] Bulgogi di manzo (coreano, marinato) ... CREA:0 BDA:0
[287/400] Tikka masala di pollo (piatto, con salsa) ... CREA:0 BDA:0
[288/400] Satay di pollo (spiedino, senza salsa) ... CREA:0 BDA:0
[289/400] Tacos di pollo (tortilla mais + pollo + verdure) ... CREA:0 BDA:0
[290/400] Salsa di pesce (fish sauce, Nam Pla) ... CREA:0 BDA:0
[291/400] Salsa di ostriche (oyster sauce) ... CREA:0 BDA:0
[292/400] Hoisin sauce (salsa cinese fermentata) ... CREA:2 BDA:2
[293/400] Salsa tamari (soia senza glutine) ... CREA:8 BDA:8
[294/400] Mirin (vino di riso dolce da cucina) ... CREA:8 BDA:8
[295/400] Sake da cucina ... CREA:0 BDA:0
[296/400] Pasta di curry gialla (Thai) ... CREA:0 BDA:0
[297/400] Pasta di curry rossa (Thai) ... CREA:0 BDA:0
[298/400] Harissa (pasta di peperoncino nordafricana) ... CREA:7 BDA:6
[299/400] Gochujang (pasta di peperoncino coreana) ... CREA:7 BDA:6
[300/400] Sriracha (salsa di peperoncino piccante) ... CREA:2 BDA:2
[301/400] Salsa tahini (sesamo integrale) ... CREA:1 BDA:1
[302/400] Za'atar (mix di erbe e spezie medio-orientale) ... CREA:0 BDA:0
[303/400] Dukkah (mix di noci e spezie egiziane) ... CREA:0 BDA:0
[304/400] Ras el hanout (blend spezie marocchine) ... CREA:0 BDA:0
[305/400] Maitake (Grifola frondosa) fresco ... CREA:0 BDA:0
[306/400] Enoki (Flammulina velutipes) fresco ... CREA:0 BDA:0
[307/400] Wood ear (Auricularia) secco ... CREA:0 BDA:0
[308/400] Nameko (funghi giapponesi) freschi ... CREA:7 BDA:8
[309/400] Pioppini (Cyclocybe aegerita) freschi ... CREA:0 BDA:0
[310/400] Chiodini/Famigliole (Armillaria) freschi ... CREA:0 BDA:0
[311/400] Daikon (ravanello bianco giapponese) fresco ... CREA:0 BDA:0
[312/400] Radice di loto (lotus root) fresca ... CREA:0 BDA:0
[313/400] Taro (colocasia) cotto ... CREA:0 BDA:0
[314/400] Jicama (yambean) fresca ... CREA:0 BDA:0
[315/400] Shiso/perilla (foglie fresche) ... CREA:2 BDA:4
[316/400] Cuore di palma (palmito, in salamoia) ... CREA:0 BDA:0
[317/400] Cactus (nopal) fresco ... CREA:0 BDA:0
[318/400] Bamboo shoots (germogli di bambù) in scatola ... CREA:1 BDA:1
[319/400] Curcuma fresca (radice) ... CREA:0 BDA:0
[320/400] Tamarillo (pomodoro d'albero) fresco ... CREA:2 BDA:6
[321/400] Kaki/Cachi (Diospyros kaki) maturo ... CREA:0 BDA:0
[322/400] Cherimoya (annona) polpa fresca ... CREA:0 BDA:0
[323/400] Carambola (star fruit) fresca ... CREA:0 BDA:1
[324/400] Noni (Morinda citrifolia) succo ... CREA:0 BDA:0
[325/400] Baobab polpa in polvere ... CREA:0 BDA:0
[326/400] Moringa foglie in polvere ... CREA:0 BDA:0
[327/400] Avena in chicchi interi (groats, cotti) ... CREA:0 BDA:0
[328/400] Miglio (Panicum miliaceum) cotto ... CREA:0 BDA:0
[329/400] Amaranto in chicchi (cotto) ... CREA:8 BDA:8
[330/400] Teff in chicchi (cotto) ... CREA:8 BDA:8
[331/400] Triticale in chicchi (cotto) ... CREA:8 BDA:8
[332/400] Freekeh (frumento verde, cotto) ... CREA:8 BDA:6
[333/400] Sorghum (sorgo) cotto ... CREA:0 BDA:0
[334/400] Fagiolini di lima (butter beans) cotti ... CREA:0 BDA:0
[335/400] Piselli secchi spezzati (split peas) cotti ... CREA:0 BDA:0
[336/400] Lenticchie verdi (Puy) cotte ... CREA:0 BDA:0
[337/400] Arachidi crude con buccia rossa ... CREA:2 BDA:7
[338/400] Lampuga (mahi-mahi) fresca cruda ... CREA:0 BDA:0
[339/400] Coregone (Coregonus) fresco crudo ... CREA:0 BDA:0
[340/400] Luccio (Esox lucius) fresco crudo ... CREA:0 BDA:0
[341/400] Carpa (Cyprinus carpio) fresca cruda ... CREA:0 BDA:0
[342/400] Tinca (Tinca tinca) fresca cruda ... CREA:1 BDA:1
[343/400] Salmone selvaggio (Pacific) fresco crudo ... CREA:0 BDA:0
[344/400] Sgombro affumicato (filetto) ... CREA:3 BDA:1
[345/400] Ricci di mare (gonadi, uni) ... CREA:0 BDA:0
[346/400] Squacquerone di Romagna DOP ... CREA:0 BDA:0
[347/400] Stracchino/Crescenza fresco ... CREA:0 BDA:0
[348/400] Casatella trevigiana DOP ... CREA:0 BDA:0
[349/400] Parmigiano Reggiano 30 mesi (extra maturo) ... CREA:1 BDA:2
[350/400] Burro di bufala campana ... CREA:2 BDA:2
[351/400] Ragusano DOP (formaggio pecorino siciliano) ... CREA:5 BDA:6
[352/400] Fagiano arrosto (senza pelle) ... CREA:8 BDA:8
[353/400] Piccione arrostito (colombo) ... CREA:0 BDA:0
[354/400] Cinghiale selvatico (carne magra, cruda) ... CREA:3 BDA:3
[355/400] Vitello da latte (scaloppina cruda) ... CREA:0 BDA:0
[356/400] Agnello coscio (coscia, crudo) ... CREA:3 BDA:1
[357/400] Fegato di pollo (crudo) ... CREA:8 BDA:8
[358/400] Cuore di manzo (crudo) ... CREA:8 BDA:8
[359/400] Rognone di vitello (crudo) ... CREA:8 BDA:8
[360/400] Albume d'uovo crudo (per 100g) ... CREA:0 BDA:8
[361/400] Tuorlo d'uovo crudo (per 100g) ... CREA:0 BDA:8
[362/400] Uova di quaglia (crude, per 100g) ... CREA:0 BDA:0
[363/400] Uova di anatra (crude, per 100g) ... CREA:1 BDA:0
[364/400] Omogeneizzato di pollo (tipo Plasmon/Nestlé) ... CREA:8 BDA:8
[365/400] Omogeneizzato di manzo (tipo Plasmon) ... CREA:8 BDA:8
[366/400] Omogeneizzato di frutta (mela-pera-banana) ... CREA:0 BDA:0
[367/400] Pastina stelline per bambini (cruda) ... CREA:8 BDA:6
[368/400] Crema di cereali per bambini (mais-riso, istantanea) ... CREA:0 BDA:0
[369/400] Latte di crescita 3 (follow-on formula, per 100g polvere) ... CREA:0 BDA:0
[370/400] Polvere di proteine di pisello (pea protein isolate) ... CREA:0 BDA:0
[371/400] Polvere di proteine di canapa (hemp protein) ... CREA:0 BDA:0
[372/400] Collagene idrolizzato in polvere (bovino/marino) ... CREA:0 BDA:0
[373/400] Creatina monoidrato in polvere ... CREA:0 BDA:0
[374/400] Spirulina in compresse (alghe) ... CREA:0 BDA:0
[375/400] Clorella in polvere (Chlorella vulgaris) ... CREA:0 BDA:0
[376/400] Alga wakame essiccata ... CREA:0 BDA:0
[377/400] Alga spirulina fresca (non essiccata) ... CREA:2 BDA:8
[378/400] Maca in polvere (Lepidium meyenii) ... CREA:0 BDA:0
[379/400] Ashwagandha in polvere (Withania somnifera) ... CREA:0 BDA:0
[380/400] Inulina in polvere (fibra prebiotica) ... CREA:0 BDA:0
[381/400] Beta-glucano in polvere (da avena) ... CREA:2 BDA:8
[382/400] Capperi sotto sale (dissalati, per 100g) ... CREA:0 BDA:0
[383/400] Acciughe/alici sotto sale (dissalate) ... CREA:0 BDA:0
[384/400] Mostarda di Cremona (frutta candita in senape) ... CREA:4 BDA:8
[385/400] Senape in grani (semintegrale) ... CREA:1 BDA:0
[386/400] Rafano (cren, Armoracia rusticana) fresco ... CREA:0 BDA:0
[387/400] Aceto balsamico di Modena IGP ... CREA:0 BDA:7
[388/400] Aceto di mele (apple cider vinegar) ... CREA:0 BDA:0
[389/400] Lecitina di soia granulare (emulsionante) ... CREA:0 BDA:0
[390/400] Tè verde matcha in polvere (per 100g) ... CREA:0 BDA:8
[391/400] Tè nero (infuso, per 100mL bevanda pronta) ... CREA:3 BDA:0
[392/400] Tisana di camomilla (infuso, per 100mL) ... CREA:0 BDA:0
[393/400] Acqua di cocco naturale (non confezionata) ... CREA:2 BDA:8
[394/400] Kefir di latte intero (fermentato) ... CREA:0 BDA:0
[395/400] Latte di cammella (fresco/non pastorizzato) ... CREA:0 BDA:0
[396/400] Cannolo siciliano (con ricotta) ... CREA:4 BDA:8
[397/400] Babà al rum napoletano ... CREA:2 BDA:0
[398/400] Castagnaccio (torta toscana di farina di castagne) ... CREA:1 BDA:1
[399/400] Pappa al pomodoro toscana ... CREA:1 BDA:0
[400/400] Acquacotta maremmana (con uovo) ... CREA:3 BDA:8
Scritto manual-review-candidates.json
