Recupero candidati OFF per 40 alimenti (120-160)...
[1/40] Hot dog industriale (salsiccia in panino) ... OFF:15 (query: Hot dog industriale)
[2/40] Panino da hamburger tipo Big Mac ... OFF:15 (query: Panino da hamburger tipo Big Mac)
[3/40] Patatine fritte fast food (porz. 100g) ... OFF:15 (query: Patatine fritte fast food)
[4/40] Nuggets di pollo industriali (100g) ... OFF:15 (query: Nuggets di pollo industriali)
[5/40] Arancino / supplì (fritto, 100g) ... OFF:2 (query: Arancino / supplì)
[6/40] Pizza margherita industriale surgelata ... OFF:15 (query: Pizza margherita industriale surgelata)
[7/40] Würstel di maiale e vitello ... OFF:15 (query: Würstel di maiale e vitello)
[8/40] Pancetta affumicata (bacon italiano) ... OFF:15 (query: Pancetta affumicata)
[9/40] Panna cotta industriale in vaschetta ... OFF:15 (query: Panna cotta industriale in vaschetta)
[10/40] Tiramisù industriale in vaschetta ... OFF:15 (query: Tiramisù industriale in vaschetta)
[11/40] Crostata industriale marmellata ... OFF:15 (query: Crostata industriale marmellata)
[12/40] Biscotti Digestive (McVitie's tipo) ... OFF:15 (query: Biscotti Digestive)
[13/40] Cereali al miele tipo Cheerios ... OFF:15 (query: Cereali al miele tipo Cheerios)
[14/40] Cereali al cacao tipo Chocapic ... OFF:15 (query: Cereali al cacao tipo Chocapic)
[15/40] Cereali tipo Frosties (mais zuccherato) ... OFF:15 (query: Cereali tipo Frosties)
[16/40] Riso soffiato tipo Rice Krispies ... OFF:15 (query: Riso soffiato tipo Rice Krispies)
[17/40] Musli svizzero industriale misto ... OFF:15 (query: Musli svizzero industriale misto)
[18/40] Lasagne al ragù surgelate (porz. 300g) ... OFF:15 (query: Lasagne al ragù surgelate)
[19/40] Risotto ai funghi pronto in busta ... OFF:15 (query: Risotto ai funghi pronto in busta)
[20/40] Pollo al curry pronto in vaschetta ... OFF:15 (query: Pollo al curry pronto in vaschetta)
[21/40] Pasta carbonara pronta in vaschetta ... OFF:15 (query: Pasta carbonara pronta in vaschetta)
[22/40] Zuppa di legumi pronta in tetrapak ... OFF:15 (query: Zuppa di legumi pronta in tetrapak)
[23/40] Gnocchi di patate surgelati ... OFF:15 (query: Gnocchi di patate surgelati)
[24/40] Cotoletta di pollo panata surgelata ... OFF:15 (query: Cotoletta di pollo panata surgelata)
[25/40] Crocchette di patate tipo Tater Tots ... OFF:15 (query: Crocchette di patate tipo Tater Tots)
[26/40] Pop corn al burro commerciale (busta) ... OFF:15 (query: Pop corn al burro commerciale)
[27/40] Biscotti Oreo (o tipo sandwich cacao) ... OFF:15 (query: Biscotti Oreo)
[28/40] Muffin ai mirtilli industriale ... OFF:15 (query: Muffin ai mirtilli industriale)
[29/40] Snickers / Mars tipo (barretta cioccolato) ... OFF:15 (query: Snickers / Mars tipo)
[30/40] Patatine soffiato tipo Cheetos ... OFF:15 (query: Patatine soffiato tipo Cheetos)
[31/40] Kebab in pita industriale ... OFF:15 (query: Kebab in pita industriale)
[32/40] Falafel industriale surgelato ... OFF:15 (query: Falafel industriale surgelato)
[33/40] Spring roll / Rotoli primavera surgelati ... OFF:15 (query: Spring roll / Rotoli primavera surgelati)
[34/40] Onion rings surgelati (cipolla fritta) ... OFF:15 (query: Onion rings surgelati)
[35/40] Panzerotto / calzone surgelato ... OFF:15 (query: Panzerotto / calzone surgelato)
[36/40] Succo di frutta multivitaminico zuccherato ... OFF:15 (query: Succo di frutta multivitaminico zuccherato)
[37/40] Frullato di frutta industriale (smoothie) ... OFF:15 (query: Frullato di frutta industriale)
[38/40] Tè freddo zuccherato aromatizzato (bottiglia) ... OFF:15 (query: Tè freddo zuccherato aromatizzato)
[39/40] Succo di melograno zuccherato ... OFF:15 (query: Succo di melograno zuccherato)
[40/40] Hamburger fast food classico ... OFF:15 (query: Hamburger fast food classico)
Scritto manual-review-candidates-upf.json
