Recupero candidati per 400 alimenti (300-700)...
[1/400] Aceto di mele ... CREA:0 BDA:7
[2/400] Latte di avena non zuccherato ... CREA:8 BDA:8
[3/400] Tè verde in infuso ... CREA:7 BDA:0
[4/400] Curcuma in polvere ... CREA:0 BDA:0
[5/400] Zenzero fresco ... CREA:0 BDA:0
[6/400] Cannella in polvere ... CREA:0 BDA:1
[7/400] Fiocchi di frumento integrali ... CREA:2 BDA:6
[8/400] Frumento soffiato ... CREA:8 BDA:6
[9/400] Semi di anice ... CREA:1 BDA:3
[10/400] Coriandolo in semi (polvere) ... CREA:6 BDA:8
[11/400] Fieno greco (semi) ... CREA:1 BDA:8
[12/400] Pepe bianco macinato ... CREA:8 BDA:5
[13/400] Rafano fresco (radice, cren) ... CREA:0 BDA:0
[14/400] Crusca d'avena ... CREA:2 BDA:2
[15/400] Vaniglia (baccello intero) ... CREA:1 BDA:3
[16/400] Macis (mace, spezia) ... CREA:0 BDA:0
[17/400] Pepe verde in salamoia ... CREA:8 BDA:5
[18/400] Capperi sotto sale (dissalati) ... CREA:0 BDA:0
[19/400] Semi di sesamo tostati ... CREA:1 BDA:3
[20/400] Sesamo nero (semi crudi) ... CREA:1 BDA:8
[21/400] Ciliegie fresche ... CREA:0 BDA:2
[22/400] Melograno (chicchi) ... CREA:0 BDA:0
[23/400] Mirtilli rossi (cranberry) ... CREA:0 BDA:0
[24/400] Anguria ... CREA:0 BDA:0
[25/400] More fresche ... CREA:0 BDA:0
[26/400] Arachidi tostare non salate ... CREA:2 BDA:7
[27/400] Semi di zucca crudi ... CREA:1 BDA:3
[28/400] Semi di girasole crudi ... CREA:1 BDA:1
[29/400] Semi di lino crudi ... CREA:1 BDA:3
[30/400] Semi di canapa sgusciati ... CREA:1 BDA:3
[31/400] Cavolo cappuccio crudo ... CREA:2 BDA:2
[32/400] Cavoletti di Bruxelles crudi ... CREA:0 BDA:0
[33/400] Porro crudo ... CREA:0 BDA:0
[34/400] Bietola da coste cruda ... CREA:0 BDA:1
[35/400] Topinambur crudo ... CREA:1 BDA:0
[36/400] Indivia belga ... CREA:1 BDA:1
[37/400] Cipolla rossa cruda ... CREA:0 BDA:0
[38/400] Okra (gombo) crudo ... CREA:0 BDA:0
[39/400] Pak choi crudo ... CREA:0 BDA:0
[40/400] Cavolo nero (foglie) ... CREA:2 BDA:4
[41/400] Catalogna (puntarelle) ... CREA:0 BDA:1
[42/400] Yam (igname) ... CREA:0 BDA:0
[43/400] Orata fresca ... CREA:3 BDA:3
[44/400] Baccalà sotto sale (dissalato) ... CREA:0 BDA:0
[45/400] Anguilla fresca ... CREA:5 BDA:4
[46/400] Capesante fresche ... CREA:0 BDA:0
[47/400] Tonno fresco (pinna gialla) ... CREA:0 BDA:0
[48/400] Ricci di mare (corallo) ... CREA:1 BDA:0
[49/400] Agnello coscia (magra) ... CREA:0 BDA:7
[50/400] Agnello costolette ... CREA:7 BDA:8
[51/400] Cavallo fettina ... CREA:3 BDA:5
[52/400] Cinghiale (coscia) ... CREA:7 BDA:8
[53/400] Cervo (coscia) ... CREA:7 BDA:8
[54/400] Nduja di Spilinga ... CREA:0 BDA:0
[55/400] Emmental svizzero ... CREA:0 BDA:0
[56/400] Squacquerone di Romagna DOP ... CREA:0 BDA:0
[57/400] Fiore Sardo DOP ... CREA:3 BDA:1
[58/400] Skyr naturale (islandese) ... CREA:0 BDA:0
[59/400] Yogurt greco proteico 2% ... CREA:4 BDA:1
[60/400] Panna da cucina (UHT 18%) ... CREA:1 BDA:3
[61/400] Panna montata (light 25%) ... CREA:1 BDA:2
[62/400] Teff (miglio di Etiopia) ... CREA:2 BDA:1
[63/400] Riso Venere (integrale nero) ... CREA:2 BDA:8
[64/400] Tortillas di mais ... CREA:0 BDA:0
[65/400] Piadina romagnola ... CREA:0 BDA:1
[66/400] Focaccia (classica genovese) ... CREA:0 BDA:1
[67/400] Ciabatta ... CREA:0 BDA:0
[68/400] Lupini cotti ... CREA:1 BDA:1
[69/400] Edamame (soia verde) ... CREA:8 BDA:8
[70/400] Olio di lino ... CREA:8 BDA:8
[71/400] Tahini (crema di sesamo) ... CREA:8 BDA:3
[72/400] Crostata con marmellata (torta casalinga) ... CREA:2 BDA:1
[73/400] Torta di mele (casalinga) ... CREA:0 BDA:1
[74/400] Tiramisù ... CREA:0 BDA:0
[75/400] Gelato alla crema (artigianale) ... CREA:0 BDA:0
[76/400] Budino di riso casalingo ... CREA:0 BDA:2
[77/400] Canederli (Knödel) al pane ... CREA:0 BDA:0
[78/400] Aceto di vino rosso ... CREA:0 BDA:7
[79/400] Aceto balsamico di Modena IGP ... CREA:0 BDA:7
[80/400] Salsa di soia (normale) ... CREA:1 BDA:1
[81/400] Salsa di soia tamari (GF) ... CREA:0 BDA:0
[82/400] Ketchup Heinz ... CREA:1 BDA:0
[83/400] Senape gialla ... CREA:0 BDA:0
[84/400] Miso bianco (shiro miso) ... CREA:0 BDA:0
[85/400] Pesto genovese (basilico) ... CREA:1 BDA:2
[86/400] Concentrato di pomodoro ... CREA:0 BDA:4
[87/400] Lievito alimentare in scaglie ... CREA:1 BDA:3
[88/400] Tè verde (infuso) ... CREA:7 BDA:0
[89/400] Tè nero (infuso) ... CREA:3 BDA:0
[90/400] Tisana camomilla ... CREA:0 BDA:1
[91/400] Vino bianco secco ... CREA:2 BDA:2
[92/400] Succo di arancia 100% ... CREA:7 BDA:3
[93/400] Bevanda sportiva isotonica (500mL) ... CREA:0 BDA:0
[94/400] Frullato di frutta (homemade con latte) ... CREA:0 BDA:0
[95/400] Catalogna (cicoria catalogna) ... CREA:4 BDA:1
[96/400] Topinambur (tartufo di canna) ... CREA:1 BDA:1
[97/400] Scorzonera (radice nera) ... CREA:0 BDA:1
[98/400] Ortiche (foglie tenere, cotte) ... CREA:2 BDA:4
[99/400] Asparagi selvatici ... CREA:5 BDA:4
[100/400] Borragine (foglie fresche) ... CREA:2 BDA:4
[101/400] Crescione d'acqua ... CREA:0 BDA:1
[102/400] Puntarelle (cicoria di catalogna) ... CREA:4 BDA:4
[103/400] Lampascioni (muscari bulbi) ... CREA:0 BDA:0
[104/400] Tarassaco (foglie, dente di leone) ... CREA:1 BDA:0
[105/400] Indivia belga (witloof chicory) ... CREA:1 BDA:1
[106/400] Friarielli (cime di rapa napoletane) ... CREA:0 BDA:0
[107/400] Corbezzolo (frutti freschi) ... CREA:0 BDA:0
[108/400] Giuggiole (jujube fresche) ... CREA:0 BDA:0
[109/400] Nespole del Giappone (loquat) ... CREA:0 BDA:1
[110/400] Fico d'India (ficodindia) ... CREA:0 BDA:0
[111/400] Physalis (alchechengi) ... CREA:0 BDA:0
[112/400] Acerola (ciliegia delle Barbados) ... CREA:0 BDA:0
[113/400] Arancia sanguinella ... CREA:1 BDA:6
[114/400] Uva fragola (Concord/Isabella) ... CREA:0 BDA:0
[115/400] Limetta (lime fresca) ... CREA:0 BDA:2
[116/400] Maracuja (frutto della passione) ... CREA:0 BDA:1
[117/400] Mango essiccato ... CREA:1 BDA:1
[118/400] Bergamotto (frutto, polpa) ... CREA:0 BDA:0
[119/400] Palamita (Sarda sarda) ... CREA:1 BDA:1
[120/400] Capone / Gallinella (Trigla lucerna) ... CREA:0 BDA:0
[121/400] Zerro (Spicara smaris) ... CREA:0 BDA:0
[122/400] Ombrina (Umbrina cirrosa) ... CREA:0 BDA:1
[123/400] Pagello fragolino ... CREA:2 BDA:2
[124/400] Mormora (Lithognathus mormyrus) ... CREA:1 BDA:1
[125/400] Salmerino alpino ... CREA:0 BDA:0
[126/400] Temolo (Thymallus thymallus) ... CREA:0 BDA:0
[127/400] Luccioperca (sandre, pesce persico europeo) ... CREA:0 BDA:0
[128/400] Cannolicchi (Ensis ensis) ... CREA:0 BDA:0
[129/400] Canestrelli (Aequipecten opercularis) ... CREA:0 BDA:0
[130/400] Murici (Bolinus brandaris, cotti) ... CREA:0 BDA:0
[131/400] Moscardini (Eledone cirrhosa) ... CREA:0 BDA:0
[132/400] Totanetti (calamari piccoli) ... CREA:0 BDA:0
[133/400] Cicerchie (Lathyrus sativus, secche) ... CREA:0 BDA:0
[134/400] Lenticchie nere beluga (cotte) ... CREA:8 BDA:0
[135/400] Fagioli azuki (cotti) ... CREA:8 BDA:8
[136/400] Fagioli dall'occhio (cotti) ... CREA:8 BDA:8
[137/400] Fagioli di Lamon (cotti) ... CREA:8 BDA:8
[138/400] Soia gialla (semi, cotti) ... CREA:0 BDA:0
[139/400] Lupini in salamoia (sgusciati) ... CREA:1 BDA:0
[140/400] Germogli di mung (bean sprouts) ... CREA:0 BDA:0
[141/400] Kamut / Grano Khorasan (cotto) ... CREA:8 BDA:8
[142/400] Farro Spelta (chicchi cotti) ... CREA:0 BDA:0
[143/400] Freekeh (grano verde arrostito, cotto) ... CREA:2 BDA:8
[144/400] Crusca di avena ... CREA:2 BDA:2
[145/400] Germe di grano (wheat germ) ... CREA:1 BDA:2
[146/400] Pane di Altamura DOP (semola rimacinata) ... CREA:5 BDA:5
[147/400] Pasta di lenticchie rosse (secca) ... CREA:6 BDA:8
[148/400] Pasta di ceci (secca) ... CREA:6 BDA:8
[149/400] Fontina DOP (Valle d'Aosta) ... CREA:0 BDA:0
[150/400] Asiago DOP (giovane, pressato) ... CREA:1 BDA:0
[151/400] Caciocavallo DOP (silano) ... CREA:0 BDA:0
[152/400] Pecorino romano DOP (stagionato) ... CREA:0 BDA:2
[153/400] Quartirolo lombardo ... CREA:0 BDA:0
[154/400] Stracciatella di bufala ... CREA:1 BDA:1
[155/400] Yogurt greco 0% (scremato) ... CREA:7 BDA:8
[156/400] Aneto (fresco) ... CREA:8 BDA:8
[157/400] Erba cipollina (fresca) ... CREA:8 BDA:8
[158/400] Maggiorana (secca) ... CREA:6 BDA:8
[159/400] Cumino (semi) ... CREA:1 BDA:8
[160/400] Cardamomo (semi) ... CREA:1 BDA:8
[161/400] Anice stellato (bacche intere) ... CREA:0 BDA:0
[162/400] Colatura di alici di Cetara ... CREA:0 BDA:0
[163/400] Scorza di limone grattugiata ... CREA:0 BDA:2
[164/400] Capretto (carne magra) ... CREA:1 BDA:6
[165/400] Carne di bufalo (magra) ... CREA:0 BDA:7
[166/400] Agnello costine (con osso) ... CREA:8 BDA:8
[167/400] Germano reale (anatra selvatica) ... CREA:2 BDA:2
[168/400] Guanciale (maiale, crudo) ... CREA:7 BDA:0
[169/400] Lardo di Colonnata IGP ... CREA:1 BDA:1
[170/400] Pancetta tesa (affumicata) ... CREA:2 BDA:5
[171/400] Vitello macinato ... CREA:8 BDA:8
[172/400] Tempeh (soia fermentata) ... CREA:8 BDA:1
[173/400] Natto (soia fermentata giapponese) ... CREA:8 BDA:1
[174/400] Kimchi (cavolo fermentato) ... CREA:7 BDA:3
[175/400] Miso bianco (shiro miso) ... CREA:0 BDA:0
[176/400] Tofu seta (silken tofu) ... CREA:0 BDA:0
[177/400] Seitan (glutine di frumento) ... CREA:0 BDA:0
[178/400] Alga dulse (secca) ... CREA:6 BDA:8
[179/400] Alga kombu (secca) ... CREA:6 BDA:8
[180/400] Cantucci toscani (biscotti di Prato) ... CREA:6 BDA:8
[181/400] Amaretti morbidi ... CREA:0 BDA:0
[182/400] Ricciarelli di Siena (mandorle) ... CREA:3 BDA:6
[183/400] Torta caprese (al cioccolato e mandorle) ... CREA:8 BDA:7
[184/400] Panettone artigianale ... CREA:1 BDA:1
[185/400] Pandoro artigianale ... CREA:0 BDA:1
[186/400] Strudel di mele artigianale ... CREA:0 BDA:0
[187/400] Zeppole di San Giuseppe (al forno) ... CREA:8 BDA:8
[188/400] Migliaccio napoletano ... CREA:0 BDA:0
[189/400] Gubana (dolce friulano con frutta secca) ... CREA:3 BDA:8
[190/400] Teff (granella intera) ... CREA:0 BDA:1
[191/400] Sorgo (granella) ... CREA:0 BDA:0
[192/400] Fonio (cereale africano) ... CREA:0 BDA:0
[193/400] Quinoa rossa ... CREA:2 BDA:2
[194/400] Polenta integrale (farina di mais integrale) ... CREA:1 BDA:1
[195/400] Grano saraceno integro (secco) ... CREA:3 BDA:8
[196/400] Cime di rapa crude ... CREA:0 BDA:0
[197/400] Friggitello (peperone dolce piccolo) ... CREA:0 BDA:0
[198/400] Daikon (rapanello bianco giapponese) ... CREA:0 BDA:1
[199/400] Zucca marina chioggia (cruda) ... CREA:8 BDA:6
[200/400] Cavolo nero (lacinato, crudo) ... CREA:0 BDA:0
[201/400] Broccolo romanesco (crudo) ... CREA:8 BDA:8
[202/400] Cardo (crudo) ... CREA:8 BDA:8
[203/400] Bieta rossa (coste, cruda) ... CREA:0 BDA:0
[204/400] Topinambur (crudo) ... CREA:8 BDA:8
[205/400] Rucola selvatica (cruda) ... CREA:8 BDA:6
[206/400] More di gelso fresche ... CREA:0 BDA:0
[207/400] Fichi freschi (varietà italiana) ... CREA:2 BDA:0
[208/400] Melagrana (chicchi freschi) ... CREA:0 BDA:1
[209/400] Kiwi giallo (Zespri Gold) ... CREA:0 BDA:0
[210/400] Longan (litchi cinese) fresco ... CREA:1 BDA:1
[211/400] Tamarindo (polpa) ... CREA:0 BDA:3
[212/400] Carambola (stella tropicale) ... CREA:0 BDA:0
[213/400] Aguglia (Belone belone, cruda) ... CREA:0 BDA:0
[214/400] Boghe (Boops boops, crude) ... CREA:0 BDA:0
[215/400] Costardella (pesce volante, cruda) ... CREA:5 BDA:6
[216/400] Trota iridea di allevamento (cruda) ... CREA:8 BDA:6
[217/400] Salpa (Sarpa salpa, cruda) ... CREA:1 BDA:1
[218/400] Donzella (Coris julis, cruda) ... CREA:0 BDA:0
[219/400] Bianchetti/neonata (freschi) ... CREA:8 BDA:5
[220/400] Ricci di mare (gonadi fresche) ... CREA:0 BDA:0
[221/400] Fasolari (Callista chione, freschi) ... CREA:0 BDA:0
[222/400] Cannocchie (Squilla mantis, fresche) ... CREA:0 BDA:0
[223/400] Ostriche crude (Ostrea edulis) ... CREA:0 BDA:0
[224/400] Castelmagno DOP (stagionato) ... CREA:0 BDA:2
[225/400] Bra DOP tenero ... CREA:1 BDA:3
[226/400] Ragusano DOP ... CREA:0 BDA:0
[227/400] Provolone del Monaco DOP ... CREA:1 BDA:2
[228/400] Murazzano DOP (caprino piemontese) ... CREA:1 BDA:1
[229/400] Ricotta affumicata sarda ... CREA:4 BDA:7
[230/400] Caprino fresco ... CREA:1 BDA:1
[231/400] Burrata di bufala ... CREA:0 BDA:1
[232/400] Kefir di latte intero (fermentato) ... CREA:0 BDA:0
[233/400] Cinghiale (macinato, crudo) ... CREA:0 BDA:0
[234/400] Cavallo (macinato, crudo) ... CREA:3 BDA:5
[235/400] Piccione (petto, crudo) ... CREA:3 BDA:2
[236/400] Anatra muta (petto senza pelle, crudo) ... CREA:1 BDA:8
[237/400] Quaglia intera (cruda) ... CREA:8 BDA:6
[238/400] Semi di canapa decorticati ... CREA:1 BDA:3
[239/400] Semi di lino dorati (interi) ... CREA:0 BDA:0
[240/400] Semi di papavero ... CREA:1 BDA:3
[241/400] Castagne essiccate ... CREA:5 BDA:5
[242/400] Pistacchi non salati ... CREA:2 BDA:4
[243/400] Noci macadamia ... CREA:4 BDA:4
[244/400] Semi di zucca tostati (senza sale) ... CREA:8 BDA:1
[245/400] Curry in polvere (miscela) ... CREA:0 BDA:0
[246/400] Paprika affumicata (pimenton) ... CREA:0 BDA:0
[247/400] Zafferano in polvere ... CREA:0 BDA:1
[248/400] Pasta di acciughe (in tubo) ... CREA:0 BDA:8
[249/400] Aceto balsamico di Modena IGP ... CREA:0 BDA:7
[250/400] Senape di Digione ... CREA:0 BDA:0
[251/400] Tahini (crema di sesamo) ... CREA:8 BDA:3
[252/400] Olio di sesamo (crudo) ... CREA:8 BDA:8
[253/400] Olio di avocado (spremitura a freddo) ... CREA:0 BDA:0
[254/400] Olio di lino (crudo, non riscaldato) ... CREA:5 BDA:8
[255/400] Lenticchie di Castelluccio IGP (secche) ... CREA:8 BDA:8
[256/400] Roveja (pisello selvatico, secca) ... CREA:0 BDA:0
[257/400] Cicerchia tostata ... CREA:0 BDA:0
[258/400] Fagioli azuki (secchi) ... CREA:8 BDA:8
[259/400] Pizzoccheri della Valtellina (freschi crudi) ... CREA:1 BDA:2
[260/400] Polenta taragna (con formaggi, cotta) ... CREA:0 BDA:8
[261/400] Trofie fresche (pasta ligure cruda) ... CREA:7 BDA:8
[262/400] Fregola sarda grande (cruda) ... CREA:8 BDA:6
[263/400] Piadina romagnola tradizionale (cotta) ... CREA:8 BDA:8
[264/400] Acqua di cocco naturale ... CREA:0 BDA:2
[265/400] Tè verde infuso (pronto, senza zucchero) ... CREA:0 BDA:0
[266/400] Tè nero infuso (pronto, senza zucchero) ... CREA:0 BDA:0
[267/400] Tisana di camomilla (pronta) ... CREA:0 BDA:0
[268/400] Sfogliatella riccia napoletana ... CREA:0 BDA:0
[269/400] Seadas sarde (con formaggio) ... CREA:5 BDA:8
[270/400] Tozzetti laziali (con noci) ... CREA:4 BDA:8
[271/400] Mostaccioli napoletani (con spezie) ... CREA:0 BDA:8
[272/400] Torta di riso carrarese ... CREA:1 BDA:1
[273/400] Pinza triestina (dolce festivo) ... CREA:3 BDA:8
[274/400] Finferli / Gallinacci freschi (Cantharellus cibarius) ... CREA:0 BDA:0
[275/400] Chiodini freschi (Armillaria mellea) ... CREA:0 BDA:0
[276/400] Trombette dei morti essiccate (Craterellus cornucopioides) ... CREA:0 BDA:0
[277/400] Pioppini / Agrocybe freschi (Agrocybe aegerita) ... CREA:0 BDA:0
[278/400] Morchelle fresche (Morchella esculenta) ... CREA:0 BDA:0
[279/400] Ovuli / Amanita cesarea freschi ... CREA:1 BDA:1
[280/400] Finferli essiccati (Cantharellus, secchi) ... CREA:0 BDA:0
[281/400] Salame Felino IGP (stagionato) ... CREA:0 BDA:2
[282/400] Finocchiona IGP toscana (stagionata) ... CREA:0 BDA:0
[283/400] Culatello di Zibello DOP ... CREA:0 BDA:0
[284/400] Cotechino di Modena IGP (cotto) ... CREA:8 BDA:8
[285/400] Salsiccia fresca di suino (cruda) ... CREA:8 BDA:6
[286/400] Soppressata calabrese DOP ... CREA:1 BDA:0
[287/400] Salame cacciatore DOP ... CREA:7 BDA:1
[288/400] Zampone di Modena IGP (cotto) ... CREA:8 BDA:8
[289/400] Coppa di testa (gelatina di testa suino) ... CREA:1 BDA:2
[290/400] Wurstel di suino e bovino ... CREA:2 BDA:2
[291/400] Pecorino Toscano DOP (stagionato) ... CREA:0 BDA:2
[292/400] Pecorino Sardo DOP (dolce) ... CREA:3 BDA:8
[293/400] Provolone piccante (stagionato) ... CREA:0 BDA:2
[294/400] Quartirolo Lombardo DOP ... CREA:0 BDA:0
[295/400] Squaquerone di Romagna DOP ... CREA:0 BDA:0
[296/400] Murazzano DOP (fresco di pecora) ... CREA:8 BDA:8
[297/400] Valtellina Casera DOP ... CREA:1 BDA:2
[298/400] Puzzone di Moena / Spretz Tzaorì DOP ... CREA:0 BDA:0
[299/400] Piadina romagnola (classica) ... CREA:0 BDA:0
[300/400] Tigelle modenesi (crescentine) ... CREA:0 BDA:0
[301/400] Torta al testo umbra (pane su pietra) ... CREA:8 BDA:8
[302/400] Pane di Altamura DOP (grano duro) ... CREA:2 BDA:2
[303/400] Friselle integrali (pane biscottato pugliese) ... CREA:8 BDA:8
[304/400] Sarago comune (Diplodus sargus) fresco ... CREA:0 BDA:0
[305/400] Totano (Todarodes sagittatus) fresco ... CREA:0 BDA:0
[306/400] Ricci di mare - uova (gonadi) freschi ... CREA:0 BDA:0
[307/400] Vongole veraci fresche (Tapes decussatus) ... CREA:0 BDA:0
[308/400] Arselle / Telline fresche (Donax trunculus) ... CREA:0 BDA:0
[309/400] Granseola (grancevola) fresca ... CREA:0 BDA:0
[310/400] Palamita (Sarda sarda) fresca ... CREA:1 BDA:1
[311/400] Occhiata (Oblada melanura) fresca ... CREA:0 BDA:0
[312/400] Nasello surgelato (merluzzo europeo) ... CREA:4 BDA:7
[313/400] Cicala di mare (Scyllarus arctus) fresca ... CREA:0 BDA:0
[314/400] Prosecco DOC / Spumante brut (per 100ml) ... CREA:0 BDA:8
[315/400] Champagne brut (per 100ml) ... CREA:0 BDA:8
[316/400] Sambuca (per 100ml) ... CREA:0 BDA:8
[317/400] Birra artigianale scura (stout, per 100ml) ... CREA:0 BDA:0
[318/400] Vino passito (per 100ml) ... CREA:0 BDA:8
[319/400] Polenta gialla cotta ... CREA:2 BDA:1
[320/400] Agnolotti piemontesi al ragù (freschi) ... CREA:8 BDA:5
[321/400] Bistecca fiorentina (vitellone, cruda) ... CREA:8 BDA:8
[322/400] Babà napoletano (con rum) ... CREA:8 BDA:8
[323/400] Lombata di manzo (fiorentina, cruda) ... CREA:0 BDA:0
[324/400] Spezzatino di vitello (cotto) ... CREA:8 BDA:8
[325/400] Insalata di riso (con tonno e verdure) ... CREA:3 BDA:1
[326/400] Insalata mista (lattuga, pomodoro, cetriolo) ... CREA:3 BDA:2
[327/400] Verdure grigliate miste (zucchine, peperoni, melanzane) ... CREA:8 BDA:0
[328/400] Petto di tacchino arrosto (cotto) ... CREA:8 BDA:8
[329/400] Cotoletta alla milanese (impanata, fritta) ... CREA:0 BDA:0
[330/400] Piccata di vitello al limone ... CREA:0 BDA:0
[331/400] Rollata di tacchino (cotto, affettato) ... CREA:8 BDA:3
[332/400] Polpettone di carne (manzo+maiale, cotto) ... CREA:0 BDA:0
[333/400] Arrosto di manzo (cotto al forno) ... CREA:8 BDA:8
[334/400] Arrosto di maiale (lombo, cotto) ... CREA:2 BDA:2
[335/400] Brodo di pollo (fatto in casa) ... CREA:0 BDA:0
[336/400] Zuppa di cipolle (alla francese) ... CREA:6 BDA:8
[337/400] Panino al prosciutto crudo ... CREA:2 BDA:0
[338/400] Panino con mozzarella e pomodoro (caprese) ... CREA:0 BDA:0
[339/400] Frittata con verdure (spinaci o zucchine) ... CREA:4 BDA:3
[340/400] Uova strapazzate al burro ... CREA:8 BDA:2
[341/400] Omelette alle erbe (cotta) ... CREA:8 BDA:8
[342/400] Pane tipo 0 ... CREA:2 BDA:8
[343/400] Pasta all'uovo cruda ... CREA:2 BDA:4
[344/400] Gnocchi di patate ... CREA:2 BDA:0
[345/400] Polenta cotta ... CREA:1 BDA:1
[346/400] Vitello (coscia) ... CREA:7 BDA:8
[347/400] Manzo (coscia) ... CREA:7 BDA:8
[348/400] Fegato di manzo ... CREA:8 BDA:1
[349/400] Latte di mucca intero ... CREA:8 BDA:8
[350/400] Formaggio emmenthal ... CREA:5 BDA:6
[351/400] Yogurt alla frutta ... CREA:2 BDA:8
[352/400] Fagioli borlotti cotti ... CREA:2 BDA:7
[353/400] Ceci cotti ... CREA:1 BDA:3
[354/400] Lenticchie cotte ... CREA:1 BDA:2
[355/400] Zucchero semolato ... CREA:1 BDA:6
[356/400] Croissant (cornetto) ... CREA:1 BDA:4
[357/400] Semi di girasole ... CREA:1 BDA:1
[358/400] Tonno all'olio d'oliva (sgocciolato) ... CREA:3 BDA:3
[359/400] Pesto genovese ... CREA:0 BDA:0
[360/400] Edamame (soia verde) ... CREA:8 BDA:8
[361/400] Lupini ... CREA:1 BDA:1
[362/400] Semi di zucca ... CREA:1 BDA:3
[363/400] Semi di lino ... CREA:1 BDA:3
[364/400] Semi di chia ... CREA:1 BDA:3
[365/400] Tonno al naturale in scatola ... CREA:3 BDA:3
[366/400] Sgombro in scatola ... CREA:2 BDA:3
[367/400] Salmone in scatola ... CREA:3 BDA:3
[368/400] Acciughe / Alici ... CREA:0 BDA:3
[369/400] Vongole ... CREA:0 BDA:1
[370/400] Cozze ... CREA:0 BDA:0
[371/400] Gamberetti ... CREA:0 BDA:2
[372/400] Skyr naturale ... CREA:0 BDA:0
[373/400] Formaggio Cottage ... CREA:5 BDA:6
[374/400] Cavolo riccio (Kale) ... CREA:0 BDA:0
[375/400] Cavolo cappuccio verde ... CREA:2 BDA:2
[376/400] Cavolini di Bruxelles ... CREA:0 BDA:0
[377/400] Rucola ... CREA:1 BDA:1
[378/400] Carciofo ... CREA:4 BDA:0
[379/400] Porro ... CREA:0 BDA:0
[380/400] Cetriolo ... CREA:0 BDA:0
[381/400] Peperone rosso ... CREA:0 BDA:0
[382/400] Peperone giallo ... CREA:0 BDA:0
[383/400] Radicchio ... CREA:5 BDA:2
[384/400] Farro perlato secco ... CREA:2 BDA:3
[385/400] Sorgo ... CREA:0 BDA:0
[386/400] Polenta (farina di mais) ... CREA:1 BDA:1
[387/400] Culatello ... CREA:0 BDA:0
[388/400] Salsiccia stagionata ... CREA:5 BDA:5
[389/400] Pane multicereali ... CREA:8 BDA:8
[390/400] Focaccia genovese ... CREA:0 BDA:1
[391/400] Grissini artigianali ... CREA:1 BDA:2
[392/400] Pane di casa tipo toscano ... CREA:8 BDA:5
[393/400] Panna UHT 35% ... CREA:6 BDA:7
[394/400] Yogurt proteico magro ... CREA:8 BDA:8
[395/400] Panna acida ... CREA:6 BDA:7
[396/400] Spigola da acquacoltura ... CREA:2 BDA:2
[397/400] Orata da acquacoltura ... CREA:3 BDA:3
[398/400] Cefalo ... CREA:2 BDA:2
[399/400] Tzatziki fatto in casa ... CREA:0 BDA:0
[400/400] Salsa di soia ridotto sale ... CREA:1 BDA:2
Scritto manual-review-candidates.json
