Recupero candidati USDA per 40 alimenti (0-40)...
[1/40] Hummus (ceci e tahini) ... USDA:3 (query: Hummus)
[2/40] Falafel (fritto) ... USDA:1 (query: Falafel)
[3/40] Shawarma di pollo ... USDA:0 (query: nessuna)
[4/40] Kebab di manzo ... USDA:0 (query: nessuna)
[5/40] Nigiri di salmone (sushi) ... USDA:15 (query: Nigiri di salmone)
[6/40] Maki futomaki ... USDA:0 (query: nessuna)
[7/40] Ramen (brodo e noodles) ... USDA:4 (query: Ramen)
[8/40] Pad Thai ... USDA:1 (query: Pad Thai)
[9/40] Curry di pollo ... USDA:2 (query: Curry di pollo)
[10/40] Dal (lenticchie speziate) ... USDA:0 (query: nessuna)
[11/40] Naan ... USDA:2 (query: Naan)
[12/40] Pho vietnamita (brodo e noodles) ... USDA:15 (query: Pho vietnamita brodo e noodles)
[13/40] Tacos di pollo ... USDA:15 (query: Tacos di pollo)
[14/40] Burrito di manzo ... USDA:13 (query: Burrito di manzo)
[15/40] Guacamole ... USDA:0 (query: nessuna)
[16/40] Salsa di pomodoro messicana ... USDA:8 (query: Salsa di pomodoro messicana)
[17/40] Gyoza al vapore ... USDA:1 (query: Gyoza al vapore)
[18/40] Moussaka ... USDA:0 (query: nessuna)
[19/40] Tzatziki ... USDA:0 (query: nessuna)
[20/40] Pita (pane greco) ... USDA:4 (query: Pita)
[21/40] Couscous marocchino (cotto) ... USDA:2 (query: Couscous marocchino)
[22/40] Tajine di agnello e verdure ... USDA:9 (query: Tajine di agnello e verdure)
[23/40] Kimchi ... USDA:1 (query: Kimchi)
[24/40] Bibimbap (riso e verdure con uovo) ... USDA:15 (query: Bibimbap riso e verdure con uovo)
[25/40] Bulgogi (manzo marinato) ... USDA:0 (query: nessuna)
[26/40] Tempura di verdure ... USDA:0 (query: nessuna)
[27/40] Spring roll fritti ... USDA:15 (query: Spring roll fritti)
[28/40] Tom yam soup ... USDA:15 (query: Tom yam soup)
[29/40] Miso soup ... USDA:15 (query: Miso soup)
[30/40] Injera (pane etiope) ... USDA:0 (query: nessuna)
[31/40] Nachos con salsa ... USDA:15 (query: Nachos con salsa)
[32/40] Samosa (patate e piselli) ... USDA:9 (query: Samosa patate e piselli)
[33/40] Chapati ... USDA:2 (query: Chapati)
[34/40] Gelato al cioccolato artigianale ... USDA:1 (query: Gelato al cioccolato artigianale)
[35/40] Sorbetto alla fragola ... USDA:0 (query: nessuna)
[36/40] Gelato alla crema artigianale ... USDA:0 (query: nessuna)
[37/40] Gelato stracciatella artigianale ... USDA:0 (query: nessuna)
[38/40] Gelato alla nocciola artigianale ... USDA:0 (query: nessuna)
[39/40] Gelato al pistacchio artigianale ... USDA:1 (query: Gelato al pistacchio artigianale)
[40/40] Gelato al caffè artigianale ... USDA:1 (query: Gelato al caffè artigianale)
Scritto manual-review-candidates-extra.json
