Recupero candidati OFF per 40 alimenti (17-57)...
[1/40] Ghiacciolo alla fragola (tipo Polaretti) ... OFF:15 (query: Ghiacciolo alla fragola)
[2/40] Gelato Magnum (cioccolato, stima per 100g) ... OFF:15 (query: Gelato Magnum)
[3/40] Gelato alla crema industriale ... OFF:15 (query: Gelato alla crema industriale)
[4/40] Vino rosso (12% vol.) ... OFF:15 (query: Vino rosso)
[5/40] Vino bianco secco (12% vol.) ... OFF:15 (query: Vino bianco secco)
[6/40] Birra chiara (5% vol.) ... OFF:15 (query: Birra chiara)
[7/40] Birra scura/doppio malto (7% vol.) ... OFF:15 (query: Birra scura/doppio malto)
[8/40] Prosecco / spumante (11% vol.) ... OFF:15 (query: Prosecco / spumante)
[9/40] Vodka (40% vol.) ... OFF:15 (query: Vodka)
[10/40] Whisky/Rum (40% vol.) ... OFF:15 (query: Whisky/Rum)
[11/40] Aperol Spritz (porzione 200mL) ... OFF:15 (query: Aperol Spritz)
[12/40] Cocktail Mojito (porzione 200mL) ... OFF:15 (query: Cocktail Mojito)
[13/40] Fanta / aranciata zuccherata ... OFF:15 (query: Fanta / aranciata zuccherata)
[14/40] Succo di frutta industriale (brick) ... OFF:15 (query: Succo di frutta industriale)
[15/40] Energy drink (Monster/Red Bull tipo) ... OFF:15 (query: Energy drink)
[16/40] Tè freddo industriale zuccherato ... OFF:15 (query: Tè freddo industriale zuccherato)
[17/40] Smoothie industriale (bottiglia) ... OFF:15 (query: Smoothie industriale)
[18/40] Hamburger industriale (burger surgelato) ... OFF:15 (query: Hamburger industriale)
[19/40] Pizza margherita surgelata ... OFF:15 (query: Pizza margherita surgelata)
[20/40] Lasagne industriali surgelate ... OFF:15 (query: Lasagne industriali surgelate)
[21/40] Nuggets di pollo surgelati ... OFF:15 (query: Nuggets di pollo surgelati)
[22/40] Hotdog/würstel industriale ... OFF:15 (query: Hotdog/würstel industriale)
[23/40] Salame Milano industriale ... OFF:15 (query: Salame Milano industriale)
[24/40] Crema di nocciole bianca (tipo Bianca) ... OFF:15 (query: Crema di nocciole bianca)
[25/40] Cereali al cioccolato tipo Coco Pops ... OFF:15 (query: Cereali al cioccolato tipo Coco Pops)
[26/40] Muesli industriale con frutta e zucchero ... OFF:15 (query: Muesli industriale con frutta e zucchero)
[27/40] Cereali Frosties (glassati allo zucchero) ... OFF:15 (query: Cereali Frosties)
[28/40] Pizza da asporto / pizzeria (margherita) ... OFF:15 (query: Pizza da asporto / pizzeria)
[29/40] Kebab in pita (stima per 200g porzione) ... OFF:15 (query: Kebab in pita)
[30/40] Hot dog industriale con panino ... OFF:15 (query: Hot dog industriale con panino)
[31/40] Cotoletta impanata surgelata ... OFF:15 (query: Cotoletta impanata surgelata)
[32/40] Sofficini (Findus/simili) ... OFF:6 (query: Sofficini)
[33/40] Gin tonic (porzione 200mL) ... OFF:15 (query: Gin tonic)
[34/40] Amaro digestivo (40% vol.) ... OFF:15 (query: Amaro digestivo)
[35/40] Gelato gastronomico (coppa mista 200g) ... OFF:15 (query: Gelato gastronomico)
[36/40] Cono gelato industriale (tipo Cornetto) ... OFF:15 (query: Cono gelato industriale)
[37/40] Biscotti al burro tipo shortbread ... OFF:15 (query: Biscotti al burro tipo shortbread)
[38/40] Merendina Kinder Fetta al Latte ... OFF:15 (query: Merendina Kinder Fetta al Latte)
[39/40] Succo ACE (carota-arancia-limone, brick) ... OFF:15 (query: Succo ACE)
[40/40] Bibita tonica (acqua tonica) ... OFF:15 (query: Bibita tonica)
Scritto manual-review-candidates-upf.json
