Recupero candidati OFF per 40 alimenti (40-80)...
[1/40] Mix frutta secca speziata confezionato ... OFF:15 (query: Mix frutta secca speziata confezionato)
[2/40] Risotto in busta pronto ... OFF:15 (query: Risotto in busta pronto)
[3/40] Pasta al pomodoro in vasetto pronta ... OFF:15 (query: Pasta al pomodoro in vasetto pronta)
[4/40] Ragù industriale in vasetto ... OFF:15 (query: Ragù industriale in vasetto)
[5/40] Sugo ai funghi industriale vasetto ... OFF:15 (query: Sugo ai funghi industriale vasetto)
[6/40] Pesto rosso industriale vasetto ... OFF:15 (query: Pesto rosso industriale vasetto)
[7/40] Polpette in scatola al pomodoro ... OFF:15 (query: Polpette in scatola al pomodoro)
[8/40] Zuppa di verdure in lattina ... OFF:15 (query: Zuppa di verdure in lattina)
[9/40] Pasta e fagioli pronta in barattolo ... OFF:15 (query: Pasta e fagioli pronta in barattolo)
[10/40] Carne in scatola corned beef ... OFF:15 (query: Carne in scatola corned beef)
[11/40] Birra artigianale IPA 6% ... OFF:15 (query: Birra artigianale IPA 6%)
[12/40] Grappa 40% ... OFF:15 (query: Grappa 40%)
[13/40] Limoncello 30% ... OFF:15 (query: Limoncello 30%)
[14/40] Porto vino liquoroso dolce 20% ... OFF:15 (query: Porto vino liquoroso dolce 20%)
[15/40] Birra senza glutine ... OFF:15 (query: Birra senza glutine)
[16/40] Sidro di mele secco 5% ... OFF:15 (query: Sidro di mele secco 5%)
[17/40] Nettare di pesca brick ... OFF:15 (query: Nettare di pesca brick)
[18/40] Succo di pera brick ... OFF:15 (query: Succo di pera brick)
[19/40] Latte al cioccolato industriale ... OFF:15 (query: Latte al cioccolato industriale)
[20/40] Bevanda alla soia zuccherata ... OFF:15 (query: Bevanda alla soia zuccherata)
[21/40] Latte di cocco in lattina ... OFF:15 (query: Latte di cocco in lattina)
[22/40] Yogurt proteico industriale 15g ... OFF:15 (query: Yogurt proteico industriale 15g)
[23/40] Panna cotta da pasticceria 100g ... OFF:15 (query: Panna cotta da pasticceria 100g)
[24/40] Sottilette fette di formaggio ... OFF:15 (query: Sottilette fette di formaggio)
[25/40] Barretta energetica tipo Clif ... OFF:15 (query: Barretta energetica tipo Clif)
[26/40] Barretta proteica industriale 20g prot ... OFF:15 (query: Barretta proteica industriale 20g prot)
[27/40] Granola industriale miele e frutta ... OFF:15 (query: Granola industriale miele e frutta)
[28/40] Porridge industriale confezionato ... OFF:15 (query: Porridge industriale confezionato)
[29/40] Wafer al miele confezionato ... OFF:15 (query: Wafer al miele confezionato)
[30/40] Focaccia industriale confezionata ... OFF:15 (query: Focaccia industriale confezionata)
[31/40] Toast confezionato prosciutto e formaggio ... OFF:15 (query: Toast confezionato prosciutto e formaggio)
[32/40] Wrap industriale pollo e verdure ... OFF:15 (query: Wrap industriale pollo e verdure)
[33/40] Panino hamburger industriale completo ... OFF:15 (query: Panino hamburger industriale completo)
[34/40] Focaccine tipo Tigelle industriali ... OFF:15 (query: Focaccine tipo Tigelle industriali)
[35/40] Chips di lenticchie BBQ ... OFF:15 (query: Chips di lenticchie BBQ)
[36/40] Frullato proteico industriale (330mL, 20g prot) ... OFF:15 (query: Frullato proteico industriale)
[37/40] Bevanda proteica colazione (bottiglia 250mL) ... OFF:15 (query: Bevanda proteica colazione)
[38/40] Smoothie proteico alla banana industriale ... OFF:15 (query: Smoothie proteico alla banana industriale)
[39/40] Salsa guacamole industriale in vaschetta ... OFF:15 (query: Salsa guacamole industriale in vaschetta)
[40/40] Salsa tzatziki industriale in vaschetta ... OFF:15 (query: Salsa tzatziki industriale in vaschetta)
Scritto manual-review-candidates-upf.json
