Recupero candidati USDA per 45 alimenti (0-45)...
[1/45] Shawarma di pollo ... USDA:0 (query: nessuna)
[2/45] Kebab di manzo ... USDA:0 (query: nessuna)
[3/45] Nigiri di salmone (sushi) ... USDA:15 (query: Nigiri di salmone)
[4/45] Maki futomaki ... USDA:0 (query: nessuna)
[5/45] Ramen (brodo e noodles) ... USDA:4 (query: Ramen)
[6/45] Pad Thai ... USDA:1 (query: Pad Thai)
[7/45] Curry di pollo ... USDA:2 (query: Curry di pollo)
[8/45] Dal (lenticchie speziate) ... USDA:0 (query: nessuna)
[9/45] Pho vietnamita (brodo e noodles) ... USDA:15 (query: Pho vietnamita brodo e noodles)
[10/45] Guacamole ... USDA:0 (query: nessuna)
[11/45] Salsa di pomodoro messicana ... USDA:8 (query: Salsa di pomodoro messicana)
[12/45] Gyoza al vapore ... USDA:1 (query: Gyoza al vapore)
[13/45] Moussaka ... USDA:0 (query: nessuna)
[14/45] Tzatziki ... USDA:0 (query: nessuna)
[15/45] Tajine di agnello e verdure ... USDA:9 (query: Tajine di agnello e verdure)
[16/45] Bibimbap (riso e verdure con uovo) ... USDA:15 (query: Bibimbap riso e verdure con uovo)
[17/45] Bulgogi (manzo marinato) ... USDA:0 (query: nessuna)
[18/45] Tempura di verdure ... USDA:0 (query: nessuna)
[19/45] Spring roll fritti ... USDA:15 (query: Spring roll fritti)
[20/45] Tom yam soup ... USDA:15 (query: Tom yam soup)
[21/45] Miso soup ... USDA:15 (query: Miso soup)
[22/45] Injera (pane etiope) ... USDA:0 (query: nessuna)
[23/45] Samosa (patate e piselli) ... USDA:9 (query: Samosa patate e piselli)
[24/45] Gelato al cioccolato artigianale ... USDA:1 (query: Gelato al cioccolato artigianale)
[25/45] Sorbetto alla fragola ... USDA:0 (query: nessuna)
[26/45] Gelato alla crema artigianale ... USDA:0 (query: nessuna)
[27/45] Gelato stracciatella artigianale ... USDA:0 (query: nessuna)
[28/45] Gelato alla nocciola artigianale ... USDA:0 (query: nessuna)
[29/45] Gelato al pistacchio artigianale ... USDA:1 (query: Gelato al pistacchio artigianale)
[30/45] Gelato al caffè artigianale ... USDA:1 (query: Gelato al caffè artigianale)
[31/45] Gelato al cocco artigianale ... USDA:1 (query: Gelato al cocco artigianale)
[32/45] Gelato alla menta con gocce di cioccolato ... USDA:11 (query: Gelato alla menta con gocce di cioccolato)
[33/45] Gelato vegano al cioccolato (base cocco) ... USDA:1 (query: Gelato vegano al cioccolato)
[34/45] Ghiacciolo alla fragola ... USDA:0 (query: nessuna)
[35/45] Ghiacciolo all'arancia ... USDA:0 (query: nessuna)
[36/45] Magnum Classic ... USDA:15 (query: Magnum Classic)
[37/45] Magnum Almond ... USDA:15 (query: Magnum Almond)
[38/45] Cornetto Algida ... USDA:0 (query: nessuna)
[39/45] Maxibon ... USDA:0 (query: nessuna)
[40/45] Häagen-Dazs Vanilla ... USDA:15 (query: Häagen-Dazs Vanilla)
[41/45] Yogurt gelato alla fragola ... USDA:15 (query: Yogurt gelato alla fragola)
[42/45] Mochi ice cream al cioccolato ... USDA:15 (query: Mochi ice cream al cioccolato)
[43/45] Coppa del Nonno (caffè) ... USDA:1 (query: Coppa del Nonno)
[44/45] Stecco Joya alla fragola ... USDA:0 (query: nessuna)
[45/45] Digestive McVitie's ... USDA:0 (query: nessuna)
Scritto manual-review-candidates-extra.json
